Archive member included to satisfy reference by file (symbol)

D:/ST/STM32CubeIDE_1.6.1/STM32CubeIDE/plugins/com.st.stm32cube.ide.mcu.externaltools.gnu-tools-for-stm32.12.3.rel1.win32_1.0.100.202403111256/tools/bin/../lib/gcc/arm-none-eabi/12.3.1/../../../../arm-none-eabi/lib/thumb/v7e-m+fp/hard\libstdc++_nano.a(del_ops.o)
                              ./Core/Src/NRF24L.o (operator delete(void*, unsigned int))
D:/ST/STM32CubeIDE_1.6.1/STM32CubeIDE/plugins/com.st.stm32cube.ide.mcu.externaltools.gnu-tools-for-stm32.12.3.rel1.win32_1.0.100.202403111256/tools/bin/../lib/gcc/arm-none-eabi/12.3.1/../../../../arm-none-eabi/lib/thumb/v7e-m+fp/hard\libstdc++_nano.a(del_op.o)
                              D:/ST/STM32CubeIDE_1.6.1/STM32CubeIDE/plugins/com.st.stm32cube.ide.mcu.externaltools.gnu-tools-for-stm32.12.3.rel1.win32_1.0.100.202403111256/tools/bin/../lib/gcc/arm-none-eabi/12.3.1/../../../../arm-none-eabi/lib/thumb/v7e-m+fp/hard\libstdc++_nano.a(del_ops.o) (operator delete(void*))
D:/ST/STM32CubeIDE_1.6.1/STM32CubeIDE/plugins/com.st.stm32cube.ide.mcu.externaltools.gnu-tools-for-stm32.12.3.rel1.win32_1.0.100.202403111256/tools/bin/../lib/gcc/arm-none-eabi/12.3.1/../../../../arm-none-eabi/lib/thumb/v7e-m+fp/hard\libc_nano.a(libc_a-exit.o)
                              D:/ST/STM32CubeIDE_1.6.1/STM32CubeIDE/plugins/com.st.stm32cube.ide.mcu.externaltools.gnu-tools-for-stm32.12.3.rel1.win32_1.0.100.202403111256/tools/bin/../lib/gcc/arm-none-eabi/12.3.1/../../../../arm-none-eabi/lib/thumb/v7e-m+fp/hard/crt0.o (exit)
D:/ST/STM32CubeIDE_1.6.1/STM32CubeIDE/plugins/com.st.stm32cube.ide.mcu.externaltools.gnu-tools-for-stm32.12.3.rel1.win32_1.0.100.202403111256/tools/bin/../lib/gcc/arm-none-eabi/12.3.1/../../../../arm-none-eabi/lib/thumb/v7e-m+fp/hard\libc_nano.a(libc_a-malloc.o)
                              D:/ST/STM32CubeIDE_1.6.1/STM32CubeIDE/plugins/com.st.stm32cube.ide.mcu.externaltools.gnu-tools-for-stm32.12.3.rel1.win32_1.0.100.202403111256/tools/bin/../lib/gcc/arm-none-eabi/12.3.1/../../../../arm-none-eabi/lib/thumb/v7e-m+fp/hard\libstdc++_nano.a(del_op.o) (free)
D:/ST/STM32CubeIDE_1.6.1/STM32CubeIDE/plugins/com.st.stm32cube.ide.mcu.externaltools.gnu-tools-for-stm32.12.3.rel1.win32_1.0.100.202403111256/tools/bin/../lib/gcc/arm-none-eabi/12.3.1/../../../../arm-none-eabi/lib/thumb/v7e-m+fp/hard\libc_nano.a(libc_a-mallocr.o)
                              D:/ST/STM32CubeIDE_1.6.1/STM32CubeIDE/plugins/com.st.stm32cube.ide.mcu.externaltools.gnu-tools-for-stm32.12.3.rel1.win32_1.0.100.202403111256/tools/bin/../lib/gcc/arm-none-eabi/12.3.1/../../../../arm-none-eabi/lib/thumb/v7e-m+fp/hard\libc_nano.a(libc_a-malloc.o) (_malloc_r)
D:/ST/STM32CubeIDE_1.6.1/STM32CubeIDE/plugins/com.st.stm32cube.ide.mcu.externaltools.gnu-tools-for-stm32.12.3.rel1.win32_1.0.100.202403111256/tools/bin/../lib/gcc/arm-none-eabi/12.3.1/../../../../arm-none-eabi/lib/thumb/v7e-m+fp/hard\libc_nano.a(libc_a-mlock.o)
                              D:/ST/STM32CubeIDE_1.6.1/STM32CubeIDE/plugins/com.st.stm32cube.ide.mcu.externaltools.gnu-tools-for-stm32.12.3.rel1.win32_1.0.100.202403111256/tools/bin/../lib/gcc/arm-none-eabi/12.3.1/../../../../arm-none-eabi/lib/thumb/v7e-m+fp/hard\libc_nano.a(libc_a-mallocr.o) (__malloc_lock)
D:/ST/STM32CubeIDE_1.6.1/STM32CubeIDE/plugins/com.st.stm32cube.ide.mcu.externaltools.gnu-tools-for-stm32.12.3.rel1.win32_1.0.100.202403111256/tools/bin/../lib/gcc/arm-none-eabi/12.3.1/../../../../arm-none-eabi/lib/thumb/v7e-m+fp/hard\libc_nano.a(libc_a-findfp.o)
                              D:/ST/STM32CubeIDE_1.6.1/STM32CubeIDE/plugins/com.st.stm32cube.ide.mcu.externaltools.gnu-tools-for-stm32.12.3.rel1.win32_1.0.100.202403111256/tools/bin/../lib/gcc/arm-none-eabi/12.3.1/../../../../arm-none-eabi/lib/thumb/v7e-m+fp/hard\libc_nano.a(libc_a-exit.o) (__stdio_exit_handler)
D:/ST/STM32CubeIDE_1.6.1/STM32CubeIDE/plugins/com.st.stm32cube.ide.mcu.externaltools.gnu-tools-for-stm32.12.3.rel1.win32_1.0.100.202403111256/tools/bin/../lib/gcc/arm-none-eabi/12.3.1/../../../../arm-none-eabi/lib/thumb/v7e-m+fp/hard\libc_nano.a(libc_a-fwalk.o)
                              D:/ST/STM32CubeIDE_1.6.1/STM32CubeIDE/plugins/com.st.stm32cube.ide.mcu.externaltools.gnu-tools-for-stm32.12.3.rel1.win32_1.0.100.202403111256/tools/bin/../lib/gcc/arm-none-eabi/12.3.1/../../../../arm-none-eabi/lib/thumb/v7e-m+fp/hard\libc_nano.a(libc_a-findfp.o) (_fwalk_sglue)
D:/ST/STM32CubeIDE_1.6.1/STM32CubeIDE/plugins/com.st.stm32cube.ide.mcu.externaltools.gnu-tools-for-stm32.12.3.rel1.win32_1.0.100.202403111256/tools/bin/../lib/gcc/arm-none-eabi/12.3.1/../../../../arm-none-eabi/lib/thumb/v7e-m+fp/hard\libc_nano.a(libc_a-stdio.o)
                              D:/ST/STM32CubeIDE_1.6.1/STM32CubeIDE/plugins/com.st.stm32cube.ide.mcu.externaltools.gnu-tools-for-stm32.12.3.rel1.win32_1.0.100.202403111256/tools/bin/../lib/gcc/arm-none-eabi/12.3.1/../../../../arm-none-eabi/lib/thumb/v7e-m+fp/hard\libc_nano.a(libc_a-findfp.o) (__sread)
[...]
Memory Configuration

Name             Origin             Length             Attributes
RAM              0x20000000         0x00020000         xrw
FLASH            0x08000000         0x00080000         xr
*default*        0x00000000         0xffffffff

Linker script and memory map

LOAD D:/ST/STM32CubeIDE_1.6.1/STM32CubeIDE/plugins/com.st.stm32cube.ide.mcu.externaltools.gnu-tools-for-stm32.12.3.rel1.win32_1.0.100.202403111256/tools/bin/../lib/gcc/arm-none-eabi/12.3.1/thumb/v7e-m+fp/hard/crti.o
LOAD D:/ST/STM32CubeIDE_1.6.1/STM32CubeIDE/plugins/com.st.stm32cube.ide.mcu.externaltools.gnu-tools-for-stm32.12.3.rel1.win32_1.0.100.202403111256/tools/bin/../lib/gcc/arm-none-eabi/12.3.1/thumb/v7e-m+fp/hard/crtbegin.o
LOAD D:/ST/STM32CubeIDE_1.6.1/STM32CubeIDE/plugins/com.st.stm32cube.ide.mcu.externaltools.gnu-tools-for-stm32.12.3.rel1.win32_1.0.100.202403111256/tools/bin/../lib/gcc/arm-none-eabi/12.3.1/../../../../arm-none-eabi/lib/thumb/v7e-m+fp/hard/crt0.o
LOAD ./Core/Src/EventLoop.o
LOAD ./Core/Src/NRF24L.o
LOAD ./Core/Src/Tm1638.o
LOAD ./Core/Src/gpio.o
LOAD ./Core/Src/main.o
LOAD ./Core/Src/spi.o
LOAD ./Core/Src/stm32f4xx_hal_msp.o
LOAD ./Core/Src/stm32f4xx_it.o
LOAD ./Core/Src/syscalls.o
LOAD ./Core/Src/sysmem.o
LOAD ./Core/Src/system_stm32f4xx.o
LOAD ./Core/Startup/startup_stm32f411ceux.o
LOAD ./Drivers/STM32F4xx_HAL_Driver/Src/stm32f4xx_hal.o
LOAD ./Drivers/STM32F4xx_HAL_Driver/Src/stm32f4xx_hal_cortex.o
LOAD ./Drivers/STM32F4xx_HAL_Driver/Src/stm32f4xx_hal_dma.o
LOAD ./Drivers/STM32F4xx_HAL_Driver/Src/stm32f4xx_hal_dma_ex.o
LOAD ./Drivers/STM32F4xx_HAL_Driver/Src/stm32f4xx_hal_exti.o
LOAD ./Drivers/STM32F4xx_HAL_Driver/Src/stm32f4xx_hal_flash.o
LOAD ./Drivers/STM32F4xx_HAL_Driver/Src/stm32f4xx_hal_flash_ex.o
LOAD ./Drivers/STM32F4xx_HAL_Driver/Src/stm32f4xx_hal_flash_ramfunc.o
LOAD ./Drivers/STM32F4xx_HAL_Driver/Src/stm32f4xx_hal_gpio.o
LOAD ./Drivers/STM32F4xx_HAL_Driver/Src/stm32f4xx_hal_pwr.o
LOAD ./Drivers/STM32F4xx_HAL_Driver/Src/stm32f4xx_hal_pwr_ex.o
LOAD ./Drivers/STM32F4xx_HAL_Driver/Src/stm32f4xx_hal_rcc.o
LOAD ./Drivers/STM32F4xx_HAL_Driver/Src/stm32f4xx_hal_rcc_ex.o
LOAD ./Drivers/STM32F4xx_HAL_Driver/Src/stm32f4xx_hal_spi.o
LOAD ./Drivers/STM32F4xx_HAL_Driver/Src/stm32f4xx_hal_tim.o
LOAD ./Drivers/STM32F4xx_HAL_Driver/Src/stm32f4xx_hal_tim_ex.o
START GROUP
LOAD D:/ST/STM32CubeIDE_1.6.1/STM32CubeIDE/plugins/com.st.stm32cube.ide.mcu.externaltools.gnu-tools-for-stm32.12.3.rel1.win32_1.0.100.202403111256/tools/bin/../lib/gcc/arm-none-eabi/12.3.1/../../../../arm-none-eabi/lib/thumb/v7e-m+fp/hard\libstdc++_nano.a
LOAD D:/ST/STM32CubeIDE_1.6.1/STM32CubeIDE/plugins/com.st.stm32cube.ide.mcu.externaltools.gnu-tools-for-stm32.12.3.rel1.win32_1.0.100.202403111256/tools/bin/../lib/gcc/arm-none-eabi/12.3.1/../../../../arm-none-eabi/lib/thumb/v7e-m+fp/hard\libsupc++_nano.a
END GROUP
LOAD D:/ST/STM32CubeIDE_1.6.1/STM32CubeIDE/plugins/com.st.stm32cube.ide.mcu.externaltools.gnu-tools-for-stm32.12.3.rel1.win32_1.0.100.202403111256/tools/bin/../lib/gcc/arm-none-eabi/12.3.1/../../../../arm-none-eabi/lib/thumb/v7e-m+fp/hard\libstdc++_nano.a
LOAD D:/ST/STM32CubeIDE_1.6.1/STM32CubeIDE/plugins/com.st.stm32cube.ide.mcu.externaltools.gnu-tools-for-stm32.12.3.rel1.win32_1.0.100.202403111256/tools/bin/../lib/gcc/arm-none-eabi/12.3.1/../../../../arm-none-eabi/lib/thumb/v7e-m+fp/hard\libm.a
LOAD D:/ST/STM32CubeIDE_1.6.1/STM32CubeIDE/plugins/com.st.stm32cube.ide.mcu.externaltools.gnu-tools-for-stm32.12.3.rel1.win32_1.0.100.202403111256/tools/bin/../lib/gcc/arm-none-eabi/12.3.1/../../../../arm-none-eabi/lib/thumb/v7e-m+fp/hard\libc_nano.a
START GROUP
LOAD D:/ST/STM32CubeIDE_1.6.1/STM32CubeIDE/plugins/com.st.stm32cube.ide.mcu.externaltools.gnu-tools-for-stm32.12.3.rel1.win32_1.0.100.202403111256/tools/bin/../lib/gcc/arm-none-eabi/12.3.1/thumb/v7e-m+fp/hard\libgcc.a
LOAD D:/ST/STM32CubeIDE_1.6.1/STM32CubeIDE/plugins/com.st.stm32cube.ide.mcu.externaltools.gnu-tools-for-stm32.12.3.rel1.win32_1.0.100.202403111256/tools/bin/../lib/gcc/arm-none-eabi/12.3.1/../../../../arm-none-eabi/lib/thumb/v7e-m+fp/hard\libc_nano.a
END GROUP
START GROUP
LOAD D:/ST/STM32CubeIDE_1.6.1/STM32CubeIDE/plugins/com.st.stm32cube.ide.mcu.externaltools.gnu-tools-for-stm32.12.3.rel1.win32_1.0.100.202403111256/tools/bin/../lib/gcc/arm-none-eabi/12.3.1/thumb/v7e-m+fp/hard\libgcc.a
LOAD D:/ST/STM32CubeIDE_1.6.1/STM32CubeIDE/plugins/com.st.stm32cube.ide.mcu.externaltools.gnu-tools-for-stm32.12.3.rel1.win32_1.0.100.202403111256/tools/bin/../lib/gcc/arm-none-eabi/12.3.1/../../../../arm-none-eabi/lib/thumb/v7e-m+fp/hard\libc_nano.a
LOAD D:/ST/STM32CubeIDE_1.6.1/STM32CubeIDE/plugins/com.st.stm32cube.ide.mcu.externaltools.gnu-tools-for-stm32.12.3.rel1.win32_1.0.100.202403111256/tools/bin/../lib/gcc/arm-none-eabi/12.3.1/../../../../arm-none-eabi/lib/thumb/v7e-m+fp/hard\libnosys.a
END GROUP
START GROUP
LOAD D:/ST/STM32CubeIDE_1.6.1/STM32CubeIDE/plugins/com.st.stm32cube.ide.mcu.externaltools.gnu-tools-for-stm32.12.3.rel1.win32_1.0.100.202403111256/tools/bin/../lib/gcc/arm-none-eabi/12.3.1/thumb/v7e-m+fp/hard\libgcc.a
LOAD D:/ST/STM32CubeIDE_1.6.1/STM32CubeIDE/plugins/com.st.stm32cube.ide.mcu.externaltools.gnu-tools-for-stm32.12.3.rel1.win32_1.0.100.202403111256/tools/bin/../lib/gcc/arm-none-eabi/12.3.1/../../../../arm-none-eabi/lib/thumb/v7e-m+fp/hard\libc_nano.a
LOAD D:/ST/STM32CubeIDE_1.6.1/STM32CubeIDE/plugins/com.st.stm32cube.ide.mcu.externaltools.gnu-tools-for-stm32.12.3.rel1.win32_1.0.100.202403111256/tools/bin/../lib/gcc/arm-none-eabi/12.3.1/../../../../arm-none-eabi/lib/thumb/v7e-m+fp/hard\libnosys.a
END GROUP
LOAD D:/ST/STM32CubeIDE_1.6.1/STM32CubeIDE/plugins/com.st.stm32cube.ide.mcu.externaltools.gnu-tools-for-stm32.12.3.rel1.win32_1.0.100.202403111256/tools/bin/../lib/gcc/arm-none-eabi/12.3.1/thumb/v7e-m+fp/hard/crtend.o
LOAD D:/ST/STM32CubeIDE_1.6.1/STM32CubeIDE/plugins/com.st.stm32cube.ide.mcu.externaltools.gnu-tools-for-stm32.12.3.rel1.win32_1.0.100.202403111256/tools/bin/../lib/gcc/arm-none-eabi/12.3.1/thumb/v7e-m+fp/hard/crtn.o
                0x20020000                        _estack = (ORIGIN (RAM) + LENGTH (RAM))
                0x00000200                        _Min_Heap_Size = 0x200
                0x00000400                        _Min_Stack_Size = 0x400

.isr_vector     0x08000000      0x198
                0x08000000                        . = ALIGN (0x4)
 *(.isr_vector)
 .isr_vector    0x08000000      0x198 ./Core/Startup/startup_stm32f411ceux.o
                0x08000000                g_pfnVectors
                0x08000198                        . = ALIGN (0x4)

.text           0x08000198     0x31d0
                0x08000198                        . = ALIGN (0x4)
 *(.text)
 .text          0x08000198       0x40 D:/ST/STM32CubeIDE_1.6.1/STM32CubeIDE/plugins/com.st.stm32cube.ide.mcu.externaltools.gnu-tools-for-stm32.12.3.rel1.win32_1.0.100.202403111256/tools/bin/../lib/gcc/arm-none-eabi/12.3.1/thumb/v7e-m+fp/hard/crtbegin.o
 .text          0x080001d8       0x30 D:/ST/STM32CubeIDE_1.6.1/STM32CubeIDE/plugins/com.st.stm32cube.ide.mcu.externaltools.gnu-tools-for-stm32.12.3.rel1.win32_1.0.100.202403111256/tools/bin/../lib/gcc/arm-none-eabi/12.3.1/thumb/v7e-m+fp/hard\libgcc.a(_aeabi_uldivmod.o)
                0x080001d8                __aeabi_uldivmod
 .text          0x08000208      0x2bc D:/ST/STM32CubeIDE_1.6.1/STM32CubeIDE/plugins/com.st.stm32cube.ide.mcu.externaltools.gnu-tools-for-stm32.12.3.rel1.win32_1.0.100.202403111256/tools/bin/../lib/gcc/arm-none-eabi/12.3.1/thumb/v7e-m+fp/hard\libgcc.a(_udivmoddi4.o)
                0x08000208                __udivmoddi4
 .text          0x080004c4        0x4 D:/ST/STM32CubeIDE_1.6.1/STM32CubeIDE/plugins/com.st.stm32cube.ide.mcu.externaltools.gnu-tools-for-stm32.12.3.rel1.win32_1.0.100.202403111256/tools/bin/../lib/gcc/arm-none-eabi/12.3.1/thumb/v7e-m+fp/hard\libgcc.a(_dvmd_tls.o)
                0x080004c4                __aeabi_idiv0
                0x080004c4                __aeabi_ldiv0
 *(.text*)
 .text._Z12EventLoopCppv
                0x080004c8       0xf0 ./Core/Src/EventLoop.o
                0x080004c8                EventLoopCpp()
 .text.EventLoopC
                0x080005b8        0xc ./Core/Src/EventLoop.o
                0x080005b8                EventLoopC
 .text._Z41__static_initialization_and_destruction_0ii
                0x080005c4       0x7c ./Core/Src/EventLoop.o
 .text._GLOBAL__sub_I_led_state
                0x08000640       0x10 ./Core/Src/EventLoop.o
 .text._GLOBAL__sub_D_led_state
                0x08000650       0x10 ./Core/Src/EventLoop.o
 .text._ZN6NRF24LC2EP19__SPI_HandleTypeDefP12GPIO_TypeDeftS3_t
                0x08000660       0x70 ./Core/Src/NRF24L.o
                0x08000660                NRF24L::NRF24L(__SPI_HandleTypeDef*, GPIO_TypeDef*, unsigned short, GPIO_TypeDef*, unsigned short)
                0x08000660                NRF24L::NRF24L(__SPI_HandleTypeDef*, GPIO_TypeDef*, unsigned short, GPIO_TypeDef*, unsigned short)
 .text._ZN6NRF24LD2Ev
                0x080006d0       0x20 ./Core/Src/NRF24L.o
                0x080006d0                NRF24L::~NRF24L()
                0x080006d0                NRF24L::~NRF24L()
 .text._ZN6NRF24LD0Ev
                0x080006f0       0x20 ./Core/Src/NRF24L.o
                0x080006f0                NRF24L::~NRF24L()
 .text._ZN6NRF24L10nRF24_CE_HEv
                0x08000710       0x20 ./Core/Src/NRF24L.o
                0x08000710                NRF24L::nRF24_CE_H()
 .text._ZN6NRF24L11nRF24_CSN_LEv
                0x08000730       0x20 ./Core/Src/NRF24L.o
                0x08000730                NRF24L::nRF24_CSN_L()
 .text._ZN6NRF24L11nRF24_CSN_HEv
                0x08000750       0x20 ./Core/Src/NRF24L.o
                0x08000750                NRF24L::nRF24_CSN_H()
 .text._ZN6NRF24L11nRF24_LL_RWEh
                0x08000770       0x40 ./Core/Src/NRF24L.o
                0x08000770                NRF24L::nRF24_LL_RW(unsigned char)
 .text._ZN6NRF24L7ReadRegEh
                0x080007b0       0x3e ./Core/Src/NRF24L.o
                0x080007b0                NRF24L::ReadReg(unsigned char)
 .text._ZN6NRF24L8WriteRegEhh
                0x080007ee       0x78 ./Core/Src/NRF24L.o
                0x080007ee                NRF24L::WriteReg(unsigned char, unsigned char)
 .text._ZN6NRF24L9ReadMBRegEhPhh
                0x08000866       0x5a ./Core/Src/NRF24L.o
                0x08000866                NRF24L::ReadMBReg(unsigned char, unsigned char*, unsigned char)
 .text._ZN6NRF24L10WriteMBRegEhPhh
                0x080008c0       0x58 ./Core/Src/NRF24L.o
                0x080008c0                NRF24L::WriteMBReg(unsigned char, unsigned char*, unsigned char)
 .text._ZN6NRF24L4InitEv
                0x08000918       0xc8 ./Core/Src/NRF24L.o
                0x08000918                NRF24L::Init()
 .text._ZN6NRF24L5CheckEv
                0x080009e0       0x6c ./Core/Src/NRF24L.o
                0x080009e0                NRF24L::Check()
 .text._ZN6NRF24L12SetPowerModeEh
                0x08000a4c       0x44 ./Core/Src/NRF24L.o
                0x08000a4c                NRF24L::SetPowerMode(unsigned char)
 .text._ZN6NRF24L18SetOperationalModeEh
                0x08000a90       0x42 ./Core/Src/NRF24L.o
                0x08000a90                NRF24L::SetOperationalMode(unsigned char)
 .text._ZN6NRF24L12SetCRCSchemeEh
                0x08000ad2       0x42 ./Core/Src/NRF24L.o
                0x08000ad2                NRF24L::SetCRCScheme(unsigned char)
 .text._ZN6NRF24L12SetRFChannelEh
                0x08000b14       0x20 ./Core/Src/NRF24L.o
                0x08000b14                NRF24L::SetRFChannel(unsigned char)
 .text._ZN6NRF24L12SetAddrWidthEh
                0x08000b34       0x24 ./Core/Src/NRF24L.o
                0x08000b34                NRF24L::SetAddrWidth(unsigned char)
 .text._ZN6NRF24L7SetAddrEhPKh
                0x08000b58       0xa8 ./Core/Src/NRF24L.o
                0x08000b58                NRF24L::SetAddr(unsigned char, unsigned char const*)
 .text._ZN6NRF24L11SetDataRateEh
                0x08000c00       0x3c ./Core/Src/NRF24L.o
                0x08000c00                NRF24L::SetDataRate(unsigned char)
 .text._ZN6NRF24L9SetRXPipeEhhh
                0x08000c3c       0xb4 ./Core/Src/NRF24L.o
                0x08000c3c                NRF24L::SetRXPipe(unsigned char, unsigned char, unsigned char)
 .text._ZN6NRF24L9DisableAAEh
                0x08000cf0       0x56 ./Core/Src/NRF24L.o
                0x08000cf0                NRF24L::DisableAA(unsigned char)
 .text._ZN6NRF24L16GetStatus_RXFIFOEv
                0x08000d46       0x20 ./Core/Src/NRF24L.o
                0x08000d46                NRF24L::GetStatus_RXFIFO()
 .text._ZN6NRF24L7FlushTXEv
                0x08000d66       0x1a ./Core/Src/NRF24L.o
                0x08000d66                NRF24L::FlushTX()
 .text._ZN6NRF24L7FlushRXEv
                0x08000d80       0x1a ./Core/Src/NRF24L.o
                0x08000d80                NRF24L::FlushRX()
 .text._ZN6NRF24L13ClearIRQFlagsEv
                0x08000d9a       0x30 ./Core/Src/NRF24L.o
                0x08000d9a                NRF24L::ClearIRQFlags()
 .text._ZN6NRF24L20GetRxDplPayloadWidthEv
                0x08000dca       0x32 ./Core/Src/NRF24L.o
                0x08000dca                NRF24L::GetRxDplPayloadWidth()
 .text._ZN6NRF24L18ReadPayloadGenericEPhS0_h
                0x08000dfc       0x94 ./Core/Src/NRF24L.o
                0x08000dfc                NRF24L::ReadPayloadGeneric(unsigned char*, unsigned char*, unsigned char)
 .text._ZN6NRF24L11ReadPayloadEPhS0_
                0x08000e90       0x22 ./Core/Src/NRF24L.o
                0x08000e90                NRF24L::ReadPayload(unsigned char*, unsigned char*)
 *fill*         0x08000eb2        0x2 
 .text._ZN6NRF24L6InitRXEPhh
                0x08000eb4       0x70 ./Core/Src/NRF24L.o
                0x08000eb4                NRF24L::InitRX(unsigned char*, unsigned char)
 .text._ZN6Tm1638C2EP19__SPI_HandleTypeDefP12GPIO_TypeDeftS3_t
                0x08000f24       0x84 ./Core/Src/Tm1638.o
                0x08000f24                Tm1638::Tm1638(__SPI_HandleTypeDef*, GPIO_TypeDef*, unsigned short, GPIO_TypeDef*, unsigned short)
                0x08000f24                Tm1638::Tm1638(__SPI_HandleTypeDef*, GPIO_TypeDef*, unsigned short, GPIO_TypeDef*, unsigned short)
 .text._ZN6Tm16384testEv
                0x08000fa8       0x6c ./Core/Src/Tm1638.o
                0x08000fa8                Tm1638::test()
 .text._ZN6Tm163810turnOnFullEv
                0x08001014       0x28 ./Core/Src/Tm1638.o
                0x08001014                Tm1638::turnOnFull()
 .text._ZN6Tm16385clearEv
                0x0800103c       0x74 ./Core/Src/Tm1638.o
                0x0800103c                Tm1638::clear()
 .text._ZN6Tm163811writeCharToEhc
                0x080010b0       0x78 ./Core/Src/Tm1638.o
                0x080010b0                Tm1638::writeCharTo(unsigned char, char)
 .text._ZN6Tm16388writeLedEhb
                0x08001128       0x36 ./Core/Src/Tm1638.o
                0x08001128                Tm1638::writeLed(unsigned char, bool)
 .text._ZN6Tm163810writeHexToEhhm
                0x0800115e       0x4a ./Core/Src/Tm1638.o
                0x0800115e                Tm1638::writeHexTo(unsigned char, unsigned char, unsigned long)
 .text._ZN6Tm163811readButtonsEv
                0x080011a8       0x8c ./Core/Src/Tm1638.o
                0x080011a8                Tm1638::readButtons()
 .text._ZN6Tm16387setModeEPKh
                0x08001234       0x40 ./Core/Src/Tm1638.o
                0x08001234                Tm1638::setMode(unsigned char const*)
 .text._ZN6Tm16387writeToEhh
                0x08001274       0x6c ./Core/Src/Tm1638.o
                0x08001274                Tm1638::writeTo(unsigned char, unsigned char)
 .text._ZN6Tm16385hexToEch
                0x080012e0       0x32 ./Core/Src/Tm1638.o
                0x080012e0                Tm1638::hexTo(char, unsigned char)
 *fill*         0x08001312        0x2 
 .text.MX_GPIO_Init
                0x08001314      0x140 ./Core/Src/gpio.o
                0x08001314                MX_GPIO_Init
 .text.main     0x08001454       0x20 ./Core/Src/main.o
                0x08001454                main
 .text.SystemClock_Config
                0x08001474       0xd0 ./Core/Src/main.o
                0x08001474                SystemClock_Config
 .text.Error_Handler
                0x08001544        0xc ./Core/Src/main.o
                0x08001544                Error_Handler
 .text.MX_SPI1_Init
                0x08001550       0x70 ./Core/Src/spi.o
                0x08001550                MX_SPI1_Init
 .text.MX_SPI2_Init
                0x080015c0       0x6c ./Core/Src/spi.o
                0x080015c0                MX_SPI2_Init
 .text.HAL_SPI_MspInit
                0x0800162c       0xfc ./Core/Src/spi.o
                0x0800162c                HAL_SPI_MspInit
 .text.HAL_MspInit
                0x08001728       0x50 ./Core/Src/stm32f4xx_hal_msp.o
                0x08001728                HAL_MspInit
 .text.NMI_Handler
                0x08001778        0x8 ./Core/Src/stm32f4xx_it.o
                0x08001778                NMI_Handler
 .text.HardFault_Handler
                0x08001780        0x8 ./Core/Src/stm32f4xx_it.o
                0x08001780                HardFault_Handler
 .text.MemManage_Handler
                0x08001788        0x8 ./Core/Src/stm32f4xx_it.o
                0x08001788                MemManage_Handler
 .text.BusFault_Handler
                0x08001790        0x8 ./Core/Src/stm32f4xx_it.o
                0x08001790                BusFault_Handler
 .text.UsageFault_Handler
                0x08001798        0x8 ./Core/Src/stm32f4xx_it.o
                0x08001798                UsageFault_Handler
 .text.SVC_Handler
                0x080017a0        0xe ./Core/Src/stm32f4xx_it.o
                0x080017a0                SVC_Handler
 .text.DebugMon_Handler
                0x080017ae        0xe ./Core/Src/stm32f4xx_it.o
                0x080017ae                DebugMon_Handler
 .text.PendSV_Handler
                0x080017bc        0xe ./Core/Src/stm32f4xx_it.o
                0x080017bc                PendSV_Handler
 .text.SysTick_Handler
                0x080017ca        0xc ./Core/Src/stm32f4xx_it.o
                0x080017ca                SysTick_Handler
 *fill*         0x080017d6        0x2 
 .text.SystemInit
                0x080017d8       0x24 ./Core/Src/system_stm32f4xx.o
                0x080017d8                SystemInit
 .text.Reset_Handler
                0x080017fc       0x50 ./Core/Startup/startup_stm32f411ceux.o
                0x080017fc                Reset_Handler
 .text.Default_Handler
                0x0800184c        0x2 ./Core/Startup/startup_stm32f411ceux.o
                0x0800184c                RTC_Alarm_IRQHandler
                0x0800184c                EXTI2_IRQHandler
                0x0800184c                SPI4_IRQHandler
                0x0800184c                TIM1_CC_IRQHandler
                0x0800184c                DMA2_Stream5_IRQHandler
                0x0800184c                DMA1_Stream5_IRQHandler
                0x0800184c                PVD_IRQHandler
                0x0800184c                SDIO_IRQHandler
                0x0800184c                TAMP_STAMP_IRQHandler
                0x0800184c                EXTI3_IRQHandler
                0x0800184c                TIM1_UP_TIM10_IRQHandler
                0x0800184c                I2C3_ER_IRQHandler
                0x0800184c                EXTI0_IRQHandler
                0x0800184c                I2C2_EV_IRQHandler
                0x0800184c                DMA1_Stream2_IRQHandler
                0x0800184c                FPU_IRQHandler
                0x0800184c                DMA2_Stream2_IRQHandler
                0x0800184c                SPI1_IRQHandler
                0x0800184c                TIM1_BRK_TIM9_IRQHandler
                0x0800184c                DMA2_Stream3_IRQHandler
                0x0800184c                USART6_IRQHandler
                0x0800184c                DMA2_Stream0_IRQHandler
                0x0800184c                TIM4_IRQHandler
                0x0800184c                I2C1_EV_IRQHandler
                0x0800184c                DMA1_Stream6_IRQHandler
                0x0800184c                DMA1_Stream1_IRQHandler
                0x0800184c                TIM3_IRQHandler
                0x0800184c                RCC_IRQHandler
                0x0800184c                Default_Handler
                0x0800184c                EXTI15_10_IRQHandler
                0x0800184c                ADC_IRQHandler
                0x0800184c                DMA1_Stream7_IRQHandler
                0x0800184c                SPI5_IRQHandler
                0x0800184c                TIM5_IRQHandler
                0x0800184c                DMA2_Stream7_IRQHandler
                0x0800184c                I2C3_EV_IRQHandler
                0x0800184c                EXTI9_5_IRQHandler
                0x0800184c                RTC_WKUP_IRQHandler
                0x0800184c                SPI2_IRQHandler
                0x0800184c                DMA1_Stream0_IRQHandler
                0x0800184c                EXTI4_IRQHandler
                0x0800184c                WWDG_IRQHandler
                0x0800184c                TIM2_IRQHandler
                0x0800184c                OTG_FS_WKUP_IRQHandler
                0x0800184c                TIM1_TRG_COM_TIM11_IRQHandler
                0x0800184c                EXTI1_IRQHandler
                0x0800184c                USART2_IRQHandler
                0x0800184c                I2C2_ER_IRQHandler
                0x0800184c                DMA2_Stream1_IRQHandler
                0x0800184c                FLASH_IRQHandler
                0x0800184c                DMA2_Stream4_IRQHandler
                0x0800184c                USART1_IRQHandler
                0x0800184c                OTG_FS_IRQHandler
                0x0800184c                SPI3_IRQHandler
                0x0800184c                DMA1_Stream4_IRQHandler
                0x0800184c                I2C1_ER_IRQHandler
                0x0800184c                DMA2_Stream6_IRQHandler
                0x0800184c                DMA1_Stream3_IRQHandler
 *fill*         0x0800184e        0x2 
 .text.HAL_Init
                0x08001850       0x44 ./Drivers/STM32F4xx_HAL_Driver/Src/stm32f4xx_hal.o
                0x08001850                HAL_Init
 .text.HAL_InitTick
                0x08001894       0x60 ./Drivers/STM32F4xx_HAL_Driver/Src/stm32f4xx_hal.o
                0x08001894                HAL_InitTick
 .text.HAL_IncTick
                0x080018f4       0x28 ./Drivers/STM32F4xx_HAL_Driver/Src/stm32f4xx_hal.o
                0x080018f4                HAL_IncTick
 .text.HAL_GetTick
                0x0800191c       0x18 ./Drivers/STM32F4xx_HAL_Driver/Src/stm32f4xx_hal.o
                0x0800191c                HAL_GetTick
 .text.__NVIC_SetPriorityGrouping
                0x08001934       0x48 ./Drivers/STM32F4xx_HAL_Driver/Src/stm32f4xx_hal_cortex.o
 .text.__NVIC_GetPriorityGrouping
                0x0800197c       0x1c ./Drivers/STM32F4xx_HAL_Driver/Src/stm32f4xx_hal_cortex.o
 .text.__NVIC_SetPriority
                0x08001998       0x54 ./Drivers/STM32F4xx_HAL_Driver/Src/stm32f4xx_hal_cortex.o
 .text.NVIC_EncodePriority
                0x080019ec       0x66 ./Drivers/STM32F4xx_HAL_Driver/Src/stm32f4xx_hal_cortex.o
 *fill*         0x08001a52        0x2 
 .text.SysTick_Config
                0x08001a54       0x44 ./Drivers/STM32F4xx_HAL_Driver/Src/stm32f4xx_hal_cortex.o
 .text.HAL_NVIC_SetPriorityGrouping
                0x08001a98       0x16 ./Drivers/STM32F4xx_HAL_Driver/Src/stm32f4xx_hal_cortex.o
                0x08001a98                HAL_NVIC_SetPriorityGrouping
 .text.HAL_NVIC_SetPriority
                0x08001aae       0x38 ./Drivers/STM32F4xx_HAL_Driver/Src/stm32f4xx_hal_cortex.o
                0x08001aae                HAL_NVIC_SetPriority
 .text.HAL_SYSTICK_Config
                0x08001ae6       0x18 ./Drivers/STM32F4xx_HAL_Driver/Src/stm32f4xx_hal_cortex.o
                0x08001ae6                HAL_SYSTICK_Config
 *fill*         0x08001afe        0x2 
 .text.HAL_GPIO_Init
                0x08001b00      0x308 ./Drivers/STM32F4xx_HAL_Driver/Src/stm32f4xx_hal_gpio.o
                0x08001b00                HAL_GPIO_Init
 .text.HAL_GPIO_WritePin
                0x08001e08       0x32 ./Drivers/STM32F4xx_HAL_Driver/Src/stm32f4xx_hal_gpio.o
                0x08001e08                HAL_GPIO_WritePin
 *fill*         0x08001e3a        0x2 
 .text.HAL_RCC_OscConfig
                0x08001e3c      0x4f0 ./Drivers/STM32F4xx_HAL_Driver/Src/stm32f4xx_hal_rcc.o
                0x08001e3c                HAL_RCC_OscConfig
 .text.HAL_RCC_ClockConfig
                0x0800232c      0x1cc ./Drivers/STM32F4xx_HAL_Driver/Src/stm32f4xx_hal_rcc.o
                0x0800232c                HAL_RCC_ClockConfig
 .text.HAL_RCC_GetSysClockFreq
                0x080024f8      0x18c ./Drivers/STM32F4xx_HAL_Driver/Src/stm32f4xx_hal_rcc.o
                0x080024f8                HAL_RCC_GetSysClockFreq
 .text.HAL_SPI_Init
                0x08002684      0x112 ./Drivers/STM32F4xx_HAL_Driver/Src/stm32f4xx_hal_spi.o
                0x08002684                HAL_SPI_Init
 .text.HAL_SPI_Transmit
                0x08002796      0x286 ./Drivers/STM32F4xx_HAL_Driver/Src/stm32f4xx_hal_spi.o
                0x08002796                HAL_SPI_Transmit
 .text.HAL_SPI_Receive
                0x08002a1c      0x230 ./Drivers/STM32F4xx_HAL_Driver/Src/stm32f4xx_hal_spi.o
                0x08002a1c                HAL_SPI_Receive
 .text.HAL_SPI_TransmitReceive
                0x08002c4c      0x360 ./Drivers/STM32F4xx_HAL_Driver/Src/stm32f4xx_hal_spi.o
                0x08002c4c                HAL_SPI_TransmitReceive
 .text.SPI_WaitFlagStateUntilTimeout
                0x08002fac      0x110 ./Drivers/STM32F4xx_HAL_Driver/Src/stm32f4xx_hal_spi.o
 .text.SPI_EndRxTransaction
                0x080030bc       0xca ./Drivers/STM32F4xx_HAL_Driver/Src/stm32f4xx_hal_spi.o
 *fill*         0x08003186        0x2 
 .text.SPI_EndRxTxTransaction
                0x08003188       0xa8 ./Drivers/STM32F4xx_HAL_Driver/Src/stm32f4xx_hal_spi.o
 .text._ZdlPvj  0x08003230        0x4 D:/ST/STM32CubeIDE_1.6.1/STM32CubeIDE/plugins/com.st.stm32cube.ide.mcu.externaltools.gnu-tools-for-stm32.12.3.rel1.win32_1.0.100.202403111256/tools/bin/../lib/gcc/arm-none-eabi/12.3.1/../../../../arm-none-eabi/lib/thumb/v7e-m+fp/hard\libstdc++_nano.a(del_ops.o)
                0x08003230                operator delete(void*, unsigned int)
 .text._ZdlPv   0x08003234        0x4 D:/ST/STM32CubeIDE_1.6.1/STM32CubeIDE/plugins/com.st.stm32cube.ide.mcu.externaltools.gnu-tools-for-stm32.12.3.rel1.win32_1.0.100.202403111256/tools/bin/../lib/gcc/arm-none-eabi/12.3.1/../../../../arm-none-eabi/lib/thumb/v7e-m+fp/hard\libstdc++_nano.a(del_op.o)
                0x08003234                operator delete(void*)
 .text.free     0x08003238       0x10 D:/ST/STM32CubeIDE_1.6.1/STM32CubeIDE/plugins/com.st.stm32cube.ide.mcu.externaltools.gnu-tools-for-stm32.12.3.rel1.win32_1.0.100.202403111256/tools/bin/../lib/gcc/arm-none-eabi/12.3.1/../../../../arm-none-eabi/lib/thumb/v7e-m+fp/hard\libc_nano.a(libc_a-malloc.o)
                0x08003238                free
 .text.__malloc_lock
                0x08003248        0xc D:/ST/STM32CubeIDE_1.6.1/STM32CubeIDE/plugins/com.st.stm32cube.ide.mcu.externaltools.gnu-tools-for-stm32.12.3.rel1.win32_1.0.100.202403111256/tools/bin/../lib/gcc/arm-none-eabi/12.3.1/../../../../arm-none-eabi/lib/thumb/v7e-m+fp/hard\libc_nano.a(libc_a-mlock.o)
                0x08003248                __malloc_lock
 .text.__malloc_unlock
                0x08003254        0xc D:/ST/STM32CubeIDE_1.6.1/STM32CubeIDE/plugins/com.st.stm32cube.ide.mcu.externaltools.gnu-tools-for-stm32.12.3.rel1.win32_1.0.100.202403111256/tools/bin/../lib/gcc/arm-none-eabi/12.3.1/../../../../arm-none-eabi/lib/thumb/v7e-m+fp/hard\libc_nano.a(libc_a-mlock.o)
                0x08003254                __malloc_unlock
 .text.memset   0x08003260       0x10 D:/ST/STM32CubeIDE_1.6.1/STM32CubeIDE/plugins/com.st.stm32cube.ide.mcu.externaltools.gnu-tools-for-stm32.12.3.rel1.win32_1.0.100.202403111256/tools/bin/../lib/gcc/arm-none-eabi/12.3.1/../../../../arm-none-eabi/lib/thumb/v7e-m+fp/hard\libc_nano.a(libc_a-memset.o)
                0x08003260                memset
 .text.__libc_init_array
                0x08003270       0x48 D:/ST/STM32CubeIDE_1.6.1/STM32CubeIDE/plugins/com.st.stm32cube.ide.mcu.externaltools.gnu-tools-for-stm32.12.3.rel1.win32_1.0.100.202403111256/tools/bin/../lib/gcc/arm-none-eabi/12.3.1/../../../../arm-none-eabi/lib/thumb/v7e-m+fp/hard\libc_nano.a(libc_a-init.o)
                0x08003270                __libc_init_array
 .text.__retarget_lock_acquire_recursive
                0x080032b8        0x2 D:/ST/STM32CubeIDE_1.6.1/STM32CubeIDE/plugins/com.st.stm32cube.ide.mcu.externaltools.gnu-tools-for-stm32.12.3.rel1.win32_1.0.100.202403111256/tools/bin/../lib/gcc/arm-none-eabi/12.3.1/../../../../arm-none-eabi/lib/thumb/v7e-m+fp/hard\libc_nano.a(libc_a-lock.o)
                0x080032b8                __retarget_lock_acquire_recursive
 .text.__retarget_lock_release_recursive
                0x080032ba        0x2 D:/ST/STM32CubeIDE_1.6.1/STM32CubeIDE/plugins/com.st.stm32cube.ide.mcu.externaltools.gnu-tools-for-stm32.12.3.rel1.win32_1.0.100.202403111256/tools/bin/../lib/gcc/arm-none-eabi/12.3.1/../../../../arm-none-eabi/lib/thumb/v7e-m+fp/hard\libc_nano.a(libc_a-lock.o)
                0x080032ba                __retarget_lock_release_recursive
 .text._free_r  0x080032bc       0x94 D:/ST/STM32CubeIDE_1.6.1/STM32CubeIDE/plugins/com.st.stm32cube.ide.mcu.externaltools.gnu-tools-for-stm32.12.3.rel1.win32_1.0.100.202403111256/tools/bin/../lib/gcc/arm-none-eabi/12.3.1/../../../../arm-none-eabi/lib/thumb/v7e-m+fp/hard\libc_nano.a(libc_a-freer.o)
                0x080032bc                _free_r
 *(.glue_7)
 .glue_7        0x08003350        0x0 linker stubs
 *(.glue_7t)
 .glue_7t       0x08003350        0x0 linker stubs
 *(.eh_frame)
 .eh_frame      0x08003350        0x0 D:/ST/STM32CubeIDE_1.6.1/STM32CubeIDE/plugins/com.st.stm32cube.ide.mcu.externaltools.gnu-tools-for-stm32.12.3.rel1.win32_1.0.100.202403111256/tools/bin/../lib/gcc/arm-none-eabi/12.3.1/thumb/v7e-m+fp/hard/crtbegin.o
 *(.init)
 .init          0x08003350        0x4 D:/ST/STM32CubeIDE_1.6.1/STM32CubeIDE/plugins/com.st.stm32cube.ide.mcu.externaltools.gnu-tools-for-stm32.12.3.rel1.win32_1.0.100.202403111256/tools/bin/../lib/gcc/arm-none-eabi/12.3.1/thumb/v7e-m+fp/hard/crti.o
                0x08003350                _init
 .init          0x08003354        0x8 D:/ST/STM32CubeIDE_1.6.1/STM32CubeIDE/plugins/com.st.stm32cube.ide.mcu.externaltools.gnu-tools-for-stm32.12.3.rel1.win32_1.0.100.202403111256/tools/bin/../lib/gcc/arm-none-eabi/12.3.1/thumb/v7e-m+fp/hard/crtn.o
 *(.fini)
 .fini          0x0800335c        0x4 D:/ST/STM32CubeIDE_1.6.1/STM32CubeIDE/plugins/com.st.stm32cube.ide.mcu.externaltools.gnu-tools-for-stm32.12.3.rel1.win32_1.0.100.202403111256/tools/bin/../lib/gcc/arm-none-eabi/12.3.1/thumb/v7e-m+fp/hard/crti.o
                0x0800335c                _fini
 .fini          0x08003360        0x8 D:/ST/STM32CubeIDE_1.6.1/STM32CubeIDE/plugins/com.st.stm32cube.ide.mcu.externaltools.gnu-tools-for-stm32.12.3.rel1.win32_1.0.100.202403111256/tools/bin/../lib/gcc/arm-none-eabi/12.3.1/thumb/v7e-m+fp/hard/crtn.o
                0x08003368                        . = ALIGN (0x4)
                0x08003368                        _etext = .

.vfp11_veneer   0x08003368        0x0
 .vfp11_veneer  0x08003368        0x0 linker stubs

.v4_bx          0x08003368        0x0
 .v4_bx         0x08003368        0x0 linker stubs

.iplt           0x08003368        0x0
 .iplt          0x08003368        0x0 D:/ST/STM32CubeIDE_1.6.1/STM32CubeIDE/plugins/com.st.stm32cube.ide.mcu.externaltools.gnu-tools-for-stm32.12.3.rel1.win32_1.0.100.202403111256/tools/bin/../lib/gcc/arm-none-eabi/12.3.1/thumb/v7e-m+fp/hard/crtbegin.o

.rodata         0x08003368       0x64
                0x08003368                        . = ALIGN (0x4)
 *(.rodata)
 .rodata        0x08003368       0x16 ./Core/Src/NRF24L.o
 *fill*         0x0800337e        0x2 
 .rodata        0x08003380       0x25 ./Core/Src/Tm1638.o
 *(.rodata*)
 *fill*         0x080033a5        0x3 
 .rodata._ZZN6NRF24L6InitRXEPhhE10nRF24_ADDR
                0x080033a8        0x3 ./Core/Src/NRF24L.o
 *fill*         0x080033ab        0x1 
 .rodata._ZTV6NRF24L
                0x080033ac       0x10 ./Core/Src/NRF24L.o
                0x080033ac                vtable for NRF24L
 .rodata.AHBPrescTable
                0x080033bc       0x10 ./Core/Src/system_stm32f4xx.o
                0x080033bc                AHBPrescTable
                0x080033cc                        . = ALIGN (0x4)

.ARM.extab      0x080033cc        0x0
                0x080033cc                        . = ALIGN (0x4)
 *(.ARM.extab* .gnu.linkonce.armextab.*)
                0x080033cc                        . = ALIGN (0x4)

.ARM            0x080033cc        0x8
                0x080033cc                        . = ALIGN (0x4)
                0x080033cc                        __exidx_start = .
 *(.ARM.exidx*)
 .ARM.exidx     0x080033cc        0x8 D:/ST/STM32CubeIDE_1.6.1/STM32CubeIDE/plugins/com.st.stm32cube.ide.mcu.externaltools.gnu-tools-for-stm32.12.3.rel1.win32_1.0.100.202403111256/tools/bin/../lib/gcc/arm-none-eabi/12.3.1/thumb/v7e-m+fp/hard\libgcc.a(_udivmoddi4.o)
                0x080033d4                        __exidx_end = .
                0x080033d4                        . = ALIGN (0x4)

.preinit_array  0x080033d4        0x0
                0x080033d4                        . = ALIGN (0x4)
                0x080033d4                        PROVIDE (__preinit_array_start = .)
 *(.preinit_array*)
                0x080033d4                        PROVIDE (__preinit_array_end = .)
                0x080033d4                        . = ALIGN (0x4)

.init_array     0x080033d4        0x8
                0x080033d4                        . = ALIGN (0x4)
                0x080033d4                        PROVIDE (__init_array_start = .)
 *(SORT_BY_NAME(.init_array.*))
 *(.init_array*)
 .init_array    0x080033d4        0x4 D:/ST/STM32CubeIDE_1.6.1/STM32CubeIDE/plugins/com.st.stm32cube.ide.mcu.externaltools.gnu-tools-for-stm32.12.3.rel1.win32_1.0.100.202403111256/tools/bin/../lib/gcc/arm-none-eabi/12.3.1/thumb/v7e-m+fp/hard/crtbegin.o
 .init_array    0x080033d8        0x4 ./Core/Src/EventLoop.o
                0x080033dc                        PROVIDE (__init_array_end = .)
                0x080033dc                        . = ALIGN (0x4)

.fini_array     0x080033dc        0x8
                0x080033dc                        . = ALIGN (0x4)
                [!provide]                        PROVIDE (__fini_array_start = .)
 *(SORT_BY_NAME(.fini_array.*))
 *(.fini_array*)
 .fini_array    0x080033dc        0x4 D:/ST/STM32CubeIDE_1.6.1/STM32CubeIDE/plugins/com.st.stm32cube.ide.mcu.externaltools.gnu-tools-for-stm32.12.3.rel1.win32_1.0.100.202403111256/tools/bin/../lib/gcc/arm-none-eabi/12.3.1/thumb/v7e-m+fp/hard/crtbegin.o
 .fini_array    0x080033e0        0x4 ./Core/Src/EventLoop.o
                [!provide]                        PROVIDE (__fini_array_end = .)
                0x080033e4                        . = ALIGN (0x4)
                0x080033e4                        _sidata = LOADADDR (.data)

.rel.dyn        0x080033e4        0x0
 .rel.iplt      0x080033e4        0x0 D:/ST/STM32CubeIDE_1.6.1/STM32CubeIDE/plugins/com.st.stm32cube.ide.mcu.externaltools.gnu-tools-for-stm32.12.3.rel1.win32_1.0.100.202403111256/tools/bin/../lib/gcc/arm-none-eabi/12.3.1/thumb/v7e-m+fp/hard/crtbegin.o

.data           0x20000000       0x60 load address 0x080033e4
                0x20000000                        . = ALIGN (0x4)
                0x20000000                        _sdata = .
 *(.data)
 *(.data*)
 .data.led_state
                0x20000000        0x1 ./Core/Src/EventLoop.o
                0x20000000                led_state
 *fill*         0x20000001        0x3 
 .data.SystemCoreClock
                0x20000004        0x4 ./Core/Src/system_stm32f4xx.o
                0x20000004                SystemCoreClock
 .data.uwTickPrio
                0x20000008        0x4 ./Drivers/STM32F4xx_HAL_Driver/Src/stm32f4xx_hal.o
                0x20000008                uwTickPrio
 .data.uwTickFreq
                0x2000000c        0x1 ./Drivers/STM32F4xx_HAL_Driver/Src/stm32f4xx_hal.o
                0x2000000c                uwTickFreq
 *fill*         0x2000000d        0x3 
 .data._impure_ptr
                0x20000010        0x4 D:/ST/STM32CubeIDE_1.6.1/STM32CubeIDE/plugins/com.st.stm32cube.ide.mcu.externaltools.gnu-tools-for-stm32.12.3.rel1.win32_1.0.100.202403111256/tools/bin/../lib/gcc/arm-none-eabi/12.3.1/../../../../arm-none-eabi/lib/thumb/v7e-m+fp/hard\libc_nano.a(libc_a-impure.o)
                0x20000010                _impure_ptr
 .data._impure_data
                0x20000014       0x4c D:/ST/STM32CubeIDE_1.6.1/STM32CubeIDE/plugins/com.st.stm32cube.ide.mcu.externaltools.gnu-tools-for-stm32.12.3.rel1.win32_1.0.100.202403111256/tools/bin/../lib/gcc/arm-none-eabi/12.3.1/../../../../arm-none-eabi/lib/thumb/v7e-m+fp/hard\libc_nano.a(libc_a-impure.o)
                0x20000014                _impure_data
 *(.RamFunc)
 *(.RamFunc*)
                0x20000060                        . = ALIGN (0x4)
                0x20000060                        _edata = .

.igot.plt       0x20000060        0x0 load address 0x08003444
 .igot.plt      0x20000060        0x0 D:/ST/STM32CubeIDE_1.6.1/STM32CubeIDE/plugins/com.st.stm32cube.ide.mcu.externaltools.gnu-tools-for-stm32.12.3.rel1.win32_1.0.100.202403111256/tools/bin/../lib/gcc/arm-none-eabi/12.3.1/thumb/v7e-m+fp/hard/crtbegin.o
                0x20000060                        . = ALIGN (0x4)

.bss            0x20000060      0x288 load address 0x08003444
                0x20000060                        _sbss = .
                0x20000060                        __bss_start__ = _sbss
 *(.bss)
 .bss           0x20000060       0x1c D:/ST/STM32CubeIDE_1.6.1/STM32CubeIDE/plugins/com.st.stm32cube.ide.mcu.externaltools.gnu-tools-for-stm32.12.3.rel1.win32_1.0.100.202403111256/tools/bin/../lib/gcc/arm-none-eabi/12.3.1/thumb/v7e-m+fp/hard/crtbegin.o
 *(.bss*)
 .bss.tmDevice  0x2000007c       0x3c ./Core/Src/EventLoop.o
                0x2000007c                tmDevice
 .bss.nrfDevice
                0x200000b8       0x24 ./Core/Src/EventLoop.o
                0x200000b8                nrfDevice
 .bss.spi_buf   0x200000dc       0x11 ./Core/Src/Tm1638.o
                0x200000dc                spi_buf
 *fill*         0x200000ed        0x3 
 .bss.button_buf
                0x200000f0        0x4 ./Core/Src/Tm1638.o
                0x200000f0                button_buf
 .bss.hspi1     0x200000f4       0x58 ./Core/Src/spi.o
                0x200000f4                hspi1
 .bss.hspi2     0x2000014c       0x58 ./Core/Src/spi.o
                0x2000014c                hspi2
 .bss.uwTick    0x200001a4        0x4 ./Drivers/STM32F4xx_HAL_Driver/Src/stm32f4xx_hal.o
                0x200001a4                uwTick
 .bss.__malloc_free_list
                0x200001a8        0x4 D:/ST/STM32CubeIDE_1.6.1/STM32CubeIDE/plugins/com.st.stm32cube.ide.mcu.externaltools.gnu-tools-for-stm32.12.3.rel1.win32_1.0.100.202403111256/tools/bin/../lib/gcc/arm-none-eabi/12.3.1/../../../../arm-none-eabi/lib/thumb/v7e-m+fp/hard\libc_nano.a(libc_a-mallocr.o)
                0x200001a8                __malloc_free_list
 .bss.__sf      0x200001ac      0x138 D:/ST/STM32CubeIDE_1.6.1/STM32CubeIDE/plugins/com.st.stm32cube.ide.mcu.externaltools.gnu-tools-for-stm32.12.3.rel1.win32_1.0.100.202403111256/tools/bin/../lib/gcc/arm-none-eabi/12.3.1/../../../../arm-none-eabi/lib/thumb/v7e-m+fp/hard\libc_nano.a(libc_a-findfp.o)
                0x200001ac                __sf
 .bss.__lock___malloc_recursive_mutex
                0x200002e4        0x1 D:/ST/STM32CubeIDE_1.6.1/STM32CubeIDE/plugins/com.st.stm32cube.ide.mcu.externaltools.gnu-tools-for-stm32.12.3.rel1.win32_1.0.100.202403111256/tools/bin/../lib/gcc/arm-none-eabi/12.3.1/../../../../arm-none-eabi/lib/thumb/v7e-m+fp/hard\libc_nano.a(libc_a-lock.o)
                0x200002e4                __lock___malloc_recursive_mutex
 *(COMMON)
                0x200002e8                        . = ALIGN (0x4)
 *fill*         0x200002e5        0x3 
                0x200002e8                        _ebss = .
                0x200002e8                        __bss_end__ = _ebss

._user_heap_stack
                0x200002e8      0x600 load address 0x08003444
                0x200002e8                        . = ALIGN (0x8)
                [!provide]                        PROVIDE (end = .)
                0x200002e8                        PROVIDE (_end = .)
                0x200004e8                        . = (. + _Min_Heap_Size)
 *fill*         0x200002e8      0x200 
                0x200008e8                        . = (. + _Min_Stack_Size)
 *fill*         0x200004e8      0x400 
                0x200008e8                        . = ALIGN (0x8)

/DISCARD/
 libc.a(*)
 libm.a(*)
 libgcc.a(*)

.ARM.attributes
                0x00000000       0x30
 *(.ARM.attributes)
 .ARM.attributes
                0x00000000       0x22 D:/ST/STM32CubeIDE_1.6.1/STM32CubeIDE/plugins/com.st.stm32cube.ide.mcu.externaltools.gnu-tools-for-stm32.12.3.rel1.win32_1.0.100.202403111256/tools/bin/../lib/gcc/arm-none-eabi/12.3.1/thumb/v7e-m+fp/hard/crti.o
 .ARM.attributes
                0x00000022       0x34 D:/ST/STM32CubeIDE_1.6.1/STM32CubeIDE/plugins/com.st.stm32cube.ide.mcu.externaltools.gnu-tools-for-stm32.12.3.rel1.win32_1.0.100.202403111256/tools/bin/../lib/gcc/arm-none-eabi/12.3.1/thumb/v7e-m+fp/hard/crtbegin.o
 .ARM.attributes
                0x00000056       0x34 ./Core/Src/EventLoop.o
 .ARM.attributes
                0x0000008a       0x34 ./Core/Src/NRF24L.o
 .ARM.attributes
                0x000000be       0x34 ./Core/Src/Tm1638.o
 .ARM.attributes
                0x000000f2       0x34 ./Core/Src/gpio.o
 .ARM.attributes
                0x00000126       0x34 ./Core/Src/main.o
 .ARM.attributes
                0x0000015a       0x34 ./Core/Src/spi.o
 .ARM.attributes
                0x0000018e       0x34 ./Core/Src/stm32f4xx_hal_msp.o
 .ARM.attributes
                0x000001c2       0x34 ./Core/Src/stm32f4xx_it.o
 .ARM.attributes
                0x000001f6       0x34 ./Core/Src/system_stm32f4xx.o
 .ARM.attributes
                0x0000022a       0x21 ./Core/Startup/startup_stm32f411ceux.o
 .ARM.attributes
                0x0000024b       0x34 ./Drivers/STM32F4xx_HAL_Driver/Src/stm32f4xx_hal.o
 .ARM.attributes
                0x0000027f       0x34 ./Drivers/STM32F4xx_HAL_Driver/Src/stm32f4xx_hal_cortex.o
 .ARM.attributes
                0x000002b3       0x34 ./Drivers/STM32F4xx_HAL_Driver/Src/stm32f4xx_hal_gpio.o
 .ARM.attributes
                0x000002e7       0x34 ./Drivers/STM32F4xx_HAL_Driver/Src/stm32f4xx_hal_rcc.o
 .ARM.attributes
                0x0000031b       0x34 ./Drivers/STM32F4xx_HAL_Driver/Src/stm32f4xx_hal_spi.o
 .ARM.attributes
                0x0000034f       0x34 D:/ST/STM32CubeIDE_1.6.1/STM32CubeIDE/plugins/com.st.stm32cube.ide.mcu.externaltools.gnu-tools-for-stm32.12.3.rel1.win32_1.0.100.202403111256/tools/bin/../lib/gcc/arm-none-eabi/12.3.1/../../../../arm-none-eabi/lib/thumb/v7e-m+fp/hard\libstdc++_nano.a(del_ops.o)
 .ARM.attributes
                0x00000383       0x34 D:/ST/STM32CubeIDE_1.6.1/STM32CubeIDE/plugins/com.st.stm32cube.ide.mcu.externaltools.gnu-tools-for-stm32.12.3.rel1.win32_1.0.100.202403111256/tools/bin/../lib/gcc/arm-none-eabi/12.3.1/../../../../arm-none-eabi/lib/thumb/v7e-m+fp/hard\libstdc++_nano.a(del_op.o)
 .ARM.attributes
                0x000003b7       0x34 D:/ST/STM32CubeIDE_1.6.1/STM32CubeIDE/plugins/com.st.stm32cube.ide.mcu.externaltools.gnu-tools-for-stm32.12.3.rel1.win32_1.0.100.202403111256/tools/bin/../lib/gcc/arm-none-eabi/12.3.1/../../../../arm-none-eabi/lib/thumb/v7e-m+fp/hard\libc_nano.a(libc_a-malloc.o)
 .ARM.attributes
                0x000003eb       0x34 D:/ST/STM32CubeIDE_1.6.1/STM32CubeIDE/plugins/com.st.stm32cube.ide.mcu.externaltools.gnu-tools-for-stm32.12.3.rel1.win32_1.0.100.202403111256/tools/bin/../lib/gcc/arm-none-eabi/12.3.1/../../../../arm-none-eabi/lib/thumb/v7e-m+fp/hard\libc_nano.a(libc_a-mallocr.o)
 .ARM.attributes
                0x0000041f       0x34 D:/ST/STM32CubeIDE_1.6.1/STM32CubeIDE/plugins/com.st.stm32cube.ide.mcu.externaltools.gnu-tools-for-stm32.12.3.rel1.win32_1.0.100.202403111256/tools/bin/../lib/gcc/arm-none-eabi/12.3.1/../../../../arm-none-eabi/lib/thumb/v7e-m+fp/hard\libc_nano.a(libc_a-mlock.o)
 .ARM.attributes
                0x00000453       0x34 D:/ST/STM32CubeIDE_1.6.1/STM32CubeIDE/plugins/com.st.stm32cube.ide.mcu.externaltools.gnu-tools-for-stm32.12.3.rel1.win32_1.0.100.202403111256/tools/bin/../lib/gcc/arm-none-eabi/12.3.1/../../../../arm-none-eabi/lib/thumb/v7e-m+fp/hard\libc_nano.a(libc_a-findfp.o)
 .ARM.attributes
                0x00000487       0x34 D:/ST/STM32CubeIDE_1.6.1/STM32CubeIDE/plugins/com.st.stm32cube.ide.mcu.externaltools.gnu-tools-for-stm32.12.3.rel1.win32_1.0.100.202403111256/tools/bin/../lib/gcc/arm-none-eabi/12.3.1/../../../../arm-none-eabi/lib/thumb/v7e-m+fp/hard\libc_nano.a(libc_a-memset.o)
 .ARM.attributes
                0x000004bb       0x34 D:/ST/STM32CubeIDE_1.6.1/STM32CubeIDE/plugins/com.st.stm32cube.ide.mcu.externaltools.gnu-tools-for-stm32.12.3.rel1.win32_1.0.100.202403111256/tools/bin/../lib/gcc/arm-none-eabi/12.3.1/../../../../arm-none-eabi/lib/thumb/v7e-m+fp/hard\libc_nano.a(libc_a-impure.o)
 .ARM.attributes
                0x000004ef       0x34 D:/ST/STM32CubeIDE_1.6.1/STM32CubeIDE/plugins/com.st.stm32cube.ide.mcu.externaltools.gnu-tools-for-stm32.12.3.rel1.win32_1.0.100.202403111256/tools/bin/../lib/gcc/arm-none-eabi/12.3.1/../../../../arm-none-eabi/lib/thumb/v7e-m+fp/hard\libc_nano.a(libc_a-init.o)
 .ARM.attributes
                0x00000523       0x34 D:/ST/STM32CubeIDE_1.6.1/STM32CubeIDE/plugins/com.st.stm32cube.ide.mcu.externaltools.gnu-tools-for-stm32.12.3.rel1.win32_1.0.100.202403111256/tools/bin/../lib/gcc/arm-none-eabi/12.3.1/../../../../arm-none-eabi/lib/thumb/v7e-m+fp/hard\libc_nano.a(libc_a-lock.o)
 .ARM.attributes
                0x00000557       0x34 D:/ST/STM32CubeIDE_1.6.1/STM32CubeIDE/plugins/com.st.stm32cube.ide.mcu.externaltools.gnu-tools-for-stm32.12.3.rel1.win32_1.0.100.202403111256/tools/bin/../lib/gcc/arm-none-eabi/12.3.1/../../../../arm-none-eabi/lib/thumb/v7e-m+fp/hard\libc_nano.a(libc_a-freer.o)
 .ARM.attributes
                0x0000058b       0x22 D:/ST/STM32CubeIDE_1.6.1/STM32CubeIDE/plugins/com.st.stm32cube.ide.mcu.externaltools.gnu-tools-for-stm32.12.3.rel1.win32_1.0.100.202403111256/tools/bin/../lib/gcc/arm-none-eabi/12.3.1/thumb/v7e-m+fp/hard\libgcc.a(_aeabi_uldivmod.o)
 .ARM.attributes
                0x000005ad       0x34 D:/ST/STM32CubeIDE_1.6.1/STM32CubeIDE/plugins/com.st.stm32cube.ide.mcu.externaltools.gnu-tools-for-stm32.12.3.rel1.win32_1.0.100.202403111256/tools/bin/../lib/gcc/arm-none-eabi/12.3.1/thumb/v7e-m+fp/hard\libgcc.a(_udivmoddi4.o)
 .ARM.attributes
                0x000005e1       0x22 D:/ST/STM32CubeIDE_1.6.1/STM32CubeIDE/plugins/com.st.stm32cube.ide.mcu.externaltools.gnu-tools-for-stm32.12.3.rel1.win32_1.0.100.202403111256/tools/bin/../lib/gcc/arm-none-eabi/12.3.1/thumb/v7e-m+fp/hard\libgcc.a(_dvmd_tls.o)
 .ARM.attributes
                0x00000603       0x22 D:/ST/STM32CubeIDE_1.6.1/STM32CubeIDE/plugins/com.st.stm32cube.ide.mcu.externaltools.gnu-tools-for-stm32.12.3.rel1.win32_1.0.100.202403111256/tools/bin/../lib/gcc/arm-none-eabi/12.3.1/thumb/v7e-m+fp/hard/crtn.o
OUTPUT(NRF.elf elf32-littlearm)
LOAD linker stubs
LOAD D:/ST/STM32CubeIDE_1.6.1/STM32CubeIDE/plugins/com.st.stm32cube.ide.mcu.externaltools.gnu-tools-for-stm32.12.3.rel1.win32_1.0.100.202403111256/tools/bin/../lib/gcc/arm-none-eabi/12.3.1/../../../../arm-none-eabi/lib/thumb/v7e-m+fp/hard\libc.a
LOAD D:/ST/STM32CubeIDE_1.6.1/STM32CubeIDE/plugins/com.st.stm32cube.ide.mcu.externaltools.gnu-tools-for-stm32.12.3.rel1.win32_1.0.100.202403111256/tools/bin/../lib/gcc/arm-none-eabi/12.3.1/../../../../arm-none-eabi/lib/thumb/v7e-m+fp/hard\libm.a
LOAD D:/ST/STM32CubeIDE_1.6.1/STM32CubeIDE/plugins/com.st.stm32cube.ide.mcu.externaltools.gnu-tools-for-stm32.12.3.rel1.win32_1.0.100.202403111256/tools/bin/../lib/gcc/arm-none-eabi/12.3.1/thumb/v7e-m+fp/hard\libgcc.a

.debug_info     0x00000000     0x8e27
 .debug_info    0x00000000      0xd93 ./Core/Src/EventLoop.o
 .debug_info    0x00000d93     0x1b48 ./Core/Src/NRF24L.o
 .debug_info    0x000028db      0xdc8 ./Core/Src/Tm1638.o
 .debug_info    0x000036a3      0x433 ./Core/Src/gpio.o
 .debug_info    0x00003ad6      0x4f6 ./Core/Src/main.o
 .debug_info    0x00003fcc      0x9ce ./Core/Src/spi.o
 .debug_info    0x0000499a      0x291 ./Core/Src/stm32f4xx_hal_msp.o
 .debug_info    0x00004c2b      0x112 ./Core/Src/stm32f4xx_it.o
 .debug_info    0x00004d3d      0x53e ./Core/Src/system_stm32f4xx.o
 .debug_info    0x0000527b       0x30 ./Core/Startup/startup_stm32f411ceux.o
 .debug_info    0x000052ab      0x8c4 ./Drivers/STM32F4xx_HAL_Driver/Src/stm32f4xx_hal.o
 .debug_info    0x00005b6f      0xcc7 ./Drivers/STM32F4xx_HAL_Driver/Src/stm32f4xx_hal_cortex.o
 .debug_info    0x00006836      0x6f9 ./Drivers/STM32F4xx_HAL_Driver/Src/stm32f4xx_hal_gpio.o
 .debug_info    0x00006f2f      0x8f2 ./Drivers/STM32F4xx_HAL_Driver/Src/stm32f4xx_hal_rcc.o
 .debug_info    0x00007821     0x1606 ./Drivers/STM32F4xx_HAL_Driver/Src/stm32f4xx_hal_spi.o

.debug_abbrev   0x00000000     0x1e9a
 .debug_abbrev  0x00000000      0x376 ./Core/Src/EventLoop.o
 .debug_abbrev  0x00000376      0x431 ./Core/Src/NRF24L.o
 .debug_abbrev  0x000007a7      0x2b8 ./Core/Src/Tm1638.o
 .debug_abbrev  0x00000a5f      0x151 ./Core/Src/gpio.o
 .debug_abbrev  0x00000bb0      0x1ef ./Core/Src/main.o
 .debug_abbrev  0x00000d9f      0x1f7 ./Core/Src/spi.o
 .debug_abbrev  0x00000f96       0xd8 ./Core/Src/stm32f4xx_hal_msp.o
 .debug_abbrev  0x0000106e       0x73 ./Core/Src/stm32f4xx_it.o
 .debug_abbrev  0x000010e1      0x11a ./Core/Src/system_stm32f4xx.o
 .debug_abbrev  0x000011fb       0x24 ./Core/Startup/startup_stm32f411ceux.o
 .debug_abbrev  0x0000121f      0x24b ./Drivers/STM32F4xx_HAL_Driver/Src/stm32f4xx_hal.o
 .debug_abbrev  0x0000146a      0x328 ./Drivers/STM32F4xx_HAL_Driver/Src/stm32f4xx_hal_cortex.o
 .debug_abbrev  0x00001792      0x1d3 ./Drivers/STM32F4xx_HAL_Driver/Src/stm32f4xx_hal_gpio.o
 .debug_abbrev  0x00001965      0x2b5 ./Drivers/STM32F4xx_HAL_Driver/Src/stm32f4xx_hal_rcc.o
 .debug_abbrev  0x00001c1a      0x280 ./Drivers/STM32F4xx_HAL_Driver/Src/stm32f4xx_hal_spi.o

.debug_aranges  0x00000000      0x880
 .debug_aranges
                0x00000000       0x48 ./Core/Src/EventLoop.o
 .debug_aranges
                0x00000048      0x1a8 ./Core/Src/NRF24L.o
 .debug_aranges
                0x000001f0       0x78 ./Core/Src/Tm1638.o
 .debug_aranges
                0x00000268       0x20 ./Core/Src/gpio.o
 .debug_aranges
                0x00000288       0x30 ./Core/Src/main.o
 .debug_aranges
                0x000002b8       0x38 ./Core/Src/spi.o
 .debug_aranges
                0x000002f0       0x20 ./Core/Src/stm32f4xx_hal_msp.o
 .debug_aranges
                0x00000310       0x60 ./Core/Src/stm32f4xx_it.o
 .debug_aranges
                0x00000370       0x28 ./Core/Src/system_stm32f4xx.o
 .debug_aranges
                0x00000398       0x28 ./Core/Startup/startup_stm32f411ceux.o
 .debug_aranges
                0x000003c0       0xf0 ./Drivers/STM32F4xx_HAL_Driver/Src/stm32f4xx_hal.o
 .debug_aranges
                0x000004b0      0x120 ./Drivers/STM32F4xx_HAL_Driver/Src/stm32f4xx_hal_cortex.o
 .debug_aranges
                0x000005d0       0x58 ./Drivers/STM32F4xx_HAL_Driver/Src/stm32f4xx_hal_gpio.o
 .debug_aranges
                0x00000628       0x88 ./Drivers/STM32F4xx_HAL_Driver/Src/stm32f4xx_hal_rcc.o
 .debug_aranges
                0x000006b0      0x1d0 ./Drivers/STM32F4xx_HAL_Driver/Src/stm32f4xx_hal_spi.o

.debug_rnglists
                0x00000000      0x641
 .debug_rnglists
                0x00000000       0x32 ./Core/Src/EventLoop.o
 .debug_rnglists
                0x00000032      0x13e ./Core/Src/NRF24L.o
 .debug_rnglists
                0x00000170       0x57 ./Core/Src/Tm1638.o
 .debug_rnglists
                0x000001c7       0x14 ./Core/Src/gpio.o
 .debug_rnglists
                0x000001db       0x20 ./Core/Src/main.o
 .debug_rnglists
                0x000001fb       0x26 ./Core/Src/spi.o
 .debug_rnglists
                0x00000221       0x13 ./Core/Src/stm32f4xx_hal_msp.o
 .debug_rnglists
                0x00000234       0x43 ./Core/Src/stm32f4xx_it.o
 .debug_rnglists
                0x00000277       0x1a ./Core/Src/system_stm32f4xx.o
 .debug_rnglists
                0x00000291       0x19 ./Core/Startup/startup_stm32f411ceux.o
 .debug_rnglists
                0x000002aa       0xaf ./Drivers/STM32F4xx_HAL_Driver/Src/stm32f4xx_hal.o
 .debug_rnglists
                0x00000359       0xd4 ./Drivers/STM32F4xx_HAL_Driver/Src/stm32f4xx_hal_cortex.o
 .debug_rnglists
                0x0000042d       0x3f ./Drivers/STM32F4xx_HAL_Driver/Src/stm32f4xx_hal_gpio.o
 .debug_rnglists
                0x0000046c       0x66 ./Drivers/STM32F4xx_HAL_Driver/Src/stm32f4xx_hal_rcc.o
 .debug_rnglists
                0x000004d2      0x16f ./Drivers/STM32F4xx_HAL_Driver/Src/stm32f4xx_hal_spi.o

.debug_macro    0x00000000    0x184b5
 .debug_macro   0x00000000      0x2d5 ./Core/Src/EventLoop.o
 .debug_macro   0x000002d5      0xb8c ./Core/Src/EventLoop.o
 .debug_macro   0x00000e61       0x1c ./Core/Src/EventLoop.o
 .debug_macro   0x00000e7d       0x22 ./Core/Src/EventLoop.o
 .debug_macro   0x00000e9f       0x8e ./Core/Src/EventLoop.o
 .debug_macro   0x00000f2d       0x51 ./Core/Src/EventLoop.o
 .debug_macro   0x00000f7e      0x103 ./Core/Src/EventLoop.o
 .debug_macro   0x00001081       0x6a ./Core/Src/EventLoop.o
 .debug_macro   0x000010eb      0x1df ./Core/Src/EventLoop.o
 .debug_macro   0x000012ca       0x61 ./Core/Src/EventLoop.o
 .debug_macro   0x0000132b       0x2a ./Core/Src/EventLoop.o
 .debug_macro   0x00001355       0x43 ./Core/Src/EventLoop.o
 .debug_macro   0x00001398       0x34 ./Core/Src/EventLoop.o
 .debug_macro   0x000013cc       0x16 ./Core/Src/EventLoop.o
 .debug_macro   0x000013e2       0x9e ./Core/Src/EventLoop.o
 .debug_macro   0x00001480      0x38c ./Core/Src/EventLoop.o
 .debug_macro   0x0000180c      0x112 ./Core/Src/EventLoop.o
 .debug_macro   0x0000191e       0x10 ./Core/Src/EventLoop.o
 .debug_macro   0x0000192e       0x16 ./Core/Src/EventLoop.o
 .debug_macro   0x00001944       0x43 ./Core/Src/EventLoop.o
 .debug_macro   0x00001987       0x34 ./Core/Src/EventLoop.o
 .debug_macro   0x000019bb       0x10 ./Core/Src/EventLoop.o
 .debug_macro   0x000019cb       0x58 ./Core/Src/EventLoop.o
 .debug_macro   0x00001a23       0x8e ./Core/Src/EventLoop.o
 .debug_macro   0x00001ab1       0x16 ./Core/Src/EventLoop.o
 .debug_macro   0x00001ac7      0x177 ./Core/Src/EventLoop.o
 .debug_macro   0x00001c3e       0x16 ./Core/Src/EventLoop.o
 .debug_macro   0x00001c54       0x16 ./Core/Src/EventLoop.o
 .debug_macro   0x00001c6a      0x138 ./Core/Src/EventLoop.o
 .debug_macro   0x00001da2      0x295 ./Core/Src/EventLoop.o
 .debug_macro   0x00002037       0x2e ./Core/Src/EventLoop.o
 .debug_macro   0x00002065       0x28 ./Core/Src/EventLoop.o
 .debug_macro   0x0000208d       0x1c ./Core/Src/EventLoop.o
 .debug_macro   0x000020a9       0x22 ./Core/Src/EventLoop.o
 .debug_macro   0x000020cb       0xfb ./Core/Src/EventLoop.o
 .debug_macro   0x000021c6     0x1011 ./Core/Src/EventLoop.o
 .debug_macro   0x000031d7      0x11f ./Core/Src/EventLoop.o
 .debug_macro   0x000032f6     0xb953 ./Core/Src/EventLoop.o
 .debug_macro   0x0000ec49       0x6d ./Core/Src/EventLoop.o
 .debug_macro   0x0000ecb6     0x368c ./Core/Src/EventLoop.o
 .debug_macro   0x00012342       0x56 ./Core/Src/EventLoop.o
 .debug_macro   0x00012398      0x45c ./Core/Src/EventLoop.o
 .debug_macro   0x000127f4      0x9e9 ./Core/Src/EventLoop.o
 .debug_macro   0x000131dd      0x115 ./Core/Src/EventLoop.o
 .debug_macro   0x000132f2      0x11b ./Core/Src/EventLoop.o
 .debug_macro   0x0001340d       0xa5 ./Core/Src/EventLoop.o
 .debug_macro   0x000134b2      0x15f ./Core/Src/EventLoop.o
 .debug_macro   0x00013611      0x287 ./Core/Src/EventLoop.o
 .debug_macro   0x00013898       0x5f ./Core/Src/EventLoop.o
 .debug_macro   0x000138f7      0x236 ./Core/Src/EventLoop.o
 .debug_macro   0x00013b2d      0x132 ./Core/Src/EventLoop.o
 .debug_macro   0x00013c5f      0x264 ./Core/Src/EventLoop.o
 .debug_macro   0x00013ec3       0x2e ./Core/Src/EventLoop.o
 .debug_macro   0x00013ef1      0x127 ./Core/Src/EventLoop.o
 .debug_macro   0x00014018       0x85 ./Core/Src/EventLoop.o
 .debug_macro   0x0001409d       0x89 ./Core/Src/EventLoop.o
 .debug_macro   0x00014126      0x225 ./Core/Src/EventLoop.o
 .debug_macro   0x0001434b      0x126 ./Core/Src/EventLoop.o
 .debug_macro   0x00014471       0x88 ./Core/Src/EventLoop.o
 .debug_macro   0x000144f9      0x1a4 ./Core/Src/EventLoop.o
 .debug_macro   0x0001469d      0x1e3 ./Core/Src/NRF24L.o
 .debug_macro   0x00014880      0x190 ./Core/Src/NRF24L.o
 .debug_macro   0x00014a10       0x5c ./Core/Src/NRF24L.o
 .debug_macro   0x00014a6c      0x19e ./Core/Src/NRF24L.o
 .debug_macro   0x00014c0a      0x1ec ./Core/Src/Tm1638.o
 .debug_macro   0x00014df6      0x1d3 ./Core/Src/gpio.o
 .debug_macro   0x00014fc9      0xab4 ./Core/Src/gpio.o
 .debug_macro   0x00015a7d     0x1011 ./Core/Src/gpio.o
 .debug_macro   0x00016a8e      0x189 ./Core/Src/gpio.o
 .debug_macro   0x00016c17      0x2c3 ./Core/Src/main.o
 .debug_macro   0x00016eda       0x34 ./Core/Src/main.o
 .debug_macro   0x00016f0e       0x35 ./Core/Src/main.o
 .debug_macro   0x00016f43      0x369 ./Core/Src/main.o
 .debug_macro   0x000172ac       0x43 ./Core/Src/main.o
 .debug_macro   0x000172ef       0x1c ./Core/Src/main.o
 .debug_macro   0x0001730b      0x146 ./Core/Src/main.o
 .debug_macro   0x00017451      0x1d3 ./Core/Src/spi.o
 .debug_macro   0x00017624      0x1c9 ./Core/Src/stm32f4xx_hal_msp.o
 .debug_macro   0x000177ed      0x1d3 ./Core/Src/stm32f4xx_it.o
 .debug_macro   0x000179c0      0x1ba ./Core/Src/system_stm32f4xx.o
 .debug_macro   0x00017b7a      0x21a ./Drivers/STM32F4xx_HAL_Driver/Src/stm32f4xx_hal.o
 .debug_macro   0x00017d94      0x1ba ./Drivers/STM32F4xx_HAL_Driver/Src/stm32f4xx_hal_cortex.o
 .debug_macro   0x00017f4e      0x1c0 ./Drivers/STM32F4xx_HAL_Driver/Src/stm32f4xx_hal_gpio.o
 .debug_macro   0x0001810e      0x1de ./Drivers/STM32F4xx_HAL_Driver/Src/stm32f4xx_hal_rcc.o
 .debug_macro   0x000182ec      0x1c9 ./Drivers/STM32F4xx_HAL_Driver/Src/stm32f4xx_hal_spi.o

.debug_line     0x00000000     0x9d32
 .debug_line    0x00000000      0x994 ./Core/Src/EventLoop.o
 .debug_line    0x00000994      0xe52 ./Core/Src/NRF24L.o
 .debug_line    0x000017e6      0x94d ./Core/Src/Tm1638.o
 .debug_line    0x00002133      0x752 ./Core/Src/gpio.o
 .debug_line    0x00002885      0x901 ./Core/Src/main.o
 .debug_line    0x00003186      0x800 ./Core/Src/spi.o
 .debug_line    0x00003986      0x718 ./Core/Src/stm32f4xx_hal_msp.o
 .debug_line    0x0000409e      0x7db ./Core/Src/stm32f4xx_it.o
 .debug_line    0x00004879      0x79d ./Core/Src/system_stm32f4xx.o
 .debug_line    0x00005016       0x7a ./Core/Startup/startup_stm32f411ceux.o
 .debug_line    0x00005090      0xa06 ./Drivers/STM32F4xx_HAL_Driver/Src/stm32f4xx_hal.o
 .debug_line    0x00005a96      0xcce ./Drivers/STM32F4xx_HAL_Driver/Src/stm32f4xx_hal_cortex.o
 .debug_line    0x00006764      0xb56 ./Drivers/STM32F4xx_HAL_Driver/Src/stm32f4xx_hal_gpio.o
 .debug_line    0x000072ba      0xd77 ./Drivers/STM32F4xx_HAL_Driver/Src/stm32f4xx_hal_rcc.o
 .debug_line    0x00008031     0x1d01 ./Drivers/STM32F4xx_HAL_Driver/Src/stm32f4xx_hal_spi.o

.debug_str      0x00000000    0x86a8f
 .debug_str     0x00000000    0x84228 ./Core/Src/EventLoop.o
                              0x84665 (size before relaxing)
 .debug_str     0x00084228      0x9d4 ./Core/Src/NRF24L.o
                              0x81464 (size before relaxing)
 .debug_str     0x00084bfc       0xb6 ./Core/Src/Tm1638.o
                              0x804bb (size before relaxing)
 .debug_str     0x00084cb2      0x37a ./Core/Src/gpio.o
                              0x7f8a4 (size before relaxing)
 .debug_str     0x0008502c      0x2c7 ./Core/Src/main.o
                              0x830de (size before relaxing)
 .debug_str     0x000852f3       0x5b ./Core/Src/spi.o
                              0x7fd43 (size before relaxing)
 .debug_str     0x0008534e       0x2c ./Core/Src/stm32f4xx_hal_msp.o
                              0x7f7d9 (size before relaxing)
 .debug_str     0x0008537a       0xc9 ./Core/Src/stm32f4xx_it.o
                              0x7f74d (size before relaxing)
 .debug_str     0x00085443       0xdb ./Core/Src/system_stm32f4xx.o
                              0x7f690 (size before relaxing)
 .debug_str     0x0008551e       0x44 ./Core/Startup/startup_stm32f411ceux.o
                                 0x5b (size before relaxing)
 .debug_str     0x00085562      0x94f ./Drivers/STM32F4xx_HAL_Driver/Src/stm32f4xx_hal.o
                              0x800bc (size before relaxing)
 .debug_str     0x00085eb1      0x358 ./Drivers/STM32F4xx_HAL_Driver/Src/stm32f4xx_hal_cortex.o
                              0x7fdf4 (size before relaxing)
 .debug_str     0x00086209       0xf0 ./Drivers/STM32F4xx_HAL_Driver/Src/stm32f4xx_hal_gpio.o
                              0x7f80b (size before relaxing)
 .debug_str     0x000862f9      0x228 ./Drivers/STM32F4xx_HAL_Driver/Src/stm32f4xx_hal_rcc.o
                              0x7fac4 (size before relaxing)
 .debug_str     0x00086521      0x56e ./Drivers/STM32F4xx_HAL_Driver/Src/stm32f4xx_hal_spi.o
                              0x7ff42 (size before relaxing)

.comment        0x00000000       0x43
 .comment       0x00000000       0x43 ./Core/Src/EventLoop.o
                                 0x44 (size before relaxing)
 .comment       0x00000043       0x44 ./Core/Src/NRF24L.o
 .comment       0x00000043       0x44 ./Core/Src/Tm1638.o
 .comment       0x00000043       0x44 ./Core/Src/gpio.o
 .comment       0x00000043       0x44 ./Core/Src/main.o
 .comment       0x00000043       0x44 ./Core/Src/spi.o
 .comment       0x00000043       0x44 ./Core/Src/stm32f4xx_hal_msp.o
 .comment       0x00000043       0x44 ./Core/Src/stm32f4xx_it.o
 .comment       0x00000043       0x44 ./Core/Src/system_stm32f4xx.o
 .comment       0x00000043       0x44 ./Drivers/STM32F4xx_HAL_Driver/Src/stm32f4xx_hal.o
 .comment       0x00000043       0x44 ./Drivers/STM32F4xx_HAL_Driver/Src/stm32f4xx_hal_cortex.o
 .comment       0x00000043       0x44 ./Drivers/STM32F4xx_HAL_Driver/Src/stm32f4xx_hal_gpio.o
 .comment       0x00000043       0x44 ./Drivers/STM32F4xx_HAL_Driver/Src/stm32f4xx_hal_rcc.o
 .comment       0x00000043       0x44 ./Drivers/STM32F4xx_HAL_Driver/Src/stm32f4xx_hal_spi.o

.debug_frame    0x00000000     0x23d4
 .debug_frame   0x00000000       0xcc ./Core/Src/EventLoop.o
 .debug_frame   0x000000cc      0x724 ./Core/Src/NRF24L.o
 .debug_frame   0x000007f0      0x1c8 ./Core/Src/Tm1638.o
 .debug_frame   0x000009b8       0x34 ./Core/Src/gpio.o
 .debug_frame   0x000009ec       0x68 ./Core/Src/main.o
 .debug_frame   0x00000a54       0x90 ./Core/Src/spi.o
 .debug_frame   0x00000ae4       0x38 ./Core/Src/stm32f4xx_hal_msp.o
 .debug_frame   0x00000b1c      0x104 ./Core/Src/stm32f4xx_it.o
 .debug_frame   0x00000c20       0x58 ./Core/Src/system_stm32f4xx.o
 .debug_frame   0x00000c78      0x374 ./Drivers/STM32F4xx_HAL_Driver/Src/stm32f4xx_hal.o
 .debug_frame   0x00000fec      0x4b8 ./Drivers/STM32F4xx_HAL_Driver/Src/stm32f4xx_hal_cortex.o
 .debug_frame   0x000014a4      0x14c ./Drivers/STM32F4xx_HAL_Driver/Src/stm32f4xx_hal_gpio.o
 .debug_frame   0x000015f0      0x1f4 ./Drivers/STM32F4xx_HAL_Driver/Src/stm32f4xx_hal_rcc.o
 .debug_frame   0x000017e4      0x828 ./Drivers/STM32F4xx_HAL_Driver/Src/stm32f4xx_hal_spi.o
 .debug_frame   0x0000200c       0x20 D:/ST/STM32CubeIDE_1.6.1/STM32CubeIDE/plugins/com.st.stm32cube.ide.mcu.externaltools.gnu-tools-for-stm32.12.3.rel1.win32_1.0.100.202403111256/tools/bin/../lib/gcc/arm-none-eabi/12.3.1/../../../../arm-none-eabi/lib/thumb/v7e-m+fp/hard\libstdc++_nano.a(del_ops.o)
 .debug_frame   0x0000202c       0x20 D:/ST/STM32CubeIDE_1.6.1/STM32CubeIDE/plugins/com.st.stm32cube.ide.mcu.externaltools.gnu-tools-for-stm32.12.3.rel1.win32_1.0.100.202403111256/tools/bin/../lib/gcc/arm-none-eabi/12.3.1/../../../../arm-none-eabi/lib/thumb/v7e-m+fp/hard\libstdc++_nano.a(del_op.o)
 .debug_frame   0x0000204c       0x30 D:/ST/STM32CubeIDE_1.6.1/STM32CubeIDE/plugins/com.st.stm32cube.ide.mcu.externaltools.gnu-tools-for-stm32.12.3.rel1.win32_1.0.100.202403111256/tools/bin/../lib/gcc/arm-none-eabi/12.3.1/../../../../arm-none-eabi/lib/thumb/v7e-m+fp/hard\libc_nano.a(libc_a-malloc.o)
 .debug_frame   0x0000207c       0x50 D:/ST/STM32CubeIDE_1.6.1/STM32CubeIDE/plugins/com.st.stm32cube.ide.mcu.externaltools.gnu-tools-for-stm32.12.3.rel1.win32_1.0.100.202403111256/tools/bin/../lib/gcc/arm-none-eabi/12.3.1/../../../../arm-none-eabi/lib/thumb/v7e-m+fp/hard\libc_nano.a(libc_a-mallocr.o)
 .debug_frame   0x000020cc       0x30 D:/ST/STM32CubeIDE_1.6.1/STM32CubeIDE/plugins/com.st.stm32cube.ide.mcu.externaltools.gnu-tools-for-stm32.12.3.rel1.win32_1.0.100.202403111256/tools/bin/../lib/gcc/arm-none-eabi/12.3.1/../../../../arm-none-eabi/lib/thumb/v7e-m+fp/hard\libc_nano.a(libc_a-mlock.o)
 .debug_frame   0x000020fc      0x144 D:/ST/STM32CubeIDE_1.6.1/STM32CubeIDE/plugins/com.st.stm32cube.ide.mcu.externaltools.gnu-tools-for-stm32.12.3.rel1.win32_1.0.100.202403111256/tools/bin/../lib/gcc/arm-none-eabi/12.3.1/../../../../arm-none-eabi/lib/thumb/v7e-m+fp/hard\libc_nano.a(libc_a-findfp.o)
 .debug_frame   0x00002240       0x20 D:/ST/STM32CubeIDE_1.6.1/STM32CubeIDE/plugins/com.st.stm32cube.ide.mcu.externaltools.gnu-tools-for-stm32.12.3.rel1.win32_1.0.100.202403111256/tools/bin/../lib/gcc/arm-none-eabi/12.3.1/../../../../arm-none-eabi/lib/thumb/v7e-m+fp/hard\libc_nano.a(libc_a-memset.o)
 .debug_frame   0x00002260       0x2c D:/ST/STM32CubeIDE_1.6.1/STM32CubeIDE/plugins/com.st.stm32cube.ide.mcu.externaltools.gnu-tools-for-stm32.12.3.rel1.win32_1.0.100.202403111256/tools/bin/../lib/gcc/arm-none-eabi/12.3.1/../../../../arm-none-eabi/lib/thumb/v7e-m+fp/hard\libc_nano.a(libc_a-init.o)
 .debug_frame   0x0000228c       0xb0 D:/ST/STM32CubeIDE_1.6.1/STM32CubeIDE/plugins/com.st.stm32cube.ide.mcu.externaltools.gnu-tools-for-stm32.12.3.rel1.win32_1.0.100.202403111256/tools/bin/../lib/gcc/arm-none-eabi/12.3.1/../../../../arm-none-eabi/lib/thumb/v7e-m+fp/hard\libc_nano.a(libc_a-lock.o)
 .debug_frame   0x0000233c       0x38 D:/ST/STM32CubeIDE_1.6.1/STM32CubeIDE/plugins/com.st.stm32cube.ide.mcu.externaltools.gnu-tools-for-stm32.12.3.rel1.win32_1.0.100.202403111256/tools/bin/../lib/gcc/arm-none-eabi/12.3.1/../../../../arm-none-eabi/lib/thumb/v7e-m+fp/hard\libc_nano.a(libc_a-freer.o)
 .debug_frame   0x00002374       0x2c D:/ST/STM32CubeIDE_1.6.1/STM32CubeIDE/plugins/com.st.stm32cube.ide.mcu.externaltools.gnu-tools-for-stm32.12.3.rel1.win32_1.0.100.202403111256/tools/bin/../lib/gcc/arm-none-eabi/12.3.1/thumb/v7e-m+fp/hard\libgcc.a(_aeabi_uldivmod.o)
 .debug_frame   0x000023a0       0x34 D:/ST/STM32CubeIDE_1.6.1/STM32CubeIDE/plugins/com.st.stm32cube.ide.mcu.externaltools.gnu-tools-for-stm32.12.3.rel1.win32_1.0.100.202403111256/tools/bin/../lib/gcc/arm-none-eabi/12.3.1/thumb/v7e-m+fp/hard\libgcc.a(_udivmoddi4.o)

.debug_line_str
                0x00000000       0x3f
 .debug_line_str
                0x00000000       0x3f ./Core/Startup/startup_stm32f411ceux.o
