Archive member included to satisfy reference by file (symbol)

C:/ST/STM32CubeIDE_1.15.1/STM32CubeIDE/plugins/com.st.stm32cube.ide.mcu.externaltools.gnu-tools-for-stm32.12.3.rel1.win32_1.0.100.202403111256/tools/bin/../lib/gcc/arm-none-eabi/12.3.1/../../../../arm-none-eabi/lib/thumb/v7e-m+fp/hard\libstdc++_nano.a(del_ops.o)
                              ./Core/Src/NRF24L.o (operator delete(void*, unsigned int))
C:/ST/STM32CubeIDE_1.15.1/STM32CubeIDE/plugins/com.st.stm32cube.ide.mcu.externaltools.gnu-tools-for-stm32.12.3.rel1.win32_1.0.100.202403111256/tools/bin/../lib/gcc/arm-none-eabi/12.3.1/../../../../arm-none-eabi/lib/thumb/v7e-m+fp/hard\libstdc++_nano.a(del_op.o)
                              C:/ST/STM32CubeIDE_1.15.1/STM32CubeIDE/plugins/com.st.stm32cube.ide.mcu.externaltools.gnu-tools-for-stm32.12.3.rel1.win32_1.0.100.202403111256/tools/bin/../lib/gcc/arm-none-eabi/12.3.1/../../../../arm-none-eabi/lib/thumb/v7e-m+fp/hard\libstdc++_nano.a(del_ops.o) (operator delete(void*))
C:/ST/STM32CubeIDE_1.15.1/STM32CubeIDE/plugins/com.st.stm32cube.ide.mcu.externaltools.gnu-tools-for-stm32.12.3.rel1.win32_1.0.100.202403111256/tools/bin/../lib/gcc/arm-none-eabi/12.3.1/../../../../arm-none-eabi/lib/thumb/v7e-m+fp/hard\libc_nano.a(libc_a-exit.o)
                              C:/ST/STM32CubeIDE_1.15.1/STM32CubeIDE/plugins/com.st.stm32cube.ide.mcu.externaltools.gnu-tools-for-stm32.12.3.rel1.win32_1.0.100.202403111256/tools/bin/../lib/gcc/arm-none-eabi/12.3.1/../../../../arm-none-eabi/lib/thumb/v7e-m+fp/hard/crt0.o (exit)
C:/ST/STM32CubeIDE_1.15.1/STM32CubeIDE/plugins/com.st.stm32cube.ide.mcu.externaltools.gnu-tools-for-stm32.12.3.rel1.win32_1.0.100.202403111256/tools/bin/../lib/gcc/arm-none-eabi/12.3.1/../../../../arm-none-eabi/lib/thumb/v7e-m+fp/hard\libc_nano.a(libc_a-malloc.o)
                              C:/ST/STM32CubeIDE_1.15.1/STM32CubeIDE/plugins/com.st.stm32cube.ide.mcu.externaltools.gnu-tools-for-stm32.12.3.rel1.win32_1.0.100.202403111256/tools/bin/../lib/gcc/arm-none-eabi/12.3.1/../../../../arm-none-eabi/lib/thumb/v7e-m+fp/hard\libstdc++_nano.a(del_op.o) (free)
C:/ST/STM32CubeIDE_1.15.1/STM32CubeIDE/plugins/com.st.stm32cube.ide.mcu.externaltools.gnu-tools-for-stm32.12.3.rel1.win32_1.0.100.202403111256/tools/bin/../lib/gcc/arm-none-eabi/12.3.1/../../../../arm-none-eabi/lib/thumb/v7e-m+fp/hard\libc_nano.a(libc_a-mallocr.o)
                              C:/ST/STM32CubeIDE_1.15.1/STM32CubeIDE/plugins/com.st.stm32cube.ide.mcu.externaltools.gnu-tools-for-stm32.12.3.rel1.win32_1.0.100.202403111256/tools/bin/../lib/gcc/arm-none-eabi/12.3.1/../../../../arm-none-eabi/lib/thumb/v7e-m+fp/hard\libc_nano.a(libc_a-malloc.o) (_malloc_r)
C:/ST/STM32CubeIDE_1.15.1/STM32CubeIDE/plugins/com.st.stm32cube.ide.mcu.externaltools.gnu-tools-for-stm32.12.3.rel1.win32_1.0.100.202403111256/tools/bin/../lib/gcc/arm-none-eabi/12.3.1/../../../../arm-none-eabi/lib/thumb/v7e-m+fp/hard\libc_nano.a(libc_a-mlock.o)
                              C:/ST/STM32CubeIDE_1.15.1/STM32CubeIDE/plugins/com.st.stm32cube.ide.mcu.externaltools.gnu-tools-for-stm32.12.3.rel1.win32_1.0.100.202403111256/tools/bin/../lib/gcc/arm-none-eabi/12.3.1/../../../../arm-none-eabi/lib/thumb/v7e-m+fp/hard\libc_nano.a(libc_a-mallocr.o) (__malloc_lock)
C:/ST/STM32CubeIDE_1.15.1/STM32CubeIDE/plugins/com.st.stm32cube.ide.mcu.externaltools.gnu-tools-for-stm32.12.3.rel1.win32_1.0.100.202403111256/tools/bin/../lib/gcc/arm-none-eabi/12.3.1/../../../../arm-none-eabi/lib/thumb/v7e-m+fp/hard\libc_nano.a(libc_a-findfp.o)
                              C:/ST/STM32CubeIDE_1.15.1/STM32CubeIDE/plugins/com.st.stm32cube.ide.mcu.externaltools.gnu-tools-for-stm32.12.3.rel1.win32_1.0.100.202403111256/tools/bin/../lib/gcc/arm-none-eabi/12.3.1/../../../../arm-none-eabi/lib/thumb/v7e-m+fp/hard\libc_nano.a(libc_a-exit.o) (__stdio_exit_handler)
C:/ST/STM32CubeIDE_1.15.1/STM32CubeIDE/plugins/com.st.stm32cube.ide.mcu.externaltools.gnu-tools-for-stm32.12.3.rel1.win32_1.0.100.202403111256/tools/bin/../lib/gcc/arm-none-eabi/12.3.1/../../../../arm-none-eabi/lib/thumb/v7e-m+fp/hard\libc_nano.a(libc_a-fwalk.o)
                              C:/ST/STM32CubeIDE_1.15.1/STM32CubeIDE/plugins/com.st.stm32cube.ide.mcu.externaltools.gnu-tools-for-stm32.12.3.rel1.win32_1.0.100.202403111256/tools/bin/../lib/gcc/arm-none-eabi/12.3.1/../../../../arm-none-eabi/lib/thumb/v7e-m+fp/hard\libc_nano.a(libc_a-findfp.o) (_fwalk_sglue)
C:/ST/STM32CubeIDE_1.15.1/STM32CubeIDE/plugins/com.st.stm32cube.ide.mcu.externaltools.gnu-tools-for-stm32.12.3.rel1.win32_1.0.100.202403111256/tools/bin/../lib/gcc/arm-none-eabi/12.3.1/../../../../arm-none-eabi/lib/thumb/v7e-m+fp/hard\libc_nano.a(libc_a-stdio.o)
                              C:/ST/STM32CubeIDE_1.15.1/STM32CubeIDE/plugins/com.st.stm32cube.ide.mcu.externaltools.gnu-tools-for-stm32.12.3.rel1.win32_1.0.100.202403111256/tools/bin/../lib/gcc/arm-none-eabi/12.3.1/../../../../arm-none-eabi/lib/thumb/v7e-m+fp/hard\libc_nano.a(libc_a-findfp.o) (__sread)
[...]
Memory Configuration

Name             Origin             Length             Attributes
RAM              0x20000000         0x00020000         xrw
FLASH            0x08000000         0x00080000         xr
*default*        0x00000000         0xffffffff

Linker script and memory map

LOAD C:/ST/STM32CubeIDE_1.15.1/STM32CubeIDE/plugins/com.st.stm32cube.ide.mcu.externaltools.gnu-tools-for-stm32.12.3.rel1.win32_1.0.100.202403111256/tools/bin/../lib/gcc/arm-none-eabi/12.3.1/thumb/v7e-m+fp/hard/crti.o
LOAD C:/ST/STM32CubeIDE_1.15.1/STM32CubeIDE/plugins/com.st.stm32cube.ide.mcu.externaltools.gnu-tools-for-stm32.12.3.rel1.win32_1.0.100.202403111256/tools/bin/../lib/gcc/arm-none-eabi/12.3.1/thumb/v7e-m+fp/hard/crtbegin.o
LOAD C:/ST/STM32CubeIDE_1.15.1/STM32CubeIDE/plugins/com.st.stm32cube.ide.mcu.externaltools.gnu-tools-for-stm32.12.3.rel1.win32_1.0.100.202403111256/tools/bin/../lib/gcc/arm-none-eabi/12.3.1/../../../../arm-none-eabi/lib/thumb/v7e-m+fp/hard/crt0.o
LOAD ./Core/Src/EventLoop.o
LOAD ./Core/Src/NRF24L.o
LOAD ./Core/Src/Tm1638.o
LOAD ./Core/Src/adc.o
LOAD ./Core/Src/dma.o
LOAD ./Core/Src/gpio.o
LOAD ./Core/Src/main.o
LOAD ./Core/Src/spi.o
LOAD ./Core/Src/stm32f4xx_hal_msp.o
LOAD ./Core/Src/stm32f4xx_it.o
LOAD ./Core/Src/syscalls.o
LOAD ./Core/Src/sysmem.o
LOAD ./Core/Src/system_stm32f4xx.o
LOAD ./Core/Src/usart.o
LOAD ./Core/Startup/startup_stm32f411ceux.o
LOAD ./Drivers/STM32F4xx_HAL_Driver/Src/stm32f4xx_hal.o
LOAD ./Drivers/STM32F4xx_HAL_Driver/Src/stm32f4xx_hal_adc.o
LOAD ./Drivers/STM32F4xx_HAL_Driver/Src/stm32f4xx_hal_adc_ex.o
LOAD ./Drivers/STM32F4xx_HAL_Driver/Src/stm32f4xx_hal_cortex.o
LOAD ./Drivers/STM32F4xx_HAL_Driver/Src/stm32f4xx_hal_dma.o
LOAD ./Drivers/STM32F4xx_HAL_Driver/Src/stm32f4xx_hal_dma_ex.o
LOAD ./Drivers/STM32F4xx_HAL_Driver/Src/stm32f4xx_hal_exti.o
LOAD ./Drivers/STM32F4xx_HAL_Driver/Src/stm32f4xx_hal_flash.o
LOAD ./Drivers/STM32F4xx_HAL_Driver/Src/stm32f4xx_hal_flash_ex.o
LOAD ./Drivers/STM32F4xx_HAL_Driver/Src/stm32f4xx_hal_flash_ramfunc.o
LOAD ./Drivers/STM32F4xx_HAL_Driver/Src/stm32f4xx_hal_gpio.o
LOAD ./Drivers/STM32F4xx_HAL_Driver/Src/stm32f4xx_hal_pcd.o
LOAD ./Drivers/STM32F4xx_HAL_Driver/Src/stm32f4xx_hal_pcd_ex.o
LOAD ./Drivers/STM32F4xx_HAL_Driver/Src/stm32f4xx_hal_pwr.o
LOAD ./Drivers/STM32F4xx_HAL_Driver/Src/stm32f4xx_hal_pwr_ex.o
LOAD ./Drivers/STM32F4xx_HAL_Driver/Src/stm32f4xx_hal_rcc.o
LOAD ./Drivers/STM32F4xx_HAL_Driver/Src/stm32f4xx_hal_rcc_ex.o
LOAD ./Drivers/STM32F4xx_HAL_Driver/Src/stm32f4xx_hal_spi.o
LOAD ./Drivers/STM32F4xx_HAL_Driver/Src/stm32f4xx_hal_tim.o
LOAD ./Drivers/STM32F4xx_HAL_Driver/Src/stm32f4xx_hal_tim_ex.o
LOAD ./Drivers/STM32F4xx_HAL_Driver/Src/stm32f4xx_hal_uart.o
LOAD ./Drivers/STM32F4xx_HAL_Driver/Src/stm32f4xx_ll_adc.o
LOAD ./Drivers/STM32F4xx_HAL_Driver/Src/stm32f4xx_ll_usb.o
LOAD ./Middlewares/ST/STM32_USB_Device_Library/Class/CDC/Src/usbd_cdc.o
LOAD ./Middlewares/ST/STM32_USB_Device_Library/Core/Src/usbd_core.o
LOAD ./Middlewares/ST/STM32_USB_Device_Library/Core/Src/usbd_ctlreq.o
LOAD ./Middlewares/ST/STM32_USB_Device_Library/Core/Src/usbd_ioreq.o
LOAD ./USB_DEVICE/App/usb_device.o
LOAD ./USB_DEVICE/App/usbd_cdc_if.o
LOAD ./USB_DEVICE/App/usbd_desc.o
LOAD ./USB_DEVICE/Target/usbd_conf.o
START GROUP
LOAD C:/ST/STM32CubeIDE_1.15.1/STM32CubeIDE/plugins/com.st.stm32cube.ide.mcu.externaltools.gnu-tools-for-stm32.12.3.rel1.win32_1.0.100.202403111256/tools/bin/../lib/gcc/arm-none-eabi/12.3.1/../../../../arm-none-eabi/lib/thumb/v7e-m+fp/hard\libstdc++_nano.a
LOAD C:/ST/STM32CubeIDE_1.15.1/STM32CubeIDE/plugins/com.st.stm32cube.ide.mcu.externaltools.gnu-tools-for-stm32.12.3.rel1.win32_1.0.100.202403111256/tools/bin/../lib/gcc/arm-none-eabi/12.3.1/../../../../arm-none-eabi/lib/thumb/v7e-m+fp/hard\libsupc++_nano.a
END GROUP
LOAD C:/ST/STM32CubeIDE_1.15.1/STM32CubeIDE/plugins/com.st.stm32cube.ide.mcu.externaltools.gnu-tools-for-stm32.12.3.rel1.win32_1.0.100.202403111256/tools/bin/../lib/gcc/arm-none-eabi/12.3.1/../../../../arm-none-eabi/lib/thumb/v7e-m+fp/hard\libstdc++_nano.a
LOAD C:/ST/STM32CubeIDE_1.15.1/STM32CubeIDE/plugins/com.st.stm32cube.ide.mcu.externaltools.gnu-tools-for-stm32.12.3.rel1.win32_1.0.100.202403111256/tools/bin/../lib/gcc/arm-none-eabi/12.3.1/../../../../arm-none-eabi/lib/thumb/v7e-m+fp/hard\libm.a
LOAD C:/ST/STM32CubeIDE_1.15.1/STM32CubeIDE/plugins/com.st.stm32cube.ide.mcu.externaltools.gnu-tools-for-stm32.12.3.rel1.win32_1.0.100.202403111256/tools/bin/../lib/gcc/arm-none-eabi/12.3.1/../../../../arm-none-eabi/lib/thumb/v7e-m+fp/hard\libc_nano.a
START GROUP
LOAD C:/ST/STM32CubeIDE_1.15.1/STM32CubeIDE/plugins/com.st.stm32cube.ide.mcu.externaltools.gnu-tools-for-stm32.12.3.rel1.win32_1.0.100.202403111256/tools/bin/../lib/gcc/arm-none-eabi/12.3.1/thumb/v7e-m+fp/hard\libgcc.a
LOAD C:/ST/STM32CubeIDE_1.15.1/STM32CubeIDE/plugins/com.st.stm32cube.ide.mcu.externaltools.gnu-tools-for-stm32.12.3.rel1.win32_1.0.100.202403111256/tools/bin/../lib/gcc/arm-none-eabi/12.3.1/../../../../arm-none-eabi/lib/thumb/v7e-m+fp/hard\libc_nano.a
END GROUP
START GROUP
LOAD C:/ST/STM32CubeIDE_1.15.1/STM32CubeIDE/plugins/com.st.stm32cube.ide.mcu.externaltools.gnu-tools-for-stm32.12.3.rel1.win32_1.0.100.202403111256/tools/bin/../lib/gcc/arm-none-eabi/12.3.1/thumb/v7e-m+fp/hard\libgcc.a
LOAD C:/ST/STM32CubeIDE_1.15.1/STM32CubeIDE/plugins/com.st.stm32cube.ide.mcu.externaltools.gnu-tools-for-stm32.12.3.rel1.win32_1.0.100.202403111256/tools/bin/../lib/gcc/arm-none-eabi/12.3.1/../../../../arm-none-eabi/lib/thumb/v7e-m+fp/hard\libc_nano.a
LOAD C:/ST/STM32CubeIDE_1.15.1/STM32CubeIDE/plugins/com.st.stm32cube.ide.mcu.externaltools.gnu-tools-for-stm32.12.3.rel1.win32_1.0.100.202403111256/tools/bin/../lib/gcc/arm-none-eabi/12.3.1/../../../../arm-none-eabi/lib/thumb/v7e-m+fp/hard\libnosys.a
END GROUP
START GROUP
LOAD C:/ST/STM32CubeIDE_1.15.1/STM32CubeIDE/plugins/com.st.stm32cube.ide.mcu.externaltools.gnu-tools-for-stm32.12.3.rel1.win32_1.0.100.202403111256/tools/bin/../lib/gcc/arm-none-eabi/12.3.1/thumb/v7e-m+fp/hard\libgcc.a
LOAD C:/ST/STM32CubeIDE_1.15.1/STM32CubeIDE/plugins/com.st.stm32cube.ide.mcu.externaltools.gnu-tools-for-stm32.12.3.rel1.win32_1.0.100.202403111256/tools/bin/../lib/gcc/arm-none-eabi/12.3.1/../../../../arm-none-eabi/lib/thumb/v7e-m+fp/hard\libc_nano.a
LOAD C:/ST/STM32CubeIDE_1.15.1/STM32CubeIDE/plugins/com.st.stm32cube.ide.mcu.externaltools.gnu-tools-for-stm32.12.3.rel1.win32_1.0.100.202403111256/tools/bin/../lib/gcc/arm-none-eabi/12.3.1/../../../../arm-none-eabi/lib/thumb/v7e-m+fp/hard\libnosys.a
END GROUP
LOAD C:/ST/STM32CubeIDE_1.15.1/STM32CubeIDE/plugins/com.st.stm32cube.ide.mcu.externaltools.gnu-tools-for-stm32.12.3.rel1.win32_1.0.100.202403111256/tools/bin/../lib/gcc/arm-none-eabi/12.3.1/thumb/v7e-m+fp/hard/crtend.o
LOAD C:/ST/STM32CubeIDE_1.15.1/STM32CubeIDE/plugins/com.st.stm32cube.ide.mcu.externaltools.gnu-tools-for-stm32.12.3.rel1.win32_1.0.100.202403111256/tools/bin/../lib/gcc/arm-none-eabi/12.3.1/thumb/v7e-m+fp/hard/crtn.o
                0x20020000                        _estack = (ORIGIN (RAM) + LENGTH (RAM))
                0x00000200                        _Min_Heap_Size = 0x200
                0x00000400                        _Min_Stack_Size = 0x400

.isr_vector     0x08000000      0x198
                0x08000000                        . = ALIGN (0x4)
 *(.isr_vector)
 .isr_vector    0x08000000      0x198 ./Core/Startup/startup_stm32f411ceux.o
                0x08000000                g_pfnVectors
                0x08000198                        . = ALIGN (0x4)

.text           0x08000198     0xa8b4
                0x08000198                        . = ALIGN (0x4)
 *(.text)
 .text          0x08000198       0x40 C:/ST/STM32CubeIDE_1.15.1/STM32CubeIDE/plugins/com.st.stm32cube.ide.mcu.externaltools.gnu-tools-for-stm32.12.3.rel1.win32_1.0.100.202403111256/tools/bin/../lib/gcc/arm-none-eabi/12.3.1/thumb/v7e-m+fp/hard/crtbegin.o
 .text          0x080001d8       0x30 C:/ST/STM32CubeIDE_1.15.1/STM32CubeIDE/plugins/com.st.stm32cube.ide.mcu.externaltools.gnu-tools-for-stm32.12.3.rel1.win32_1.0.100.202403111256/tools/bin/../lib/gcc/arm-none-eabi/12.3.1/thumb/v7e-m+fp/hard\libgcc.a(_aeabi_uldivmod.o)
                0x080001d8                __aeabi_uldivmod
 .text          0x08000208      0x2bc C:/ST/STM32CubeIDE_1.15.1/STM32CubeIDE/plugins/com.st.stm32cube.ide.mcu.externaltools.gnu-tools-for-stm32.12.3.rel1.win32_1.0.100.202403111256/tools/bin/../lib/gcc/arm-none-eabi/12.3.1/thumb/v7e-m+fp/hard\libgcc.a(_udivmoddi4.o)
                0x08000208                __udivmoddi4
 .text          0x080004c4        0x4 C:/ST/STM32CubeIDE_1.15.1/STM32CubeIDE/plugins/com.st.stm32cube.ide.mcu.externaltools.gnu-tools-for-stm32.12.3.rel1.win32_1.0.100.202403111256/tools/bin/../lib/gcc/arm-none-eabi/12.3.1/thumb/v7e-m+fp/hard\libgcc.a(_dvmd_tls.o)
                0x080004c4                __aeabi_idiv0
                0x080004c4                __aeabi_ldiv0
 *(.text*)
 .text.HAL_UART_RxCpltCallback
                0x080004c8       0x1c ./Core/Src/EventLoop.o
                0x080004c8                HAL_UART_RxCpltCallback
 .text._Z9inter_cmdv
                0x080004e4       0x44 ./Core/Src/EventLoop.o
                0x080004e4                inter_cmd()
 .text._Z9close_cmdv
                0x08000528       0x30 ./Core/Src/EventLoop.o
                0x08000528                close_cmd()
 .text._Z15RD_03_Write_cmdhh
                0x08000558       0x74 ./Core/Src/EventLoop.o
                0x08000558                RD_03_Write_cmd(unsigned char, unsigned char)
 .text._Z12EventLoopCppv
                0x080005cc      0x11c ./Core/Src/EventLoop.o
                0x080005cc                EventLoopCpp()
 .text.EventLoopC
                0x080006e8        0xc ./Core/Src/EventLoop.o
                0x080006e8                EventLoopC
 .text._Z41__static_initialization_and_destruction_0ii
                0x080006f4       0x7c ./Core/Src/EventLoop.o
 .text._GLOBAL__sub_I_led_state
                0x08000770       0x10 ./Core/Src/EventLoop.o
 .text._GLOBAL__sub_D_led_state
                0x08000780       0x10 ./Core/Src/EventLoop.o
 .text._ZN6NRF24LC2EP19__SPI_HandleTypeDefP12GPIO_TypeDeftS3_t
                0x08000790       0x70 ./Core/Src/NRF24L.o
                0x08000790                NRF24L::NRF24L(__SPI_HandleTypeDef*, GPIO_TypeDef*, unsigned short, GPIO_TypeDef*, unsigned short)
                0x08000790                NRF24L::NRF24L(__SPI_HandleTypeDef*, GPIO_TypeDef*, unsigned short, GPIO_TypeDef*, unsigned short)
 .text._ZN6NRF24LD2Ev
                0x08000800       0x20 ./Core/Src/NRF24L.o
                0x08000800                NRF24L::~NRF24L()
                0x08000800                NRF24L::~NRF24L()
 .text._ZN6NRF24LD0Ev
                0x08000820       0x20 ./Core/Src/NRF24L.o
                0x08000820                NRF24L::~NRF24L()
 .text._ZN6NRF24L10nRF24_CE_HEv
                0x08000840       0x20 ./Core/Src/NRF24L.o
                0x08000840                NRF24L::nRF24_CE_H()
 .text._ZN6NRF24L11nRF24_CSN_LEv
                0x08000860       0x20 ./Core/Src/NRF24L.o
                0x08000860                NRF24L::nRF24_CSN_L()
 .text._ZN6NRF24L11nRF24_CSN_HEv
                0x08000880       0x20 ./Core/Src/NRF24L.o
                0x08000880                NRF24L::nRF24_CSN_H()
 .text._ZN6NRF24L11nRF24_LL_RWEh
                0x080008a0       0x40 ./Core/Src/NRF24L.o
                0x080008a0                NRF24L::nRF24_LL_RW(unsigned char)
 .text._ZN6NRF24L7ReadRegEh
                0x080008e0       0x3e ./Core/Src/NRF24L.o
                0x080008e0                NRF24L::ReadReg(unsigned char)
 .text._ZN6NRF24L8WriteRegEhh
                0x0800091e       0x78 ./Core/Src/NRF24L.o
                0x0800091e                NRF24L::WriteReg(unsigned char, unsigned char)
 .text._ZN6NRF24L9ReadMBRegEhPhh
                0x08000996       0x5a ./Core/Src/NRF24L.o
                0x08000996                NRF24L::ReadMBReg(unsigned char, unsigned char*, unsigned char)
 .text._ZN6NRF24L10WriteMBRegEhPhh
                0x080009f0       0x58 ./Core/Src/NRF24L.o
                0x080009f0                NRF24L::WriteMBReg(unsigned char, unsigned char*, unsigned char)
 .text._ZN6NRF24L4InitEv
                0x08000a48       0xc8 ./Core/Src/NRF24L.o
                0x08000a48                NRF24L::Init()
 .text._ZN6NRF24L5CheckEv
                0x08000b10       0x6c ./Core/Src/NRF24L.o
                0x08000b10                NRF24L::Check()
 .text._ZN6NRF24L12SetPowerModeEh
                0x08000b7c       0x44 ./Core/Src/NRF24L.o
                0x08000b7c                NRF24L::SetPowerMode(unsigned char)
 .text._ZN6NRF24L18SetOperationalModeEh
                0x08000bc0       0x42 ./Core/Src/NRF24L.o
                0x08000bc0                NRF24L::SetOperationalMode(unsigned char)
 .text._ZN6NRF24L12SetCRCSchemeEh
                0x08000c02       0x42 ./Core/Src/NRF24L.o
                0x08000c02                NRF24L::SetCRCScheme(unsigned char)
 .text._ZN6NRF24L12SetRFChannelEh
                0x08000c44       0x20 ./Core/Src/NRF24L.o
                0x08000c44                NRF24L::SetRFChannel(unsigned char)
 .text._ZN6NRF24L12SetAddrWidthEh
                0x08000c64       0x24 ./Core/Src/NRF24L.o
                0x08000c64                NRF24L::SetAddrWidth(unsigned char)
 .text._ZN6NRF24L7SetAddrEhPKh
                0x08000c88       0xa8 ./Core/Src/NRF24L.o
                0x08000c88                NRF24L::SetAddr(unsigned char, unsigned char const*)
 .text._ZN6NRF24L11SetDataRateEh
                0x08000d30       0x3c ./Core/Src/NRF24L.o
                0x08000d30                NRF24L::SetDataRate(unsigned char)
 .text._ZN6NRF24L9SetRXPipeEhhh
                0x08000d6c       0xb4 ./Core/Src/NRF24L.o
                0x08000d6c                NRF24L::SetRXPipe(unsigned char, unsigned char, unsigned char)
 .text._ZN6NRF24L9DisableAAEh
                0x08000e20       0x56 ./Core/Src/NRF24L.o
                0x08000e20                NRF24L::DisableAA(unsigned char)
 .text._ZN6NRF24L16GetStatus_RXFIFOEv
                0x08000e76       0x20 ./Core/Src/NRF24L.o
                0x08000e76                NRF24L::GetStatus_RXFIFO()
 .text._ZN6NRF24L7FlushTXEv
                0x08000e96       0x1a ./Core/Src/NRF24L.o
                0x08000e96                NRF24L::FlushTX()
 .text._ZN6NRF24L7FlushRXEv
                0x08000eb0       0x1a ./Core/Src/NRF24L.o
                0x08000eb0                NRF24L::FlushRX()
 .text._ZN6NRF24L13ClearIRQFlagsEv
                0x08000eca       0x30 ./Core/Src/NRF24L.o
                0x08000eca                NRF24L::ClearIRQFlags()
 .text._ZN6NRF24L20GetRxDplPayloadWidthEv
                0x08000efa       0x32 ./Core/Src/NRF24L.o
                0x08000efa                NRF24L::GetRxDplPayloadWidth()
 .text._ZN6NRF24L18ReadPayloadGenericEPhS0_h
                0x08000f2c       0x94 ./Core/Src/NRF24L.o
                0x08000f2c                NRF24L::ReadPayloadGeneric(unsigned char*, unsigned char*, unsigned char)
 .text._ZN6NRF24L11ReadPayloadEPhS0_
                0x08000fc0       0x22 ./Core/Src/NRF24L.o
                0x08000fc0                NRF24L::ReadPayload(unsigned char*, unsigned char*)
 *fill*         0x08000fe2        0x2 
 .text._ZN6NRF24L6InitRXEPhh
                0x08000fe4       0x70 ./Core/Src/NRF24L.o
                0x08000fe4                NRF24L::InitRX(unsigned char*, unsigned char)
 .text._ZN6Tm1638C2EP19__SPI_HandleTypeDefP12GPIO_TypeDeftS3_t
                0x08001054       0x84 ./Core/Src/Tm1638.o
                0x08001054                Tm1638::Tm1638(__SPI_HandleTypeDef*, GPIO_TypeDef*, unsigned short, GPIO_TypeDef*, unsigned short)
                0x08001054                Tm1638::Tm1638(__SPI_HandleTypeDef*, GPIO_TypeDef*, unsigned short, GPIO_TypeDef*, unsigned short)
 .text._ZN6Tm16384testEv
                0x080010d8       0x6c ./Core/Src/Tm1638.o
                0x080010d8                Tm1638::test()
 .text._ZN6Tm163810turnOnFullEv
                0x08001144       0x28 ./Core/Src/Tm1638.o
                0x08001144                Tm1638::turnOnFull()
 .text._ZN6Tm16385clearEv
                0x0800116c       0x74 ./Core/Src/Tm1638.o
                0x0800116c                Tm1638::clear()
 .text._ZN6Tm163811writeCharToEhc
                0x080011e0       0x78 ./Core/Src/Tm1638.o
                0x080011e0                Tm1638::writeCharTo(unsigned char, char)
 .text._ZN6Tm16388writeLedEhb
                0x08001258       0x36 ./Core/Src/Tm1638.o
                0x08001258                Tm1638::writeLed(unsigned char, bool)
 .text._ZN6Tm163810writeHexToEhhm
                0x0800128e       0x4a ./Core/Src/Tm1638.o
                0x0800128e                Tm1638::writeHexTo(unsigned char, unsigned char, unsigned long)
 .text._ZN6Tm163811readButtonsEv
                0x080012d8       0x8c ./Core/Src/Tm1638.o
                0x080012d8                Tm1638::readButtons()
 .text._ZN6Tm16387setModeEPKh
                0x08001364       0x40 ./Core/Src/Tm1638.o
                0x08001364                Tm1638::setMode(unsigned char const*)
 .text._ZN6Tm16387writeToEhh
                0x080013a4       0x6c ./Core/Src/Tm1638.o
                0x080013a4                Tm1638::writeTo(unsigned char, unsigned char)
 .text._ZN6Tm16385hexToEch
                0x08001410       0x32 ./Core/Src/Tm1638.o
                0x08001410                Tm1638::hexTo(char, unsigned char)
 *fill*         0x08001442        0x2 
 .text.MX_ADC1_Init
                0x08001444       0xa4 ./Core/Src/adc.o
                0x08001444                MX_ADC1_Init
 .text.HAL_ADC_MspInit
                0x080014e8       0xf0 ./Core/Src/adc.o
                0x080014e8                HAL_ADC_MspInit
 .text.MX_DMA_Init
                0x080015d8       0x40 ./Core/Src/dma.o
                0x080015d8                MX_DMA_Init
 .text.MX_GPIO_Init
                0x08001618      0x140 ./Core/Src/gpio.o
                0x08001618                MX_GPIO_Init
 .text.main     0x08001758       0x30 ./Core/Src/main.o
                0x08001758                main
 .text.SystemClock_Config
                0x08001788       0xd0 ./Core/Src/main.o
                0x08001788                SystemClock_Config
 .text.Error_Handler
                0x08001858        0xc ./Core/Src/main.o
                0x08001858                Error_Handler
 .text.MX_SPI1_Init
                0x08001864       0x70 ./Core/Src/spi.o
                0x08001864                MX_SPI1_Init
 .text.MX_SPI2_Init
                0x080018d4       0x6c ./Core/Src/spi.o
                0x080018d4                MX_SPI2_Init
 .text.HAL_SPI_MspInit
                0x08001940       0xfc ./Core/Src/spi.o
                0x08001940                HAL_SPI_MspInit
 .text.HAL_MspInit
                0x08001a3c       0x50 ./Core/Src/stm32f4xx_hal_msp.o
                0x08001a3c                HAL_MspInit
 .text.NMI_Handler
                0x08001a8c        0x8 ./Core/Src/stm32f4xx_it.o
                0x08001a8c                NMI_Handler
 .text.HardFault_Handler
                0x08001a94        0x8 ./Core/Src/stm32f4xx_it.o
                0x08001a94                HardFault_Handler
 .text.MemManage_Handler
                0x08001a9c        0x8 ./Core/Src/stm32f4xx_it.o
                0x08001a9c                MemManage_Handler
 .text.BusFault_Handler
                0x08001aa4        0x8 ./Core/Src/stm32f4xx_it.o
                0x08001aa4                BusFault_Handler
 .text.UsageFault_Handler
                0x08001aac        0x8 ./Core/Src/stm32f4xx_it.o
                0x08001aac                UsageFault_Handler
 .text.SVC_Handler
                0x08001ab4        0xe ./Core/Src/stm32f4xx_it.o
                0x08001ab4                SVC_Handler
 .text.DebugMon_Handler
                0x08001ac2        0xe ./Core/Src/stm32f4xx_it.o
                0x08001ac2                DebugMon_Handler
 .text.PendSV_Handler
                0x08001ad0        0xe ./Core/Src/stm32f4xx_it.o
                0x08001ad0                PendSV_Handler
 .text.SysTick_Handler
                0x08001ade        0xc ./Core/Src/stm32f4xx_it.o
                0x08001ade                SysTick_Handler
 *fill*         0x08001aea        0x2 
 .text.USART1_IRQHandler
                0x08001aec       0x14 ./Core/Src/stm32f4xx_it.o
                0x08001aec                USART1_IRQHandler
 .text.DMA2_Stream0_IRQHandler
                0x08001b00       0x14 ./Core/Src/stm32f4xx_it.o
                0x08001b00                DMA2_Stream0_IRQHandler
 .text.OTG_FS_IRQHandler
                0x08001b14       0x14 ./Core/Src/stm32f4xx_it.o
                0x08001b14                OTG_FS_IRQHandler
 .text.SystemInit
                0x08001b28       0x24 ./Core/Src/system_stm32f4xx.o
                0x08001b28                SystemInit
 .text.MX_USART1_UART_Init
                0x08001b4c       0x54 ./Core/Src/usart.o
                0x08001b4c                MX_USART1_UART_Init
 .text.HAL_UART_MspInit
                0x08001ba0       0xe0 ./Core/Src/usart.o
                0x08001ba0                HAL_UART_MspInit
 .text.Reset_Handler
                0x08001c80       0x50 ./Core/Startup/startup_stm32f411ceux.o
                0x08001c80                Reset_Handler
 .text.Default_Handler
                0x08001cd0        0x2 ./Core/Startup/startup_stm32f411ceux.o
                0x08001cd0                RTC_Alarm_IRQHandler
                0x08001cd0                EXTI2_IRQHandler
                0x08001cd0                SPI4_IRQHandler
                0x08001cd0                TIM1_CC_IRQHandler
                0x08001cd0                DMA2_Stream5_IRQHandler
                0x08001cd0                DMA1_Stream5_IRQHandler
                0x08001cd0                PVD_IRQHandler
                0x08001cd0                SDIO_IRQHandler
                0x08001cd0                TAMP_STAMP_IRQHandler
                0x08001cd0                EXTI3_IRQHandler
                0x08001cd0                TIM1_UP_TIM10_IRQHandler
                0x08001cd0                I2C3_ER_IRQHandler
                0x08001cd0                EXTI0_IRQHandler
                0x08001cd0                I2C2_EV_IRQHandler
                0x08001cd0                DMA1_Stream2_IRQHandler
                0x08001cd0                FPU_IRQHandler
                0x08001cd0                DMA2_Stream2_IRQHandler
                0x08001cd0                SPI1_IRQHandler
                0x08001cd0                TIM1_BRK_TIM9_IRQHandler
                0x08001cd0                DMA2_Stream3_IRQHandler
                0x08001cd0                USART6_IRQHandler
                0x08001cd0                TIM4_IRQHandler
                0x08001cd0                I2C1_EV_IRQHandler
                0x08001cd0                DMA1_Stream6_IRQHandler
                0x08001cd0                DMA1_Stream1_IRQHandler
                0x08001cd0                TIM3_IRQHandler
                0x08001cd0                RCC_IRQHandler
                0x08001cd0                Default_Handler
                0x08001cd0                EXTI15_10_IRQHandler
                0x08001cd0                ADC_IRQHandler
                0x08001cd0                DMA1_Stream7_IRQHandler
                0x08001cd0                SPI5_IRQHandler
                0x08001cd0                TIM5_IRQHandler
                0x08001cd0                DMA2_Stream7_IRQHandler
                0x08001cd0                I2C3_EV_IRQHandler
                0x08001cd0                EXTI9_5_IRQHandler
                0x08001cd0                RTC_WKUP_IRQHandler
                0x08001cd0                SPI2_IRQHandler
                0x08001cd0                DMA1_Stream0_IRQHandler
                0x08001cd0                EXTI4_IRQHandler
                0x08001cd0                WWDG_IRQHandler
                0x08001cd0                TIM2_IRQHandler
                0x08001cd0                OTG_FS_WKUP_IRQHandler
                0x08001cd0                TIM1_TRG_COM_TIM11_IRQHandler
                0x08001cd0                EXTI1_IRQHandler
                0x08001cd0                USART2_IRQHandler
                0x08001cd0                I2C2_ER_IRQHandler
                0x08001cd0                DMA2_Stream1_IRQHandler
                0x08001cd0                FLASH_IRQHandler
                0x08001cd0                DMA2_Stream4_IRQHandler
                0x08001cd0                SPI3_IRQHandler
                0x08001cd0                DMA1_Stream4_IRQHandler
                0x08001cd0                I2C1_ER_IRQHandler
                0x08001cd0                DMA2_Stream6_IRQHandler
                0x08001cd0                DMA1_Stream3_IRQHandler
 *fill*         0x08001cd2        0x2 
 .text.HAL_Init
                0x08001cd4       0x44 ./Drivers/STM32F4xx_HAL_Driver/Src/stm32f4xx_hal.o
                0x08001cd4                HAL_Init
 .text.HAL_InitTick
                0x08001d18       0x60 ./Drivers/STM32F4xx_HAL_Driver/Src/stm32f4xx_hal.o
                0x08001d18                HAL_InitTick
 .text.HAL_IncTick
                0x08001d78       0x28 ./Drivers/STM32F4xx_HAL_Driver/Src/stm32f4xx_hal.o
                0x08001d78                HAL_IncTick
 .text.HAL_GetTick
                0x08001da0       0x18 ./Drivers/STM32F4xx_HAL_Driver/Src/stm32f4xx_hal.o
                0x08001da0                HAL_GetTick
 .text.HAL_Delay
                0x08001db8       0x48 ./Drivers/STM32F4xx_HAL_Driver/Src/stm32f4xx_hal.o
                0x08001db8                HAL_Delay
 .text.HAL_ADC_Init
                0x08001e00       0x86 ./Drivers/STM32F4xx_HAL_Driver/Src/stm32f4xx_hal_adc.o
                0x08001e00                HAL_ADC_Init
 *fill*         0x08001e86        0x2 
 .text.HAL_ADC_ConfigChannel
                0x08001e88      0x264 ./Drivers/STM32F4xx_HAL_Driver/Src/stm32f4xx_hal_adc.o
                0x08001e88                HAL_ADC_ConfigChannel
 .text.ADC_Init
                0x080020ec      0x1f8 ./Drivers/STM32F4xx_HAL_Driver/Src/stm32f4xx_hal_adc.o
 .text.__NVIC_SetPriorityGrouping
                0x080022e4       0x48 ./Drivers/STM32F4xx_HAL_Driver/Src/stm32f4xx_hal_cortex.o
 .text.__NVIC_GetPriorityGrouping
                0x0800232c       0x1c ./Drivers/STM32F4xx_HAL_Driver/Src/stm32f4xx_hal_cortex.o
 .text.__NVIC_EnableIRQ
                0x08002348       0x3c ./Drivers/STM32F4xx_HAL_Driver/Src/stm32f4xx_hal_cortex.o
 .text.__NVIC_SetPriority
                0x08002384       0x54 ./Drivers/STM32F4xx_HAL_Driver/Src/stm32f4xx_hal_cortex.o
 .text.NVIC_EncodePriority
                0x080023d8       0x66 ./Drivers/STM32F4xx_HAL_Driver/Src/stm32f4xx_hal_cortex.o
 *fill*         0x0800243e        0x2 
 .text.SysTick_Config
                0x08002440       0x44 ./Drivers/STM32F4xx_HAL_Driver/Src/stm32f4xx_hal_cortex.o
 .text.HAL_NVIC_SetPriorityGrouping
                0x08002484       0x16 ./Drivers/STM32F4xx_HAL_Driver/Src/stm32f4xx_hal_cortex.o
                0x08002484                HAL_NVIC_SetPriorityGrouping
 .text.HAL_NVIC_SetPriority
                0x0800249a       0x38 ./Drivers/STM32F4xx_HAL_Driver/Src/stm32f4xx_hal_cortex.o
                0x0800249a                HAL_NVIC_SetPriority
 .text.HAL_NVIC_EnableIRQ
                0x080024d2       0x1c ./Drivers/STM32F4xx_HAL_Driver/Src/stm32f4xx_hal_cortex.o
                0x080024d2                HAL_NVIC_EnableIRQ
 .text.HAL_SYSTICK_Config
                0x080024ee       0x18 ./Drivers/STM32F4xx_HAL_Driver/Src/stm32f4xx_hal_cortex.o
                0x080024ee                HAL_SYSTICK_Config
 *fill*         0x08002506        0x2 
 .text.HAL_DMA_Init
                0x08002508      0x15c ./Drivers/STM32F4xx_HAL_Driver/Src/stm32f4xx_hal_dma.o
                0x08002508                HAL_DMA_Init
 .text.HAL_DMA_Abort
                0x08002664       0xe0 ./Drivers/STM32F4xx_HAL_Driver/Src/stm32f4xx_hal_dma.o
                0x08002664                HAL_DMA_Abort
 .text.HAL_DMA_Abort_IT
                0x08002744       0x44 ./Drivers/STM32F4xx_HAL_Driver/Src/stm32f4xx_hal_dma.o
                0x08002744                HAL_DMA_Abort_IT
 .text.HAL_DMA_IRQHandler
                0x08002788      0x314 ./Drivers/STM32F4xx_HAL_Driver/Src/stm32f4xx_hal_dma.o
                0x08002788                HAL_DMA_IRQHandler
 .text.DMA_CalcBaseAndBitshift
                0x08002a9c       0x6c ./Drivers/STM32F4xx_HAL_Driver/Src/stm32f4xx_hal_dma.o
 .text.DMA_CheckFifoParam
                0x08002b08       0xf8 ./Drivers/STM32F4xx_HAL_Driver/Src/stm32f4xx_hal_dma.o
 .text.HAL_GPIO_Init
                0x08002c00      0x308 ./Drivers/STM32F4xx_HAL_Driver/Src/stm32f4xx_hal_gpio.o
                0x08002c00                HAL_GPIO_Init
 .text.HAL_GPIO_WritePin
                0x08002f08       0x32 ./Drivers/STM32F4xx_HAL_Driver/Src/stm32f4xx_hal_gpio.o
                0x08002f08                HAL_GPIO_WritePin
 .text.HAL_PCD_Init
                0x08002f3a      0x21e ./Drivers/STM32F4xx_HAL_Driver/Src/stm32f4xx_hal_pcd.o
                0x08002f3a                HAL_PCD_Init
 .text.HAL_PCD_Start
                0x08003158       0x6a ./Drivers/STM32F4xx_HAL_Driver/Src/stm32f4xx_hal_pcd.o
                0x08003158                HAL_PCD_Start
 .text.HAL_PCD_IRQHandler
                0x080031c2      0x942 ./Drivers/STM32F4xx_HAL_Driver/Src/stm32f4xx_hal_pcd.o
                0x080031c2                HAL_PCD_IRQHandler
 .text.HAL_PCD_SetAddress
                0x08003b04       0x48 ./Drivers/STM32F4xx_HAL_Driver/Src/stm32f4xx_hal_pcd.o
                0x08003b04                HAL_PCD_SetAddress
 .text.HAL_PCD_EP_Open
                0x08003b4c       0xd0 ./Drivers/STM32F4xx_HAL_Driver/Src/stm32f4xx_hal_pcd.o
                0x08003b4c                HAL_PCD_EP_Open
 .text.HAL_PCD_EP_Close
                0x08003c1c       0x94 ./Drivers/STM32F4xx_HAL_Driver/Src/stm32f4xx_hal_pcd.o
                0x08003c1c                HAL_PCD_EP_Close
 .text.HAL_PCD_EP_Receive
                0x08003cb0       0x76 ./Drivers/STM32F4xx_HAL_Driver/Src/stm32f4xx_hal_pcd.o
                0x08003cb0                HAL_PCD_EP_Receive
 .text.HAL_PCD_EP_GetRxCount
                0x08003d26       0x30 ./Drivers/STM32F4xx_HAL_Driver/Src/stm32f4xx_hal_pcd.o
                0x08003d26                HAL_PCD_EP_GetRxCount
 .text.HAL_PCD_EP_Transmit
                0x08003d56       0x74 ./Drivers/STM32F4xx_HAL_Driver/Src/stm32f4xx_hal_pcd.o
                0x08003d56                HAL_PCD_EP_Transmit
 .text.HAL_PCD_EP_SetStall
                0x08003dca       0xc6 ./Drivers/STM32F4xx_HAL_Driver/Src/stm32f4xx_hal_pcd.o
                0x08003dca                HAL_PCD_EP_SetStall
 .text.HAL_PCD_EP_ClrStall
                0x08003e90       0xac ./Drivers/STM32F4xx_HAL_Driver/Src/stm32f4xx_hal_pcd.o
                0x08003e90                HAL_PCD_EP_ClrStall
 .text.HAL_PCD_EP_Abort
                0x08003f3c       0x62 ./Drivers/STM32F4xx_HAL_Driver/Src/stm32f4xx_hal_pcd.o
                0x08003f3c                HAL_PCD_EP_Abort
 .text.PCD_WriteEmptyTxFifo
                0x08003f9e      0x118 ./Drivers/STM32F4xx_HAL_Driver/Src/stm32f4xx_hal_pcd.o
 *fill*         0x080040b6        0x2 
 .text.PCD_EP_OutXfrComplete_int
                0x080040b8      0x1d0 ./Drivers/STM32F4xx_HAL_Driver/Src/stm32f4xx_hal_pcd.o
 .text.PCD_EP_OutSetupPacket_int
                0x08004288       0x8c ./Drivers/STM32F4xx_HAL_Driver/Src/stm32f4xx_hal_pcd.o
 .text.HAL_PCDEx_SetTxFiFo
                0x08004314       0x8e ./Drivers/STM32F4xx_HAL_Driver/Src/stm32f4xx_hal_pcd_ex.o
                0x08004314                HAL_PCDEx_SetTxFiFo
 .text.HAL_PCDEx_SetRxFiFo
                0x080043a2       0x22 ./Drivers/STM32F4xx_HAL_Driver/Src/stm32f4xx_hal_pcd_ex.o
                0x080043a2                HAL_PCDEx_SetRxFiFo
 .text.HAL_PCDEx_LPM_Callback
                0x080043c4       0x18 ./Drivers/STM32F4xx_HAL_Driver/Src/stm32f4xx_hal_pcd_ex.o
                0x080043c4                HAL_PCDEx_LPM_Callback
 .text.HAL_RCC_OscConfig
                0x080043dc      0x4f0 ./Drivers/STM32F4xx_HAL_Driver/Src/stm32f4xx_hal_rcc.o
                0x080043dc                HAL_RCC_OscConfig
 .text.HAL_RCC_ClockConfig
                0x080048cc      0x1cc ./Drivers/STM32F4xx_HAL_Driver/Src/stm32f4xx_hal_rcc.o
                0x080048cc                HAL_RCC_ClockConfig
 .text.HAL_RCC_GetSysClockFreq
                0x08004a98      0x18c ./Drivers/STM32F4xx_HAL_Driver/Src/stm32f4xx_hal_rcc.o
                0x08004a98                HAL_RCC_GetSysClockFreq
 .text.HAL_RCC_GetHCLKFreq
                0x08004c24       0x18 ./Drivers/STM32F4xx_HAL_Driver/Src/stm32f4xx_hal_rcc.o
                0x08004c24                HAL_RCC_GetHCLKFreq
 .text.HAL_RCC_GetPCLK1Freq
                0x08004c3c       0x28 ./Drivers/STM32F4xx_HAL_Driver/Src/stm32f4xx_hal_rcc.o
                0x08004c3c                HAL_RCC_GetPCLK1Freq
 .text.HAL_RCC_GetPCLK2Freq
                0x08004c64       0x28 ./Drivers/STM32F4xx_HAL_Driver/Src/stm32f4xx_hal_rcc.o
                0x08004c64                HAL_RCC_GetPCLK2Freq
 .text.HAL_SPI_Init
                0x08004c8c      0x112 ./Drivers/STM32F4xx_HAL_Driver/Src/stm32f4xx_hal_spi.o
                0x08004c8c                HAL_SPI_Init
 .text.HAL_SPI_Transmit
                0x08004d9e      0x286 ./Drivers/STM32F4xx_HAL_Driver/Src/stm32f4xx_hal_spi.o
                0x08004d9e                HAL_SPI_Transmit
 .text.HAL_SPI_Receive
                0x08005024      0x230 ./Drivers/STM32F4xx_HAL_Driver/Src/stm32f4xx_hal_spi.o
                0x08005024                HAL_SPI_Receive
 .text.HAL_SPI_TransmitReceive
                0x08005254      0x360 ./Drivers/STM32F4xx_HAL_Driver/Src/stm32f4xx_hal_spi.o
                0x08005254                HAL_SPI_TransmitReceive
 .text.SPI_WaitFlagStateUntilTimeout
                0x080055b4      0x110 ./Drivers/STM32F4xx_HAL_Driver/Src/stm32f4xx_hal_spi.o
 .text.SPI_EndRxTransaction
                0x080056c4       0xca ./Drivers/STM32F4xx_HAL_Driver/Src/stm32f4xx_hal_spi.o
 *fill*         0x0800578e        0x2 
 .text.SPI_EndRxTxTransaction
                0x08005790       0xa8 ./Drivers/STM32F4xx_HAL_Driver/Src/stm32f4xx_hal_spi.o
 .text.HAL_UART_Init
                0x08005838       0xa0 ./Drivers/STM32F4xx_HAL_Driver/Src/stm32f4xx_hal_uart.o
                0x08005838                HAL_UART_Init
 .text.HAL_UART_Transmit
                0x080058d8      0x116 ./Drivers/STM32F4xx_HAL_Driver/Src/stm32f4xx_hal_uart.o
                0x080058d8                HAL_UART_Transmit
 .text.HAL_UART_Receive_IT
                0x080059ee       0x4a ./Drivers/STM32F4xx_HAL_Driver/Src/stm32f4xx_hal_uart.o
                0x080059ee                HAL_UART_Receive_IT
 .text.HAL_UART_IRQHandler
                0x08005a38      0x524 ./Drivers/STM32F4xx_HAL_Driver/Src/stm32f4xx_hal_uart.o
                0x08005a38                HAL_UART_IRQHandler
 .text.HAL_UART_TxCpltCallback
                0x08005f5c       0x14 ./Drivers/STM32F4xx_HAL_Driver/Src/stm32f4xx_hal_uart.o
                0x08005f5c                HAL_UART_TxCpltCallback
 .text.HAL_UART_ErrorCallback
                0x08005f70       0x14 ./Drivers/STM32F4xx_HAL_Driver/Src/stm32f4xx_hal_uart.o
                0x08005f70                HAL_UART_ErrorCallback
 .text.HAL_UARTEx_RxEventCallback
                0x08005f84       0x18 ./Drivers/STM32F4xx_HAL_Driver/Src/stm32f4xx_hal_uart.o
                0x08005f84                HAL_UARTEx_RxEventCallback
 .text.UART_WaitOnFlagUntilTimeout
                0x08005f9c       0xb2 ./Drivers/STM32F4xx_HAL_Driver/Src/stm32f4xx_hal_uart.o
 .text.UART_Start_Receive_IT
                0x0800604e       0x74 ./Drivers/STM32F4xx_HAL_Driver/Src/stm32f4xx_hal_uart.o
                0x0800604e                UART_Start_Receive_IT
 .text.UART_EndRxTransfer
                0x080060c2       0xc6 ./Drivers/STM32F4xx_HAL_Driver/Src/stm32f4xx_hal_uart.o
 .text.UART_DMAAbortOnError
                0x08006188       0x28 ./Drivers/STM32F4xx_HAL_Driver/Src/stm32f4xx_hal_uart.o
 .text.UART_Transmit_IT
                0x080061b0       0xa0 ./Drivers/STM32F4xx_HAL_Driver/Src/stm32f4xx_hal_uart.o
 .text.UART_EndTransmit_IT
                0x08006250       0x30 ./Drivers/STM32F4xx_HAL_Driver/Src/stm32f4xx_hal_uart.o
 .text.UART_Receive_IT
                0x08006280      0x17c ./Drivers/STM32F4xx_HAL_Driver/Src/stm32f4xx_hal_uart.o
 .text.UART_SetConfig
                0x080063fc      0x4e8 ./Drivers/STM32F4xx_HAL_Driver/Src/stm32f4xx_hal_uart.o
 .text.USB_CoreInit
                0x080068e4       0xc8 ./Drivers/STM32F4xx_HAL_Driver/Src/stm32f4xx_ll_usb.o
                0x080068e4                USB_CoreInit
 .text.USB_SetTurnaroundTime
                0x080069ac      0x144 ./Drivers/STM32F4xx_HAL_Driver/Src/stm32f4xx_ll_usb.o
                0x080069ac                USB_SetTurnaroundTime
 .text.USB_EnableGlobalInt
                0x08006af0       0x22 ./Drivers/STM32F4xx_HAL_Driver/Src/stm32f4xx_ll_usb.o
                0x08006af0                USB_EnableGlobalInt
 .text.USB_DisableGlobalInt
                0x08006b12       0x22 ./Drivers/STM32F4xx_HAL_Driver/Src/stm32f4xx_ll_usb.o
                0x08006b12                USB_DisableGlobalInt
 .text.USB_SetCurrentMode
                0x08006b34       0x98 ./Drivers/STM32F4xx_HAL_Driver/Src/stm32f4xx_ll_usb.o
                0x08006b34                USB_SetCurrentMode
 .text.USB_DevInit
                0x08006bcc      0x2c8 ./Drivers/STM32F4xx_HAL_Driver/Src/stm32f4xx_ll_usb.o
                0x08006bcc                USB_DevInit
 .text.USB_FlushTxFifo
                0x08006e94       0x64 ./Drivers/STM32F4xx_HAL_Driver/Src/stm32f4xx_ll_usb.o
                0x08006e94                USB_FlushTxFifo
 .text.USB_FlushRxFifo
                0x08006ef8       0x5c ./Drivers/STM32F4xx_HAL_Driver/Src/stm32f4xx_ll_usb.o
                0x08006ef8                USB_FlushRxFifo
 .text.USB_SetDevSpeed
                0x08006f54       0x32 ./Drivers/STM32F4xx_HAL_Driver/Src/stm32f4xx_ll_usb.o
                0x08006f54                USB_SetDevSpeed
 .text.USB_GetDevSpeed
                0x08006f86       0x4a ./Drivers/STM32F4xx_HAL_Driver/Src/stm32f4xx_ll_usb.o
                0x08006f86                USB_GetDevSpeed
 .text.USB_ActivateEndpoint
                0x08006fd0      0x10e ./Drivers/STM32F4xx_HAL_Driver/Src/stm32f4xx_ll_usb.o
                0x08006fd0                USB_ActivateEndpoint
 *fill*         0x080070de        0x2 
 .text.USB_DeactivateEndpoint
                0x080070e0      0x1b8 ./Drivers/STM32F4xx_HAL_Driver/Src/stm32f4xx_ll_usb.o
                0x080070e0                USB_DeactivateEndpoint
 .text.USB_EPStartXfer
                0x08007298      0x530 ./Drivers/STM32F4xx_HAL_Driver/Src/stm32f4xx_ll_usb.o
                0x08007298                USB_EPStartXfer
 .text.USB_EPStopXfer
                0x080077c8      0x154 ./Drivers/STM32F4xx_HAL_Driver/Src/stm32f4xx_ll_usb.o
                0x080077c8                USB_EPStopXfer
 .text.USB_WritePacket
                0x0800791c       0x7c ./Drivers/STM32F4xx_HAL_Driver/Src/stm32f4xx_ll_usb.o
                0x0800791c                USB_WritePacket
 .text.USB_ReadPacket
                0x08007998       0xb0 ./Drivers/STM32F4xx_HAL_Driver/Src/stm32f4xx_ll_usb.o
                0x08007998                USB_ReadPacket
 .text.USB_EPSetStall
                0x08007a48       0xdc ./Drivers/STM32F4xx_HAL_Driver/Src/stm32f4xx_ll_usb.o
                0x08007a48                USB_EPSetStall
 .text.USB_EPClearStall
                0x08007b24       0xcc ./Drivers/STM32F4xx_HAL_Driver/Src/stm32f4xx_ll_usb.o
                0x08007b24                USB_EPClearStall
 .text.USB_SetDevAddress
                0x08007bf0       0x4c ./Drivers/STM32F4xx_HAL_Driver/Src/stm32f4xx_ll_usb.o
                0x08007bf0                USB_SetDevAddress
 .text.USB_DevConnect
                0x08007c3c       0x42 ./Drivers/STM32F4xx_HAL_Driver/Src/stm32f4xx_ll_usb.o
                0x08007c3c                USB_DevConnect
 .text.USB_DevDisconnect
                0x08007c7e       0x42 ./Drivers/STM32F4xx_HAL_Driver/Src/stm32f4xx_ll_usb.o
                0x08007c7e                USB_DevDisconnect
 .text.USB_ReadInterrupts
                0x08007cc0       0x26 ./Drivers/STM32F4xx_HAL_Driver/Src/stm32f4xx_ll_usb.o
                0x08007cc0                USB_ReadInterrupts
 .text.USB_ReadDevAllOutEpInterrupt
                0x08007ce6       0x34 ./Drivers/STM32F4xx_HAL_Driver/Src/stm32f4xx_ll_usb.o
                0x08007ce6                USB_ReadDevAllOutEpInterrupt
 .text.USB_ReadDevAllInEpInterrupt
                0x08007d1a       0x34 ./Drivers/STM32F4xx_HAL_Driver/Src/stm32f4xx_ll_usb.o
                0x08007d1a                USB_ReadDevAllInEpInterrupt
 .text.USB_ReadDevOutEPInterrupt
                0x08007d4e       0x3c ./Drivers/STM32F4xx_HAL_Driver/Src/stm32f4xx_ll_usb.o
                0x08007d4e                USB_ReadDevOutEPInterrupt
 .text.USB_ReadDevInEPInterrupt
                0x08007d8a       0x5c ./Drivers/STM32F4xx_HAL_Driver/Src/stm32f4xx_ll_usb.o
                0x08007d8a                USB_ReadDevInEPInterrupt
 .text.USB_GetMode
                0x08007de6       0x1c ./Drivers/STM32F4xx_HAL_Driver/Src/stm32f4xx_ll_usb.o
                0x08007de6                USB_GetMode
 .text.USB_ActivateSetup
                0x08007e02       0x46 ./Drivers/STM32F4xx_HAL_Driver/Src/stm32f4xx_ll_usb.o
                0x08007e02                USB_ActivateSetup
 .text.USB_EP0_OutStart
                0x08007e48       0xbc ./Drivers/STM32F4xx_HAL_Driver/Src/stm32f4xx_ll_usb.o
                0x08007e48                USB_EP0_OutStart
 .text.USB_CoreReset
                0x08007f04       0x62 ./Drivers/STM32F4xx_HAL_Driver/Src/stm32f4xx_ll_usb.o
 *fill*         0x08007f66        0x2 
 .text.USBD_CDC_Init
                0x08007f68      0x1f0 ./Middlewares/ST/STM32_USB_Device_Library/Class/CDC/Src/usbd_cdc.o
 .text.USBD_CDC_DeInit
                0x08008158      0x104 ./Middlewares/ST/STM32_USB_Device_Library/Class/CDC/Src/usbd_cdc.o
 .text.USBD_CDC_Setup
                0x0800825c      0x1b8 ./Middlewares/ST/STM32_USB_Device_Library/Class/CDC/Src/usbd_cdc.o
 .text.USBD_CDC_DataIn
                0x08008414       0xfe ./Middlewares/ST/STM32_USB_Device_Library/Class/CDC/Src/usbd_cdc.o
 .text.USBD_CDC_DataOut
                0x08008512       0x70 ./Middlewares/ST/STM32_USB_Device_Library/Class/CDC/Src/usbd_cdc.o
 .text.USBD_CDC_EP0_RxReady
                0x08008582       0x74 ./Middlewares/ST/STM32_USB_Device_Library/Class/CDC/Src/usbd_cdc.o
 *fill*         0x080085f6        0x2 
 .text.USBD_CDC_GetFSCfgDesc
                0x080085f8       0x70 ./Middlewares/ST/STM32_USB_Device_Library/Class/CDC/Src/usbd_cdc.o
 .text.USBD_CDC_GetHSCfgDesc
                0x08008668       0x70 ./Middlewares/ST/STM32_USB_Device_Library/Class/CDC/Src/usbd_cdc.o
 .text.USBD_CDC_GetOtherSpeedCfgDesc
                0x080086d8       0x70 ./Middlewares/ST/STM32_USB_Device_Library/Class/CDC/Src/usbd_cdc.o
 .text.USBD_CDC_GetDeviceQualifierDescriptor
                0x08008748       0x20 ./Middlewares/ST/STM32_USB_Device_Library/Class/CDC/Src/usbd_cdc.o
                0x08008748                USBD_CDC_GetDeviceQualifierDescriptor
 .text.USBD_CDC_RegisterInterface
                0x08008768       0x34 ./Middlewares/ST/STM32_USB_Device_Library/Class/CDC/Src/usbd_cdc.o
                0x08008768                USBD_CDC_RegisterInterface
 .text.USBD_CDC_SetTxBuffer
                0x0800879c       0x44 ./Middlewares/ST/STM32_USB_Device_Library/Class/CDC/Src/usbd_cdc.o
                0x0800879c                USBD_CDC_SetTxBuffer
 .text.USBD_CDC_SetRxBuffer
                0x080087e0       0x3a ./Middlewares/ST/STM32_USB_Device_Library/Class/CDC/Src/usbd_cdc.o
                0x080087e0                USBD_CDC_SetRxBuffer
 *fill*         0x0800881a        0x2 
 .text.USBD_CDC_TransmitPacket
                0x0800881c       0x80 ./Middlewares/ST/STM32_USB_Device_Library/Class/CDC/Src/usbd_cdc.o
                0x0800881c                USBD_CDC_TransmitPacket
 .text.USBD_CDC_ReceivePacket
                0x0800889c       0x6c ./Middlewares/ST/STM32_USB_Device_Library/Class/CDC/Src/usbd_cdc.o
                0x0800889c                USBD_CDC_ReceivePacket
 .text.USBD_Init
                0x08008908       0x60 ./Middlewares/ST/STM32_USB_Device_Library/Core/Src/usbd_core.o
                0x08008908                USBD_Init
 .text.USBD_RegisterClass
                0x08008968       0x6c ./Middlewares/ST/STM32_USB_Device_Library/Core/Src/usbd_core.o
                0x08008968                USBD_RegisterClass
 .text.USBD_Start
                0x080089d4       0x18 ./Middlewares/ST/STM32_USB_Device_Library/Core/Src/usbd_core.o
                0x080089d4                USBD_Start
 .text.USBD_RunTestMode
                0x080089ec       0x16 ./Middlewares/ST/STM32_USB_Device_Library/Core/Src/usbd_core.o
                0x080089ec                USBD_RunTestMode
 .text.USBD_SetClassConfig
                0x08008a02       0x38 ./Middlewares/ST/STM32_USB_Device_Library/Core/Src/usbd_core.o
                0x08008a02                USBD_SetClassConfig
 .text.USBD_ClrClassConfig
                0x08008a3a       0x34 ./Middlewares/ST/STM32_USB_Device_Library/Core/Src/usbd_core.o
                0x08008a3a                USBD_ClrClassConfig
 .text.USBD_LL_SetupStage
                0x08008a6e       0xaa ./Middlewares/ST/STM32_USB_Device_Library/Core/Src/usbd_core.o
                0x08008a6e                USBD_LL_SetupStage
 .text.USBD_LL_DataOutStage
                0x08008b18      0x166 ./Middlewares/ST/STM32_USB_Device_Library/Core/Src/usbd_core.o
                0x08008b18                USBD_LL_DataOutStage
 .text.USBD_LL_DataInStage
                0x08008c7e      0x164 ./Middlewares/ST/STM32_USB_Device_Library/Core/Src/usbd_core.o
                0x08008c7e                USBD_LL_DataInStage
 .text.USBD_LL_Reset
                0x08008de2       0xa4 ./Middlewares/ST/STM32_USB_Device_Library/Core/Src/usbd_core.o
                0x08008de2                USBD_LL_Reset
 .text.USBD_LL_SetSpeed
                0x08008e86       0x20 ./Middlewares/ST/STM32_USB_Device_Library/Core/Src/usbd_core.o
                0x08008e86                USBD_LL_SetSpeed
 .text.USBD_LL_Suspend
                0x08008ea6       0x38 ./Middlewares/ST/STM32_USB_Device_Library/Core/Src/usbd_core.o
                0x08008ea6                USBD_LL_Suspend
 .text.USBD_LL_Resume
                0x08008ede       0x30 ./Middlewares/ST/STM32_USB_Device_Library/Core/Src/usbd_core.o
                0x08008ede                USBD_LL_Resume
 .text.USBD_LL_SOF
                0x08008f0e       0x40 ./Middlewares/ST/STM32_USB_Device_Library/Core/Src/usbd_core.o
                0x08008f0e                USBD_LL_SOF
 .text.USBD_LL_IsoINIncomplete
                0x08008f4e       0x64 ./Middlewares/ST/STM32_USB_Device_Library/Core/Src/usbd_core.o
                0x08008f4e                USBD_LL_IsoINIncomplete
 .text.USBD_LL_IsoOUTIncomplete
                0x08008fb2       0x64 ./Middlewares/ST/STM32_USB_Device_Library/Core/Src/usbd_core.o
                0x08008fb2                USBD_LL_IsoOUTIncomplete
 .text.USBD_LL_DevConnected
                0x08009016       0x16 ./Middlewares/ST/STM32_USB_Device_Library/Core/Src/usbd_core.o
                0x08009016                USBD_LL_DevConnected
 .text.USBD_LL_DevDisconnected
                0x0800902c       0x46 ./Middlewares/ST/STM32_USB_Device_Library/Core/Src/usbd_core.o
                0x0800902c                USBD_LL_DevDisconnected
 .text.USBD_CoreFindIF
                0x08009072       0x1a ./Middlewares/ST/STM32_USB_Device_Library/Core/Src/usbd_core.o
                0x08009072                USBD_CoreFindIF
 .text.USBD_CoreFindEP
                0x0800908c       0x1a ./Middlewares/ST/STM32_USB_Device_Library/Core/Src/usbd_core.o
                0x0800908c                USBD_CoreFindEP
 .text.USBD_GetEpDesc
                0x080090a6       0x70 ./Middlewares/ST/STM32_USB_Device_Library/Core/Src/usbd_core.o
                0x080090a6                USBD_GetEpDesc
 .text.USBD_GetNextDesc
                0x08009116       0x38 ./Middlewares/ST/STM32_USB_Device_Library/Core/Src/usbd_core.o
                0x08009116                USBD_GetNextDesc
 .text.SWAPBYTE
                0x0800914e       0x3c ./Middlewares/ST/STM32_USB_Device_Library/Core/Src/usbd_ctlreq.o
 *fill*         0x0800918a        0x2 
 .text.USBD_StdDevReq
                0x0800918c       0xe4 ./Middlewares/ST/STM32_USB_Device_Library/Core/Src/usbd_ctlreq.o
                0x0800918c                USBD_StdDevReq
 .text.USBD_StdItfReq
                0x08009270       0xd8 ./Middlewares/ST/STM32_USB_Device_Library/Core/Src/usbd_ctlreq.o
                0x08009270                USBD_StdItfReq
 .text.USBD_StdEPReq
                0x08009348      0x33a ./Middlewares/ST/STM32_USB_Device_Library/Core/Src/usbd_ctlreq.o
                0x08009348                USBD_StdEPReq
 *fill*         0x08009682        0x2 
 .text.USBD_GetDescriptor
                0x08009684      0x2d4 ./Middlewares/ST/STM32_USB_Device_Library/Core/Src/usbd_ctlreq.o
 .text.USBD_SetAddress
                0x08009958       0x88 ./Middlewares/ST/STM32_USB_Device_Library/Core/Src/usbd_ctlreq.o
 .text.USBD_SetConfig
                0x080099e0      0x154 ./Middlewares/ST/STM32_USB_Device_Library/Core/Src/usbd_ctlreq.o
 .text.USBD_GetConfig
                0x08009b34       0x6c ./Middlewares/ST/STM32_USB_Device_Library/Core/Src/usbd_ctlreq.o
 .text.USBD_GetStatus
                0x08009ba0       0x68 ./Middlewares/ST/STM32_USB_Device_Library/Core/Src/usbd_ctlreq.o
 .text.USBD_SetFeature
                0x08009c08       0x52 ./Middlewares/ST/STM32_USB_Device_Library/Core/Src/usbd_ctlreq.o
 .text.USBD_ClrFeature
                0x08009c5a       0x44 ./Middlewares/ST/STM32_USB_Device_Library/Core/Src/usbd_ctlreq.o
 .text.USBD_ParseSetupRequest
                0x08009c9e       0x74 ./Middlewares/ST/STM32_USB_Device_Library/Core/Src/usbd_ctlreq.o
                0x08009c9e                USBD_ParseSetupRequest
 .text.USBD_CtlError
                0x08009d12       0x22 ./Middlewares/ST/STM32_USB_Device_Library/Core/Src/usbd_ctlreq.o
                0x08009d12                USBD_CtlError
 .text.USBD_GetString
                0x08009d34       0x8c ./Middlewares/ST/STM32_USB_Device_Library/Core/Src/usbd_ctlreq.o
                0x08009d34                USBD_GetString
 .text.USBD_GetLen
                0x08009dc0       0x34 ./Middlewares/ST/STM32_USB_Device_Library/Core/Src/usbd_ctlreq.o
 .text.USBD_CtlSendData
                0x08009df4       0x36 ./Middlewares/ST/STM32_USB_Device_Library/Core/Src/usbd_ioreq.o
                0x08009df4                USBD_CtlSendData
 .text.USBD_CtlContinueSendData
                0x08009e2a       0x22 ./Middlewares/ST/STM32_USB_Device_Library/Core/Src/usbd_ioreq.o
                0x08009e2a                USBD_CtlContinueSendData
 .text.USBD_CtlPrepareRx
                0x08009e4c       0x3a ./Middlewares/ST/STM32_USB_Device_Library/Core/Src/usbd_ioreq.o
                0x08009e4c                USBD_CtlPrepareRx
 .text.USBD_CtlContinueRx
                0x08009e86       0x22 ./Middlewares/ST/STM32_USB_Device_Library/Core/Src/usbd_ioreq.o
                0x08009e86                USBD_CtlContinueRx
 .text.USBD_CtlSendStatus
                0x08009ea8       0x26 ./Middlewares/ST/STM32_USB_Device_Library/Core/Src/usbd_ioreq.o
                0x08009ea8                USBD_CtlSendStatus
 .text.USBD_CtlReceiveStatus
                0x08009ece       0x26 ./Middlewares/ST/STM32_USB_Device_Library/Core/Src/usbd_ioreq.o
                0x08009ece                USBD_CtlReceiveStatus
 .text.MX_USB_DEVICE_Init
                0x08009ef4       0x60 ./USB_DEVICE/App/usb_device.o
                0x08009ef4                MX_USB_DEVICE_Init
 .text.CDC_Init_FS
                0x08009f54       0x28 ./USB_DEVICE/App/usbd_cdc_if.o
 .text.CDC_DeInit_FS
                0x08009f7c       0x10 ./USB_DEVICE/App/usbd_cdc_if.o
 .text.CDC_Control_FS
                0x08009f8c       0xbc ./USB_DEVICE/App/usbd_cdc_if.o
 .text.CDC_Receive_FS
                0x0800a048       0x28 ./USB_DEVICE/App/usbd_cdc_if.o
 .text.CDC_Transmit_FS
                0x0800a070       0x4c ./USB_DEVICE/App/usbd_cdc_if.o
                0x0800a070                CDC_Transmit_FS
 .text.CDC_TransmitCplt_FS
                0x0800a0bc       0x22 ./USB_DEVICE/App/usbd_cdc_if.o
 *fill*         0x0800a0de        0x2 
 .text.USBD_FS_DeviceDescriptor
                0x0800a0e0       0x24 ./USB_DEVICE/App/usbd_desc.o
                0x0800a0e0                USBD_FS_DeviceDescriptor
 .text.USBD_FS_LangIDStrDescriptor
                0x0800a104       0x24 ./USB_DEVICE/App/usbd_desc.o
                0x0800a104                USBD_FS_LangIDStrDescriptor
 .text.USBD_FS_ProductStrDescriptor
                0x0800a128       0x3c ./USB_DEVICE/App/usbd_desc.o
                0x0800a128                USBD_FS_ProductStrDescriptor
 .text.USBD_FS_ManufacturerStrDescriptor
                0x0800a164       0x28 ./USB_DEVICE/App/usbd_desc.o
                0x0800a164                USBD_FS_ManufacturerStrDescriptor
 .text.USBD_FS_SerialStrDescriptor
                0x0800a18c       0x24 ./USB_DEVICE/App/usbd_desc.o
                0x0800a18c                USBD_FS_SerialStrDescriptor
 .text.USBD_FS_ConfigStrDescriptor
                0x0800a1b0       0x3c ./USB_DEVICE/App/usbd_desc.o
                0x0800a1b0                USBD_FS_ConfigStrDescriptor
 .text.USBD_FS_InterfaceStrDescriptor
                0x0800a1ec       0x3c ./USB_DEVICE/App/usbd_desc.o
                0x0800a1ec                USBD_FS_InterfaceStrDescriptor
 .text.Get_SerialNum
                0x0800a228       0x58 ./USB_DEVICE/App/usbd_desc.o
 .text.IntToUnicode
                0x0800a280       0x7e ./USB_DEVICE/App/usbd_desc.o
 *fill*         0x0800a2fe        0x2 
 .text.HAL_PCD_MspInit
                0x0800a300       0xa8 ./USB_DEVICE/Target/usbd_conf.o
                0x0800a300                HAL_PCD_MspInit
 .text.HAL_PCD_SetupStageCallback
                0x0800a3a8       0x24 ./USB_DEVICE/Target/usbd_conf.o
                0x0800a3a8                HAL_PCD_SetupStageCallback
 .text.HAL_PCD_DataOutStageCallback
                0x0800a3cc       0x36 ./USB_DEVICE/Target/usbd_conf.o
                0x0800a3cc                HAL_PCD_DataOutStageCallback
 .text.HAL_PCD_DataInStageCallback
                0x0800a402       0x34 ./USB_DEVICE/Target/usbd_conf.o
                0x0800a402                HAL_PCD_DataInStageCallback
 .text.HAL_PCD_SOFCallback
                0x0800a436       0x1c ./USB_DEVICE/Target/usbd_conf.o
                0x0800a436                HAL_PCD_SOFCallback
 .text.HAL_PCD_ResetCallback
                0x0800a452       0x3c ./USB_DEVICE/Target/usbd_conf.o
                0x0800a452                HAL_PCD_ResetCallback
 *fill*         0x0800a48e        0x2 
 .text.HAL_PCD_SuspendCallback
                0x0800a490       0x4c ./USB_DEVICE/Target/usbd_conf.o
                0x0800a490                HAL_PCD_SuspendCallback
 .text.HAL_PCD_ResumeCallback
                0x0800a4dc       0x1c ./USB_DEVICE/Target/usbd_conf.o
                0x0800a4dc                HAL_PCD_ResumeCallback
 .text.HAL_PCD_ISOOUTIncompleteCallback
                0x0800a4f8       0x24 ./USB_DEVICE/Target/usbd_conf.o
                0x0800a4f8                HAL_PCD_ISOOUTIncompleteCallback
 .text.HAL_PCD_ISOINIncompleteCallback
                0x0800a51c       0x24 ./USB_DEVICE/Target/usbd_conf.o
                0x0800a51c                HAL_PCD_ISOINIncompleteCallback
 .text.HAL_PCD_ConnectCallback
                0x0800a540       0x1c ./USB_DEVICE/Target/usbd_conf.o
                0x0800a540                HAL_PCD_ConnectCallback
 .text.HAL_PCD_DisconnectCallback
                0x0800a55c       0x1c ./USB_DEVICE/Target/usbd_conf.o
                0x0800a55c                HAL_PCD_DisconnectCallback
 .text.USBD_LL_Init
                0x0800a578       0x98 ./USB_DEVICE/Target/usbd_conf.o
                0x0800a578                USBD_LL_Init
 .text.USBD_LL_Start
                0x0800a610       0x36 ./USB_DEVICE/Target/usbd_conf.o
                0x0800a610                USBD_LL_Start
 .text.USBD_LL_OpenEP
                0x0800a646       0x4c ./USB_DEVICE/Target/usbd_conf.o
                0x0800a646                USBD_LL_OpenEP
 .text.USBD_LL_CloseEP
                0x0800a692       0x3e ./USB_DEVICE/Target/usbd_conf.o
                0x0800a692                USBD_LL_CloseEP
 .text.USBD_LL_StallEP
                0x0800a6d0       0x3e ./USB_DEVICE/Target/usbd_conf.o
                0x0800a6d0                USBD_LL_StallEP
 .text.USBD_LL_ClearStallEP
                0x0800a70e       0x3e ./USB_DEVICE/Target/usbd_conf.o
                0x0800a70e                USBD_LL_ClearStallEP
 .text.USBD_LL_IsStallEP
                0x0800a74c       0x58 ./USB_DEVICE/Target/usbd_conf.o
                0x0800a74c                USBD_LL_IsStallEP
 .text.USBD_LL_SetUSBAddress
                0x0800a7a4       0x3e ./USB_DEVICE/Target/usbd_conf.o
                0x0800a7a4                USBD_LL_SetUSBAddress
 .text.USBD_LL_Transmit
                0x0800a7e2       0x42 ./USB_DEVICE/Target/usbd_conf.o
                0x0800a7e2                USBD_LL_Transmit
 .text.USBD_LL_PrepareReceive
                0x0800a824       0x42 ./USB_DEVICE/Target/usbd_conf.o
                0x0800a824                USBD_LL_PrepareReceive
 .text.USBD_LL_GetRxDataSize
                0x0800a866       0x26 ./USB_DEVICE/Target/usbd_conf.o
                0x0800a866                USBD_LL_GetRxDataSize
 .text.USBD_static_malloc
                0x0800a88c       0x1c ./USB_DEVICE/Target/usbd_conf.o
                0x0800a88c                USBD_static_malloc
 .text.USBD_static_free
                0x0800a8a8       0x14 ./USB_DEVICE/Target/usbd_conf.o
                0x0800a8a8                USBD_static_free
 .text.USBD_Get_USB_Status
                0x0800a8bc       0x58 ./USB_DEVICE/Target/usbd_conf.o
                0x0800a8bc                USBD_Get_USB_Status
 .text._ZdlPvj  0x0800a914        0x4 C:/ST/STM32CubeIDE_1.15.1/STM32CubeIDE/plugins/com.st.stm32cube.ide.mcu.externaltools.gnu-tools-for-stm32.12.3.rel1.win32_1.0.100.202403111256/tools/bin/../lib/gcc/arm-none-eabi/12.3.1/../../../../arm-none-eabi/lib/thumb/v7e-m+fp/hard\libstdc++_nano.a(del_ops.o)
                0x0800a914                operator delete(void*, unsigned int)
 .text._ZdlPv   0x0800a918        0x4 C:/ST/STM32CubeIDE_1.15.1/STM32CubeIDE/plugins/com.st.stm32cube.ide.mcu.externaltools.gnu-tools-for-stm32.12.3.rel1.win32_1.0.100.202403111256/tools/bin/../lib/gcc/arm-none-eabi/12.3.1/../../../../arm-none-eabi/lib/thumb/v7e-m+fp/hard\libstdc++_nano.a(del_op.o)
                0x0800a918                operator delete(void*)
 .text.free     0x0800a91c       0x10 C:/ST/STM32CubeIDE_1.15.1/STM32CubeIDE/plugins/com.st.stm32cube.ide.mcu.externaltools.gnu-tools-for-stm32.12.3.rel1.win32_1.0.100.202403111256/tools/bin/../lib/gcc/arm-none-eabi/12.3.1/../../../../arm-none-eabi/lib/thumb/v7e-m+fp/hard\libc_nano.a(libc_a-malloc.o)
                0x0800a91c                free
 .text.__malloc_lock
                0x0800a92c        0xc C:/ST/STM32CubeIDE_1.15.1/STM32CubeIDE/plugins/com.st.stm32cube.ide.mcu.externaltools.gnu-tools-for-stm32.12.3.rel1.win32_1.0.100.202403111256/tools/bin/../lib/gcc/arm-none-eabi/12.3.1/../../../../arm-none-eabi/lib/thumb/v7e-m+fp/hard\libc_nano.a(libc_a-mlock.o)
                0x0800a92c                __malloc_lock
 .text.__malloc_unlock
                0x0800a938        0xc C:/ST/STM32CubeIDE_1.15.1/STM32CubeIDE/plugins/com.st.stm32cube.ide.mcu.externaltools.gnu-tools-for-stm32.12.3.rel1.win32_1.0.100.202403111256/tools/bin/../lib/gcc/arm-none-eabi/12.3.1/../../../../arm-none-eabi/lib/thumb/v7e-m+fp/hard\libc_nano.a(libc_a-mlock.o)
                0x0800a938                __malloc_unlock
 .text.memset   0x0800a944       0x10 C:/ST/STM32CubeIDE_1.15.1/STM32CubeIDE/plugins/com.st.stm32cube.ide.mcu.externaltools.gnu-tools-for-stm32.12.3.rel1.win32_1.0.100.202403111256/tools/bin/../lib/gcc/arm-none-eabi/12.3.1/../../../../arm-none-eabi/lib/thumb/v7e-m+fp/hard\libc_nano.a(libc_a-memset.o)
                0x0800a944                memset
 .text.__libc_init_array
                0x0800a954       0x48 C:/ST/STM32CubeIDE_1.15.1/STM32CubeIDE/plugins/com.st.stm32cube.ide.mcu.externaltools.gnu-tools-for-stm32.12.3.rel1.win32_1.0.100.202403111256/tools/bin/../lib/gcc/arm-none-eabi/12.3.1/../../../../arm-none-eabi/lib/thumb/v7e-m+fp/hard\libc_nano.a(libc_a-init.o)
                0x0800a954                __libc_init_array
 .text.__retarget_lock_acquire_recursive
                0x0800a99c        0x2 C:/ST/STM32CubeIDE_1.15.1/STM32CubeIDE/plugins/com.st.stm32cube.ide.mcu.externaltools.gnu-tools-for-stm32.12.3.rel1.win32_1.0.100.202403111256/tools/bin/../lib/gcc/arm-none-eabi/12.3.1/../../../../arm-none-eabi/lib/thumb/v7e-m+fp/hard\libc_nano.a(libc_a-lock.o)
                0x0800a99c                __retarget_lock_acquire_recursive
 .text.__retarget_lock_release_recursive
                0x0800a99e        0x2 C:/ST/STM32CubeIDE_1.15.1/STM32CubeIDE/plugins/com.st.stm32cube.ide.mcu.externaltools.gnu-tools-for-stm32.12.3.rel1.win32_1.0.100.202403111256/tools/bin/../lib/gcc/arm-none-eabi/12.3.1/../../../../arm-none-eabi/lib/thumb/v7e-m+fp/hard\libc_nano.a(libc_a-lock.o)
                0x0800a99e                __retarget_lock_release_recursive
 .text._free_r  0x0800a9a0       0x94 C:/ST/STM32CubeIDE_1.15.1/STM32CubeIDE/plugins/com.st.stm32cube.ide.mcu.externaltools.gnu-tools-for-stm32.12.3.rel1.win32_1.0.100.202403111256/tools/bin/../lib/gcc/arm-none-eabi/12.3.1/../../../../arm-none-eabi/lib/thumb/v7e-m+fp/hard\libc_nano.a(libc_a-freer.o)
                0x0800a9a0                _free_r
 *(.glue_7)
 .glue_7        0x0800aa34        0x0 linker stubs
 *(.glue_7t)
 .glue_7t       0x0800aa34        0x0 linker stubs
 *(.eh_frame)
 .eh_frame      0x0800aa34        0x0 C:/ST/STM32CubeIDE_1.15.1/STM32CubeIDE/plugins/com.st.stm32cube.ide.mcu.externaltools.gnu-tools-for-stm32.12.3.rel1.win32_1.0.100.202403111256/tools/bin/../lib/gcc/arm-none-eabi/12.3.1/thumb/v7e-m+fp/hard/crtbegin.o
 *(.init)
 .init          0x0800aa34        0x4 C:/ST/STM32CubeIDE_1.15.1/STM32CubeIDE/plugins/com.st.stm32cube.ide.mcu.externaltools.gnu-tools-for-stm32.12.3.rel1.win32_1.0.100.202403111256/tools/bin/../lib/gcc/arm-none-eabi/12.3.1/thumb/v7e-m+fp/hard/crti.o
                0x0800aa34                _init
 .init          0x0800aa38        0x8 C:/ST/STM32CubeIDE_1.15.1/STM32CubeIDE/plugins/com.st.stm32cube.ide.mcu.externaltools.gnu-tools-for-stm32.12.3.rel1.win32_1.0.100.202403111256/tools/bin/../lib/gcc/arm-none-eabi/12.3.1/thumb/v7e-m+fp/hard/crtn.o
 *(.fini)
 .fini          0x0800aa40        0x4 C:/ST/STM32CubeIDE_1.15.1/STM32CubeIDE/plugins/com.st.stm32cube.ide.mcu.externaltools.gnu-tools-for-stm32.12.3.rel1.win32_1.0.100.202403111256/tools/bin/../lib/gcc/arm-none-eabi/12.3.1/thumb/v7e-m+fp/hard/crti.o
                0x0800aa40                _fini
 .fini          0x0800aa44        0x8 C:/ST/STM32CubeIDE_1.15.1/STM32CubeIDE/plugins/com.st.stm32cube.ide.mcu.externaltools.gnu-tools-for-stm32.12.3.rel1.win32_1.0.100.202403111256/tools/bin/../lib/gcc/arm-none-eabi/12.3.1/thumb/v7e-m+fp/hard/crtn.o
                0x0800aa4c                        . = ALIGN (0x4)
                0x0800aa4c                        _etext = .

.vfp11_veneer   0x0800aa4c        0x0
 .vfp11_veneer  0x0800aa4c        0x0 linker stubs

.v4_bx          0x0800aa4c        0x0
 .v4_bx         0x0800aa4c        0x0 linker stubs

.iplt           0x0800aa4c        0x0
 .iplt          0x0800aa4c        0x0 C:/ST/STM32CubeIDE_1.15.1/STM32CubeIDE/plugins/com.st.stm32cube.ide.mcu.externaltools.gnu-tools-for-stm32.12.3.rel1.win32_1.0.100.202403111256/tools/bin/../lib/gcc/arm-none-eabi/12.3.1/thumb/v7e-m+fp/hard/crtbegin.o

.rodata         0x0800aa4c       0xd8
                0x0800aa4c                        . = ALIGN (0x4)
 *(.rodata)
 .rodata        0x0800aa4c       0x1c ./Core/Src/EventLoop.o
 .rodata        0x0800aa68       0x16 ./Core/Src/NRF24L.o
 *fill*         0x0800aa7e        0x2 
 .rodata        0x0800aa80       0x25 ./Core/Src/Tm1638.o
 *fill*         0x0800aaa5        0x3 
 .rodata        0x0800aaa8       0x46 ./USB_DEVICE/App/usbd_desc.o
 *(.rodata*)
 *fill*         0x0800aaee        0x2 
 .rodata._ZZN6NRF24L6InitRXEPhhE10nRF24_ADDR
                0x0800aaf0        0x3 ./Core/Src/NRF24L.o
 *fill*         0x0800aaf3        0x1 
 .rodata._ZTV6NRF24L
                0x0800aaf4       0x10 ./Core/Src/NRF24L.o
                0x0800aaf4                vtable for NRF24L
 .rodata.AHBPrescTable
                0x0800ab04       0x10 ./Core/Src/system_stm32f4xx.o
                0x0800ab04                AHBPrescTable
 .rodata.APBPrescTable
                0x0800ab14        0x8 ./Core/Src/system_stm32f4xx.o
                0x0800ab14                APBPrescTable
 .rodata.flagBitshiftOffset.0
                0x0800ab1c        0x8 ./Drivers/STM32F4xx_HAL_Driver/Src/stm32f4xx_hal_dma.o
                0x0800ab24                        . = ALIGN (0x4)

.ARM.extab      0x0800ab24        0x0
                0x0800ab24                        . = ALIGN (0x4)
 *(.ARM.extab* .gnu.linkonce.armextab.*)
                0x0800ab24                        . = ALIGN (0x4)

.ARM            0x0800ab24        0x8
                0x0800ab24                        . = ALIGN (0x4)
                0x0800ab24                        __exidx_start = .
 *(.ARM.exidx*)
 .ARM.exidx     0x0800ab24        0x8 C:/ST/STM32CubeIDE_1.15.1/STM32CubeIDE/plugins/com.st.stm32cube.ide.mcu.externaltools.gnu-tools-for-stm32.12.3.rel1.win32_1.0.100.202403111256/tools/bin/../lib/gcc/arm-none-eabi/12.3.1/thumb/v7e-m+fp/hard\libgcc.a(_udivmoddi4.o)
                0x0800ab2c                        __exidx_end = .
                0x0800ab2c                        . = ALIGN (0x4)

.preinit_array  0x0800ab2c        0x0
                0x0800ab2c                        . = ALIGN (0x4)
                0x0800ab2c                        PROVIDE (__preinit_array_start = .)
 *(.preinit_array*)
                0x0800ab2c                        PROVIDE (__preinit_array_end = .)
                0x0800ab2c                        . = ALIGN (0x4)

.init_array     0x0800ab2c        0x8
                0x0800ab2c                        . = ALIGN (0x4)
                0x0800ab2c                        PROVIDE (__init_array_start = .)
 *(SORT_BY_NAME(.init_array.*))
 *(.init_array*)
 .init_array    0x0800ab2c        0x4 C:/ST/STM32CubeIDE_1.15.1/STM32CubeIDE/plugins/com.st.stm32cube.ide.mcu.externaltools.gnu-tools-for-stm32.12.3.rel1.win32_1.0.100.202403111256/tools/bin/../lib/gcc/arm-none-eabi/12.3.1/thumb/v7e-m+fp/hard/crtbegin.o
 .init_array    0x0800ab30        0x4 ./Core/Src/EventLoop.o
                0x0800ab34                        PROVIDE (__init_array_end = .)
                0x0800ab34                        . = ALIGN (0x4)

.fini_array     0x0800ab34        0x8
                0x0800ab34                        . = ALIGN (0x4)
                [!provide]                        PROVIDE (__fini_array_start = .)
 *(SORT_BY_NAME(.fini_array.*))
 *(.fini_array*)
 .fini_array    0x0800ab34        0x4 C:/ST/STM32CubeIDE_1.15.1/STM32CubeIDE/plugins/com.st.stm32cube.ide.mcu.externaltools.gnu-tools-for-stm32.12.3.rel1.win32_1.0.100.202403111256/tools/bin/../lib/gcc/arm-none-eabi/12.3.1/thumb/v7e-m+fp/hard/crtbegin.o
 .fini_array    0x0800ab38        0x4 ./Core/Src/EventLoop.o
                [!provide]                        PROVIDE (__fini_array_end = .)
                0x0800ab3c                        . = ALIGN (0x4)
                0x0800ab3c                        _sidata = LOADADDR (.data)

.rel.dyn        0x0800ab3c        0x0
 .rel.iplt      0x0800ab3c        0x0 C:/ST/STM32CubeIDE_1.15.1/STM32CubeIDE/plugins/com.st.stm32cube.ide.mcu.externaltools.gnu-tools-for-stm32.12.3.rel1.win32_1.0.100.202403111256/tools/bin/../lib/gcc/arm-none-eabi/12.3.1/thumb/v7e-m+fp/hard/crtbegin.o

.data           0x20000000      0x160 load address 0x0800ab3c
                0x20000000                        . = ALIGN (0x4)
                0x20000000                        _sdata = .
 *(.data)
 *(.data*)
 .data.led_state
                0x20000000        0x1 ./Core/Src/EventLoop.o
                0x20000000                led_state
 *fill*         0x20000001        0x3 
 .data.buffer   0x20000004        0xd ./Core/Src/EventLoop.o
                0x20000004                buffer
 *fill*         0x20000011        0x3 
 .data.SystemCoreClock
                0x20000014        0x4 ./Core/Src/system_stm32f4xx.o
                0x20000014                SystemCoreClock
 .data.uwTickPrio
                0x20000018        0x4 ./Drivers/STM32F4xx_HAL_Driver/Src/stm32f4xx_hal.o
                0x20000018                uwTickPrio
 .data.uwTickFreq
                0x2000001c        0x1 ./Drivers/STM32F4xx_HAL_Driver/Src/stm32f4xx_hal.o
                0x2000001c                uwTickFreq
 *fill*         0x2000001d        0x3 
 .data.USBD_CDC_DeviceQualifierDesc
                0x20000020        0xa ./Middlewares/ST/STM32_USB_Device_Library/Class/CDC/Src/usbd_cdc.o
 *fill*         0x2000002a        0x2 
 .data.USBD_CDC
                0x2000002c       0x38 ./Middlewares/ST/STM32_USB_Device_Library/Class/CDC/Src/usbd_cdc.o
                0x2000002c                USBD_CDC
 .data.USBD_CDC_CfgDesc
                0x20000064       0x43 ./Middlewares/ST/STM32_USB_Device_Library/Class/CDC/Src/usbd_cdc.o
 .data.CDCInEpAdd
                0x200000a7        0x1 ./Middlewares/ST/STM32_USB_Device_Library/Class/CDC/Src/usbd_cdc.o
 .data.CDCOutEpAdd
                0x200000a8        0x1 ./Middlewares/ST/STM32_USB_Device_Library/Class/CDC/Src/usbd_cdc.o
 .data.CDCCmdEpAdd
                0x200000a9        0x1 ./Middlewares/ST/STM32_USB_Device_Library/Class/CDC/Src/usbd_cdc.o
 *fill*         0x200000aa        0x2 
 .data.USBD_Interface_fops_FS
                0x200000ac       0x14 ./USB_DEVICE/App/usbd_cdc_if.o
                0x200000ac                USBD_Interface_fops_FS
 .data.FS_Desc  0x200000c0       0x1c ./USB_DEVICE/App/usbd_desc.o
                0x200000c0                FS_Desc
 .data.USBD_FS_DeviceDesc
                0x200000dc       0x12 ./USB_DEVICE/App/usbd_desc.o
                0x200000dc                USBD_FS_DeviceDesc
 *fill*         0x200000ee        0x2 
 .data.USBD_LangIDDesc
                0x200000f0        0x4 ./USB_DEVICE/App/usbd_desc.o
                0x200000f0                USBD_LangIDDesc
 .data.USBD_StringSerial
                0x200000f4       0x1a ./USB_DEVICE/App/usbd_desc.o
                0x200000f4                USBD_StringSerial
 *fill*         0x2000010e        0x2 
 .data._impure_ptr
                0x20000110        0x4 C:/ST/STM32CubeIDE_1.15.1/STM32CubeIDE/plugins/com.st.stm32cube.ide.mcu.externaltools.gnu-tools-for-stm32.12.3.rel1.win32_1.0.100.202403111256/tools/bin/../lib/gcc/arm-none-eabi/12.3.1/../../../../arm-none-eabi/lib/thumb/v7e-m+fp/hard\libc_nano.a(libc_a-impure.o)
                0x20000110                _impure_ptr
 .data._impure_data
                0x20000114       0x4c C:/ST/STM32CubeIDE_1.15.1/STM32CubeIDE/plugins/com.st.stm32cube.ide.mcu.externaltools.gnu-tools-for-stm32.12.3.rel1.win32_1.0.100.202403111256/tools/bin/../lib/gcc/arm-none-eabi/12.3.1/../../../../arm-none-eabi/lib/thumb/v7e-m+fp/hard\libc_nano.a(libc_a-impure.o)
                0x20000114                _impure_data
 *(.RamFunc)
 *(.RamFunc*)
                0x20000160                        . = ALIGN (0x4)
                0x20000160                        _edata = .

.igot.plt       0x20000160        0x0 load address 0x0800ac9c
 .igot.plt      0x20000160        0x0 C:/ST/STM32CubeIDE_1.15.1/STM32CubeIDE/plugins/com.st.stm32cube.ide.mcu.externaltools.gnu-tools-for-stm32.12.3.rel1.win32_1.0.100.202403111256/tools/bin/../lib/gcc/arm-none-eabi/12.3.1/thumb/v7e-m+fp/hard/crtbegin.o
                0x20000160                        . = ALIGN (0x4)

.bss            0x20000160     0x1fa0 load address 0x0800ac9c
                0x20000160                        _sbss = .
                0x20000160                        __bss_start__ = _sbss
 *(.bss)
 .bss           0x20000160       0x1c C:/ST/STM32CubeIDE_1.15.1/STM32CubeIDE/plugins/com.st.stm32cube.ide.mcu.externaltools.gnu-tools-for-stm32.12.3.rel1.win32_1.0.100.202403111256/tools/bin/../lib/gcc/arm-none-eabi/12.3.1/thumb/v7e-m+fp/hard/crtbegin.o
 *(.bss*)
 .bss.RX_BUF    0x2000017c       0x40 ./Core/Src/EventLoop.o
                0x2000017c                RX_BUF
 .bss.RX_temp   0x200001bc        0x1 ./Core/Src/EventLoop.o
                0x200001bc                RX_temp
 *fill*         0x200001bd        0x3 
 .bss.tmDevice  0x200001c0       0x3c ./Core/Src/EventLoop.o
                0x200001c0                tmDevice
 .bss.nrfDevice
                0x200001fc       0x24 ./Core/Src/EventLoop.o
                0x200001fc                nrfDevice
 .bss.spi_buf   0x20000220       0x11 ./Core/Src/Tm1638.o
                0x20000220                spi_buf
 *fill*         0x20000231        0x3 
 .bss.button_buf
                0x20000234        0x4 ./Core/Src/Tm1638.o
                0x20000234                button_buf
 .bss.hadc1     0x20000238       0x48 ./Core/Src/adc.o
                0x20000238                hadc1
 .bss.hdma_adc1
                0x20000280       0x60 ./Core/Src/adc.o
                0x20000280                hdma_adc1
 .bss.hspi1     0x200002e0       0x58 ./Core/Src/spi.o
                0x200002e0                hspi1
 .bss.hspi2     0x20000338       0x58 ./Core/Src/spi.o
                0x20000338                hspi2
 .bss.huart1    0x20000390       0x48 ./Core/Src/usart.o
                0x20000390                huart1
 .bss.uwTick    0x200003d8        0x4 ./Drivers/STM32F4xx_HAL_Driver/Src/stm32f4xx_hal.o
                0x200003d8                uwTick
 .bss.cfgidx.0  0x200003dc        0x1 ./Middlewares/ST/STM32_USB_Device_Library/Core/Src/usbd_ctlreq.o
 *fill*         0x200003dd        0x3 
 .bss.hUsbDeviceFS
                0x200003e0      0x2dc ./USB_DEVICE/App/usb_device.o
                0x200003e0                hUsbDeviceFS
 .bss.UserRxBufferFS
                0x200006bc      0x800 ./USB_DEVICE/App/usbd_cdc_if.o
                0x200006bc                UserRxBufferFS
 .bss.UserTxBufferFS
                0x20000ebc      0x800 ./USB_DEVICE/App/usbd_cdc_if.o
                0x20000ebc                UserTxBufferFS
 .bss.USBD_StrDesc
                0x200016bc      0x200 ./USB_DEVICE/App/usbd_desc.o
                0x200016bc                USBD_StrDesc
 .bss.hpcd_USB_OTG_FS
                0x200018bc      0x4e4 ./USB_DEVICE/Target/usbd_conf.o
                0x200018bc                hpcd_USB_OTG_FS
 .bss.mem.0     0x20001da0      0x220 ./USB_DEVICE/Target/usbd_conf.o
 .bss.__malloc_free_list
                0x20001fc0        0x4 C:/ST/STM32CubeIDE_1.15.1/STM32CubeIDE/plugins/com.st.stm32cube.ide.mcu.externaltools.gnu-tools-for-stm32.12.3.rel1.win32_1.0.100.202403111256/tools/bin/../lib/gcc/arm-none-eabi/12.3.1/../../../../arm-none-eabi/lib/thumb/v7e-m+fp/hard\libc_nano.a(libc_a-mallocr.o)
                0x20001fc0                __malloc_free_list
 .bss.__sf      0x20001fc4      0x138 C:/ST/STM32CubeIDE_1.15.1/STM32CubeIDE/plugins/com.st.stm32cube.ide.mcu.externaltools.gnu-tools-for-stm32.12.3.rel1.win32_1.0.100.202403111256/tools/bin/../lib/gcc/arm-none-eabi/12.3.1/../../../../arm-none-eabi/lib/thumb/v7e-m+fp/hard\libc_nano.a(libc_a-findfp.o)
                0x20001fc4                __sf
 .bss.__lock___malloc_recursive_mutex
                0x200020fc        0x1 C:/ST/STM32CubeIDE_1.15.1/STM32CubeIDE/plugins/com.st.stm32cube.ide.mcu.externaltools.gnu-tools-for-stm32.12.3.rel1.win32_1.0.100.202403111256/tools/bin/../lib/gcc/arm-none-eabi/12.3.1/../../../../arm-none-eabi/lib/thumb/v7e-m+fp/hard\libc_nano.a(libc_a-lock.o)
                0x200020fc                __lock___malloc_recursive_mutex
 *(COMMON)
                0x20002100                        . = ALIGN (0x4)
 *fill*         0x200020fd        0x3 
                0x20002100                        _ebss = .
                0x20002100                        __bss_end__ = _ebss

._user_heap_stack
                0x20002100      0x600 load address 0x0800ac9c
                0x20002100                        . = ALIGN (0x8)
                [!provide]                        PROVIDE (end = .)
                0x20002100                        PROVIDE (_end = .)
                0x20002300                        . = (. + _Min_Heap_Size)
 *fill*         0x20002100      0x200 
                0x20002700                        . = (. + _Min_Stack_Size)
 *fill*         0x20002300      0x400 
                0x20002700                        . = ALIGN (0x8)

/DISCARD/
 libc.a(*)
 libm.a(*)
 libgcc.a(*)

.ARM.attributes
                0x00000000       0x30
 *(.ARM.attributes)
 .ARM.attributes
                0x00000000       0x22 C:/ST/STM32CubeIDE_1.15.1/STM32CubeIDE/plugins/com.st.stm32cube.ide.mcu.externaltools.gnu-tools-for-stm32.12.3.rel1.win32_1.0.100.202403111256/tools/bin/../lib/gcc/arm-none-eabi/12.3.1/thumb/v7e-m+fp/hard/crti.o
 .ARM.attributes
                0x00000022       0x34 C:/ST/STM32CubeIDE_1.15.1/STM32CubeIDE/plugins/com.st.stm32cube.ide.mcu.externaltools.gnu-tools-for-stm32.12.3.rel1.win32_1.0.100.202403111256/tools/bin/../lib/gcc/arm-none-eabi/12.3.1/thumb/v7e-m+fp/hard/crtbegin.o
 .ARM.attributes
                0x00000056       0x34 ./Core/Src/EventLoop.o
 .ARM.attributes
                0x0000008a       0x34 ./Core/Src/NRF24L.o
 .ARM.attributes
                0x000000be       0x34 ./Core/Src/Tm1638.o
 .ARM.attributes
                0x000000f2       0x34 ./Core/Src/adc.o
 .ARM.attributes
                0x00000126       0x34 ./Core/Src/dma.o
 .ARM.attributes
                0x0000015a       0x34 ./Core/Src/gpio.o
 .ARM.attributes
                0x0000018e       0x34 ./Core/Src/main.o
 .ARM.attributes
                0x000001c2       0x34 ./Core/Src/spi.o
 .ARM.attributes
                0x000001f6       0x34 ./Core/Src/stm32f4xx_hal_msp.o
 .ARM.attributes
                0x0000022a       0x34 ./Core/Src/stm32f4xx_it.o
 .ARM.attributes
                0x0000025e       0x34 ./Core/Src/system_stm32f4xx.o
 .ARM.attributes
                0x00000292       0x34 ./Core/Src/usart.o
 .ARM.attributes
                0x000002c6       0x21 ./Core/Startup/startup_stm32f411ceux.o
 .ARM.attributes
                0x000002e7       0x34 ./Drivers/STM32F4xx_HAL_Driver/Src/stm32f4xx_hal.o
 .ARM.attributes
                0x0000031b       0x34 ./Drivers/STM32F4xx_HAL_Driver/Src/stm32f4xx_hal_adc.o
 .ARM.attributes
                0x0000034f       0x34 ./Drivers/STM32F4xx_HAL_Driver/Src/stm32f4xx_hal_cortex.o
 .ARM.attributes
                0x00000383       0x34 ./Drivers/STM32F4xx_HAL_Driver/Src/stm32f4xx_hal_dma.o
 .ARM.attributes
                0x000003b7       0x34 ./Drivers/STM32F4xx_HAL_Driver/Src/stm32f4xx_hal_gpio.o
 .ARM.attributes
                0x000003eb       0x34 ./Drivers/STM32F4xx_HAL_Driver/Src/stm32f4xx_hal_pcd.o
 .ARM.attributes
                0x0000041f       0x34 ./Drivers/STM32F4xx_HAL_Driver/Src/stm32f4xx_hal_pcd_ex.o
 .ARM.attributes
                0x00000453       0x34 ./Drivers/STM32F4xx_HAL_Driver/Src/stm32f4xx_hal_rcc.o
 .ARM.attributes
                0x00000487       0x34 ./Drivers/STM32F4xx_HAL_Driver/Src/stm32f4xx_hal_spi.o
 .ARM.attributes
                0x000004bb       0x34 ./Drivers/STM32F4xx_HAL_Driver/Src/stm32f4xx_hal_uart.o
 .ARM.attributes
                0x000004ef       0x34 ./Drivers/STM32F4xx_HAL_Driver/Src/stm32f4xx_ll_usb.o
 .ARM.attributes
                0x00000523       0x34 ./Middlewares/ST/STM32_USB_Device_Library/Class/CDC/Src/usbd_cdc.o
 .ARM.attributes
                0x00000557       0x34 ./Middlewares/ST/STM32_USB_Device_Library/Core/Src/usbd_core.o
 .ARM.attributes
                0x0000058b       0x34 ./Middlewares/ST/STM32_USB_Device_Library/Core/Src/usbd_ctlreq.o
 .ARM.attributes
                0x000005bf       0x34 ./Middlewares/ST/STM32_USB_Device_Library/Core/Src/usbd_ioreq.o
 .ARM.attributes
                0x000005f3       0x34 ./USB_DEVICE/App/usb_device.o
 .ARM.attributes
                0x00000627       0x34 ./USB_DEVICE/App/usbd_cdc_if.o
 .ARM.attributes
                0x0000065b       0x34 ./USB_DEVICE/App/usbd_desc.o
 .ARM.attributes
                0x0000068f       0x34 ./USB_DEVICE/Target/usbd_conf.o
 .ARM.attributes
                0x000006c3       0x34 C:/ST/STM32CubeIDE_1.15.1/STM32CubeIDE/plugins/com.st.stm32cube.ide.mcu.externaltools.gnu-tools-for-stm32.12.3.rel1.win32_1.0.100.202403111256/tools/bin/../lib/gcc/arm-none-eabi/12.3.1/../../../../arm-none-eabi/lib/thumb/v7e-m+fp/hard\libstdc++_nano.a(del_ops.o)
 .ARM.attributes
                0x000006f7       0x34 C:/ST/STM32CubeIDE_1.15.1/STM32CubeIDE/plugins/com.st.stm32cube.ide.mcu.externaltools.gnu-tools-for-stm32.12.3.rel1.win32_1.0.100.202403111256/tools/bin/../lib/gcc/arm-none-eabi/12.3.1/../../../../arm-none-eabi/lib/thumb/v7e-m+fp/hard\libstdc++_nano.a(del_op.o)
 .ARM.attributes
                0x0000072b       0x34 C:/ST/STM32CubeIDE_1.15.1/STM32CubeIDE/plugins/com.st.stm32cube.ide.mcu.externaltools.gnu-tools-for-stm32.12.3.rel1.win32_1.0.100.202403111256/tools/bin/../lib/gcc/arm-none-eabi/12.3.1/../../../../arm-none-eabi/lib/thumb/v7e-m+fp/hard\libc_nano.a(libc_a-malloc.o)
 .ARM.attributes
                0x0000075f       0x34 C:/ST/STM32CubeIDE_1.15.1/STM32CubeIDE/plugins/com.st.stm32cube.ide.mcu.externaltools.gnu-tools-for-stm32.12.3.rel1.win32_1.0.100.202403111256/tools/bin/../lib/gcc/arm-none-eabi/12.3.1/../../../../arm-none-eabi/lib/thumb/v7e-m+fp/hard\libc_nano.a(libc_a-mallocr.o)
 .ARM.attributes
                0x00000793       0x34 C:/ST/STM32CubeIDE_1.15.1/STM32CubeIDE/plugins/com.st.stm32cube.ide.mcu.externaltools.gnu-tools-for-stm32.12.3.rel1.win32_1.0.100.202403111256/tools/bin/../lib/gcc/arm-none-eabi/12.3.1/../../../../arm-none-eabi/lib/thumb/v7e-m+fp/hard\libc_nano.a(libc_a-mlock.o)
 .ARM.attributes
                0x000007c7       0x34 C:/ST/STM32CubeIDE_1.15.1/STM32CubeIDE/plugins/com.st.stm32cube.ide.mcu.externaltools.gnu-tools-for-stm32.12.3.rel1.win32_1.0.100.202403111256/tools/bin/../lib/gcc/arm-none-eabi/12.3.1/../../../../arm-none-eabi/lib/thumb/v7e-m+fp/hard\libc_nano.a(libc_a-findfp.o)
 .ARM.attributes
                0x000007fb       0x34 C:/ST/STM32CubeIDE_1.15.1/STM32CubeIDE/plugins/com.st.stm32cube.ide.mcu.externaltools.gnu-tools-for-stm32.12.3.rel1.win32_1.0.100.202403111256/tools/bin/../lib/gcc/arm-none-eabi/12.3.1/../../../../arm-none-eabi/lib/thumb/v7e-m+fp/hard\libc_nano.a(libc_a-memset.o)
 .ARM.attributes
                0x0000082f       0x34 C:/ST/STM32CubeIDE_1.15.1/STM32CubeIDE/plugins/com.st.stm32cube.ide.mcu.externaltools.gnu-tools-for-stm32.12.3.rel1.win32_1.0.100.202403111256/tools/bin/../lib/gcc/arm-none-eabi/12.3.1/../../../../arm-none-eabi/lib/thumb/v7e-m+fp/hard\libc_nano.a(libc_a-impure.o)
 .ARM.attributes
                0x00000863       0x34 C:/ST/STM32CubeIDE_1.15.1/STM32CubeIDE/plugins/com.st.stm32cube.ide.mcu.externaltools.gnu-tools-for-stm32.12.3.rel1.win32_1.0.100.202403111256/tools/bin/../lib/gcc/arm-none-eabi/12.3.1/../../../../arm-none-eabi/lib/thumb/v7e-m+fp/hard\libc_nano.a(libc_a-init.o)
 .ARM.attributes
                0x00000897       0x34 C:/ST/STM32CubeIDE_1.15.1/STM32CubeIDE/plugins/com.st.stm32cube.ide.mcu.externaltools.gnu-tools-for-stm32.12.3.rel1.win32_1.0.100.202403111256/tools/bin/../lib/gcc/arm-none-eabi/12.3.1/../../../../arm-none-eabi/lib/thumb/v7e-m+fp/hard\libc_nano.a(libc_a-lock.o)
 .ARM.attributes
                0x000008cb       0x34 C:/ST/STM32CubeIDE_1.15.1/STM32CubeIDE/plugins/com.st.stm32cube.ide.mcu.externaltools.gnu-tools-for-stm32.12.3.rel1.win32_1.0.100.202403111256/tools/bin/../lib/gcc/arm-none-eabi/12.3.1/../../../../arm-none-eabi/lib/thumb/v7e-m+fp/hard\libc_nano.a(libc_a-freer.o)
 .ARM.attributes
                0x000008ff       0x22 C:/ST/STM32CubeIDE_1.15.1/STM32CubeIDE/plugins/com.st.stm32cube.ide.mcu.externaltools.gnu-tools-for-stm32.12.3.rel1.win32_1.0.100.202403111256/tools/bin/../lib/gcc/arm-none-eabi/12.3.1/thumb/v7e-m+fp/hard\libgcc.a(_aeabi_uldivmod.o)
 .ARM.attributes
                0x00000921       0x34 C:/ST/STM32CubeIDE_1.15.1/STM32CubeIDE/plugins/com.st.stm32cube.ide.mcu.externaltools.gnu-tools-for-stm32.12.3.rel1.win32_1.0.100.202403111256/tools/bin/../lib/gcc/arm-none-eabi/12.3.1/thumb/v7e-m+fp/hard\libgcc.a(_udivmoddi4.o)
 .ARM.attributes
                0x00000955       0x22 C:/ST/STM32CubeIDE_1.15.1/STM32CubeIDE/plugins/com.st.stm32cube.ide.mcu.externaltools.gnu-tools-for-stm32.12.3.rel1.win32_1.0.100.202403111256/tools/bin/../lib/gcc/arm-none-eabi/12.3.1/thumb/v7e-m+fp/hard\libgcc.a(_dvmd_tls.o)
 .ARM.attributes
                0x00000977       0x22 C:/ST/STM32CubeIDE_1.15.1/STM32CubeIDE/plugins/com.st.stm32cube.ide.mcu.externaltools.gnu-tools-for-stm32.12.3.rel1.win32_1.0.100.202403111256/tools/bin/../lib/gcc/arm-none-eabi/12.3.1/thumb/v7e-m+fp/hard/crtn.o
OUTPUT(NRF.elf elf32-littlearm)
LOAD linker stubs
LOAD C:/ST/STM32CubeIDE_1.15.1/STM32CubeIDE/plugins/com.st.stm32cube.ide.mcu.externaltools.gnu-tools-for-stm32.12.3.rel1.win32_1.0.100.202403111256/tools/bin/../lib/gcc/arm-none-eabi/12.3.1/../../../../arm-none-eabi/lib/thumb/v7e-m+fp/hard\libc.a
LOAD C:/ST/STM32CubeIDE_1.15.1/STM32CubeIDE/plugins/com.st.stm32cube.ide.mcu.externaltools.gnu-tools-for-stm32.12.3.rel1.win32_1.0.100.202403111256/tools/bin/../lib/gcc/arm-none-eabi/12.3.1/../../../../arm-none-eabi/lib/thumb/v7e-m+fp/hard\libm.a
LOAD C:/ST/STM32CubeIDE_1.15.1/STM32CubeIDE/plugins/com.st.stm32cube.ide.mcu.externaltools.gnu-tools-for-stm32.12.3.rel1.win32_1.0.100.202403111256/tools/bin/../lib/gcc/arm-none-eabi/12.3.1/thumb/v7e-m+fp/hard\libgcc.a

.debug_info     0x00000000    0x19db0
 .debug_info    0x00000000     0x1b3d ./Core/Src/EventLoop.o
 .debug_info    0x00001b3d     0x1b48 ./Core/Src/NRF24L.o
 .debug_info    0x00003685      0xdc8 ./Core/Src/Tm1638.o
 .debug_info    0x0000444d      0xa06 ./Core/Src/adc.o
 .debug_info    0x00004e53      0x445 ./Core/Src/dma.o
 .debug_info    0x00005298      0x433 ./Core/Src/gpio.o
 .debug_info    0x000056cb      0x512 ./Core/Src/main.o
 .debug_info    0x00005bdd      0x9ce ./Core/Src/spi.o
 .debug_info    0x000065ab      0x291 ./Core/Src/stm32f4xx_hal_msp.o
 .debug_info    0x0000683c      0xb0c ./Core/Src/stm32f4xx_it.o
 .debug_info    0x00007348      0x53e ./Core/Src/system_stm32f4xx.o
 .debug_info    0x00007886      0xb4a ./Core/Src/usart.o
 .debug_info    0x000083d0       0x30 ./Core/Startup/startup_stm32f411ceux.o
 .debug_info    0x00008400      0x8c4 ./Drivers/STM32F4xx_HAL_Driver/Src/stm32f4xx_hal.o
 .debug_info    0x00008cc4      0xcd1 ./Drivers/STM32F4xx_HAL_Driver/Src/stm32f4xx_hal_adc.o
 .debug_info    0x00009995      0xcc7 ./Drivers/STM32F4xx_HAL_Driver/Src/stm32f4xx_hal_cortex.o
 .debug_info    0x0000a65c      0x8e6 ./Drivers/STM32F4xx_HAL_Driver/Src/stm32f4xx_hal_dma.o
 .debug_info    0x0000af42      0x6f9 ./Drivers/STM32F4xx_HAL_Driver/Src/stm32f4xx_hal_gpio.o
 .debug_info    0x0000b63b     0x1577 ./Drivers/STM32F4xx_HAL_Driver/Src/stm32f4xx_hal_pcd.o
 .debug_info    0x0000cbb2      0x6ea ./Drivers/STM32F4xx_HAL_Driver/Src/stm32f4xx_hal_pcd_ex.o
 .debug_info    0x0000d29c      0x8f2 ./Drivers/STM32F4xx_HAL_Driver/Src/stm32f4xx_hal_rcc.o
 .debug_info    0x0000db8e     0x1606 ./Drivers/STM32F4xx_HAL_Driver/Src/stm32f4xx_hal_spi.o
 .debug_info    0x0000f194     0x2f56 ./Drivers/STM32F4xx_HAL_Driver/Src/stm32f4xx_hal_uart.o
 .debug_info    0x000120ea     0x1993 ./Drivers/STM32F4xx_HAL_Driver/Src/stm32f4xx_ll_usb.o
 .debug_info    0x00013a7d     0x12a3 ./Middlewares/ST/STM32_USB_Device_Library/Class/CDC/Src/usbd_cdc.o
 .debug_info    0x00014d20      0xe05 ./Middlewares/ST/STM32_USB_Device_Library/Core/Src/usbd_core.o
 .debug_info    0x00015b25      0xade ./Middlewares/ST/STM32_USB_Device_Library/Core/Src/usbd_ctlreq.o
 .debug_info    0x00016603      0x755 ./Middlewares/ST/STM32_USB_Device_Library/Core/Src/usbd_ioreq.o
 .debug_info    0x00016d58      0x701 ./USB_DEVICE/App/usb_device.o
 .debug_info    0x00017459      0x8fa ./USB_DEVICE/App/usbd_cdc_if.o
 .debug_info    0x00017d53      0x458 ./USB_DEVICE/App/usbd_desc.o
 .debug_info    0x000181ab     0x1c05 ./USB_DEVICE/Target/usbd_conf.o

.debug_abbrev   0x00000000     0x473f
 .debug_abbrev  0x00000000      0x456 ./Core/Src/EventLoop.o
 .debug_abbrev  0x00000456      0x431 ./Core/Src/NRF24L.o
 .debug_abbrev  0x00000887      0x2b8 ./Core/Src/Tm1638.o
 .debug_abbrev  0x00000b3f      0x204 ./Core/Src/adc.o
 .debug_abbrev  0x00000d43      0x10e ./Core/Src/dma.o
 .debug_abbrev  0x00000e51      0x151 ./Core/Src/gpio.o
 .debug_abbrev  0x00000fa2      0x1ef ./Core/Src/main.o
 .debug_abbrev  0x00001191      0x1f7 ./Core/Src/spi.o
 .debug_abbrev  0x00001388       0xd8 ./Core/Src/stm32f4xx_hal_msp.o
 .debug_abbrev  0x00001460      0x1d9 ./Core/Src/stm32f4xx_it.o
 .debug_abbrev  0x00001639      0x11a ./Core/Src/system_stm32f4xx.o
 .debug_abbrev  0x00001753      0x217 ./Core/Src/usart.o
 .debug_abbrev  0x0000196a       0x24 ./Core/Startup/startup_stm32f411ceux.o
 .debug_abbrev  0x0000198e      0x24b ./Drivers/STM32F4xx_HAL_Driver/Src/stm32f4xx_hal.o
 .debug_abbrev  0x00001bd9      0x20e ./Drivers/STM32F4xx_HAL_Driver/Src/stm32f4xx_hal_adc.o
 .debug_abbrev  0x00001de7      0x328 ./Drivers/STM32F4xx_HAL_Driver/Src/stm32f4xx_hal_cortex.o
 .debug_abbrev  0x0000210f      0x221 ./Drivers/STM32F4xx_HAL_Driver/Src/stm32f4xx_hal_dma.o
 .debug_abbrev  0x00002330      0x1d3 ./Drivers/STM32F4xx_HAL_Driver/Src/stm32f4xx_hal_gpio.o
 .debug_abbrev  0x00002503      0x2b6 ./Drivers/STM32F4xx_HAL_Driver/Src/stm32f4xx_hal_pcd.o
 .debug_abbrev  0x000027b9      0x1da ./Drivers/STM32F4xx_HAL_Driver/Src/stm32f4xx_hal_pcd_ex.o
 .debug_abbrev  0x00002993      0x2b5 ./Drivers/STM32F4xx_HAL_Driver/Src/stm32f4xx_hal_rcc.o
 .debug_abbrev  0x00002c48      0x280 ./Drivers/STM32F4xx_HAL_Driver/Src/stm32f4xx_hal_spi.o
 .debug_abbrev  0x00002ec8      0x31b ./Drivers/STM32F4xx_HAL_Driver/Src/stm32f4xx_hal_uart.o
 .debug_abbrev  0x000031e3      0x2b3 ./Drivers/STM32F4xx_HAL_Driver/Src/stm32f4xx_ll_usb.o
 .debug_abbrev  0x00003496      0x2d2 ./Middlewares/ST/STM32_USB_Device_Library/Class/CDC/Src/usbd_cdc.o
 .debug_abbrev  0x00003768      0x27c ./Middlewares/ST/STM32_USB_Device_Library/Core/Src/usbd_core.o
 .debug_abbrev  0x000039e4      0x26f ./Middlewares/ST/STM32_USB_Device_Library/Core/Src/usbd_ctlreq.o
 .debug_abbrev  0x00003c53      0x19a ./Middlewares/ST/STM32_USB_Device_Library/Core/Src/usbd_ioreq.o
 .debug_abbrev  0x00003ded      0x195 ./USB_DEVICE/App/usb_device.o
 .debug_abbrev  0x00003f82      0x29d ./USB_DEVICE/App/usbd_cdc_if.o
 .debug_abbrev  0x0000421f      0x1e1 ./USB_DEVICE/App/usbd_desc.o
 .debug_abbrev  0x00004400      0x33f ./USB_DEVICE/Target/usbd_conf.o

.debug_aranges  0x00000000     0x1408
 .debug_aranges
                0x00000000       0x78 ./Core/Src/EventLoop.o
 .debug_aranges
                0x00000078      0x1a8 ./Core/Src/NRF24L.o
 .debug_aranges
                0x00000220       0x78 ./Core/Src/Tm1638.o
 .debug_aranges
                0x00000298       0x30 ./Core/Src/adc.o
 .debug_aranges
                0x000002c8       0x20 ./Core/Src/dma.o
 .debug_aranges
                0x000002e8       0x20 ./Core/Src/gpio.o
 .debug_aranges
                0x00000308       0x30 ./Core/Src/main.o
 .debug_aranges
                0x00000338       0x38 ./Core/Src/spi.o
 .debug_aranges
                0x00000370       0x20 ./Core/Src/stm32f4xx_hal_msp.o
 .debug_aranges
                0x00000390       0x78 ./Core/Src/stm32f4xx_it.o
 .debug_aranges
                0x00000408       0x28 ./Core/Src/system_stm32f4xx.o
 .debug_aranges
                0x00000430       0x30 ./Core/Src/usart.o
 .debug_aranges
                0x00000460       0x28 ./Core/Startup/startup_stm32f411ceux.o
 .debug_aranges
                0x00000488       0xf0 ./Drivers/STM32F4xx_HAL_Driver/Src/stm32f4xx_hal.o
 .debug_aranges
                0x00000578       0xe8 ./Drivers/STM32F4xx_HAL_Driver/Src/stm32f4xx_hal_adc.o
 .debug_aranges
                0x00000660      0x120 ./Drivers/STM32F4xx_HAL_Driver/Src/stm32f4xx_hal_cortex.o
 .debug_aranges
                0x00000780       0x90 ./Drivers/STM32F4xx_HAL_Driver/Src/stm32f4xx_hal_dma.o
 .debug_aranges
                0x00000810       0x58 ./Drivers/STM32F4xx_HAL_Driver/Src/stm32f4xx_hal_gpio.o
 .debug_aranges
                0x00000868      0x148 ./Drivers/STM32F4xx_HAL_Driver/Src/stm32f4xx_hal_pcd.o
 .debug_aranges
                0x000009b0       0x38 ./Drivers/STM32F4xx_HAL_Driver/Src/stm32f4xx_hal_pcd_ex.o
 .debug_aranges