../Core/Src/EventLoop.cpp:28:6:void HAL_ADC_ConvHalfCpltCallback(ADC_HandleTypeDef*)	16	static
../Core/Src/EventLoop.cpp:32:6:void HAL_ADC_ConvCpltCallback(ADC_HandleTypeDef*)	16	static
../Core/Src/EventLoop.cpp:36:6:void HAL_GPIO_EXTI_Callback(uint16_t)	16	static
../Core/Src/EventLoop.cpp:41:6:void HAL_UART_RxCpltCallback(UART_HandleTypeDef*)	16	static
../Core/Src/EventLoop.cpp:45:6:void inter_cmd()	32	static
../Core/Src/EventLoop.cpp:53:6:void close_cmd()	24	static
../Core/Src/EventLoop.cpp:59:6:void RD_03_Write_cmd(uint8_t, uint8_t)	40	static
../Core/Src/EventLoop.cpp:69:6:void EventLoopCpp()	48	static
../Core/Src/EventLoop.cpp:146:6:void EventLoopC()	8	static
../Core/Src/EventLoop.cpp:149:1:void __static_initialization_and_destruction_0(int, int)	24	static
../Core/Src/EventLoop.cpp:149:1:cpp)	8	static
../Core/Src/EventLoop.cpp:149:1:cpp)	8	static
