../Core/Src/EventLoop.cpp:31:6:void HAL_ADC_ConvHalfCpltCallback(ADC_HandleTypeDef*)	16	static
../Core/Src/EventLoop.cpp:35:6:void HAL_ADC_ConvCpltCallback(ADC_HandleTypeDef*)	16	static
../Core/Src/EventLoop.cpp:44:6:void HAL_UART_RxCpltCallback(UART_HandleTypeDef*)	16	static
../Core/Src/EventLoop.cpp:48:6:void inter_cmd()	32	static
../Core/Src/EventLoop.cpp:56:6:void close_cmd()	24	static
../Core/Src/EventLoop.cpp:62:6:void RD_03_Write_cmd(uint8_t, uint8_t)	40	static
../Core/Src/EventLoop.cpp:72:6:void onButtonChangedHandler(Joy*)	16	static
../Core/Src/EventLoop.cpp:76:6:void EventLoopCpp()	64	static
../Core/Src/EventLoop.cpp:156:6:void EventLoopC()	8	static
../Core/Src/EventLoop.cpp:159:1:void __static_initialization_and_destruction_0(int, int)	24	static
../Core/Src/EventLoop.cpp:159:1:cpp)	8	static
../Core/Src/EventLoop.cpp:159:1:cpp)	8	static
