../Core/Src/NRF24L.cpp:7:1:NRF24L::NRF24L(SPI_HandleTypeDef*, GPIO_TypeDef*, uint16_t, GPIO_TypeDef*, uint16_t)	24	static
../Core/Src/NRF24L.cpp:15:1:NRF24L::~NRF24L()	16	static
../Core/Src/NRF24L.cpp:15:1:virtual NRF24L::~NRF24L()	16	static
../Core/Src/NRF24L.cpp:20:6:void NRF24L::nRF24_CE_L()	16	static
../Core/Src/NRF24L.cpp:24:6:void NRF24L::nRF24_CE_H()	16	static
../Core/Src/NRF24L.cpp:28:6:void NRF24L::nRF24_CSN_L()	16	static
../Core/Src/NRF24L.cpp:32:6:void NRF24L::nRF24_CSN_H()	16	static
../Core/Src/NRF24L.cpp:36:9:uint8_t NRF24L::nRF24_LL_RW(uint8_t)	32	static
../Core/Src/NRF24L.cpp:50:18:NRF24L::TXResult NRF24L::TransmitPacket(uint8_t*, uint8_t)	32	static
../Core/Src/NRF24L.cpp:96:9:uint8_t NRF24L::ReadReg(uint8_t)	24	static
../Core/Src/NRF24L.cpp:111:6:void NRF24L::WriteReg(uint8_t, uint8_t)	16	static
../Core/Src/NRF24L.cpp:134:6:void NRF24L::ReadMBReg(uint8_t, uint8_t*, uint8_t)	32	static
../Core/Src/NRF24L.cpp:148:6:void NRF24L::WriteMBReg(uint8_t, uint8_t*, uint8_t)	24	static
../Core/Src/NRF24L.cpp:159:6:void NRF24L::Init()	16	static
../Core/Src/NRF24L.cpp:193:9:uint8_t NRF24L::Check()	32	static
../Core/Src/NRF24L.cpp:214:6:void NRF24L::SetPowerMode(uint8_t)	24	static
../Core/Src/NRF24L.cpp:233:6:void NRF24L::SetOperationalMode(uint8_t)	24	static
../Core/Src/NRF24L.cpp:246:6:void NRF24L::SetDynamicPayloadLength(uint8_t)	24	static
../Core/Src/NRF24L.cpp:261:6:void NRF24L::SetPayloadWithAck(uint8_t)	24	static
../Core/Src/NRF24L.cpp:276:6:void NRF24L::SetCRCScheme(uint8_t)	24	static
../Core/Src/NRF24L.cpp:291:6:void NRF24L::SetRFChannel(uint8_t)	16	static
../Core/Src/NRF24L.cpp:300:6:void NRF24L::SetAutoRetr(uint8_t, uint8_t)	16	static
../Core/Src/NRF24L.cpp:310:6:void NRF24L::SetAddrWidth(uint8_t)	16	static
../Core/Src/NRF24L.cpp:324:6:void NRF24L::SetAddr(uint8_t, const uint8_t*)	32	static
../Core/Src/NRF24L.cpp:359:6:void NRF24L::SetTXPower(uint8_t)	24	static
../Core/Src/NRF24L.cpp:372:6:void NRF24L::SetDataRate(uint8_t)	24	static
../Core/Src/NRF24L.cpp:387:6:void NRF24L::SetRXPipe(uint8_t, uint8_t, uint8_t)	24	static
../Core/Src/NRF24L.cpp:410:6:void NRF24L::ClosePipe(uint8_t)	24	static
../Core/Src/NRF24L.cpp:422:6:void NRF24L::EnableAA(uint8_t)	24	static
../Core/Src/NRF24L.cpp:434:6:void NRF24L::DisableAA(uint8_t)	24	static
../Core/Src/NRF24L.cpp:450:9:uint8_t NRF24L::GetStatus()	16	static
../Core/Src/NRF24L.cpp:456:9:uint8_t NRF24L::GetIRQFlags()	16	static
../Core/Src/NRF24L.cpp:462:9:uint8_t NRF24L::GetStatus_RXFIFO()	16	static
../Core/Src/NRF24L.cpp:469:9:uint8_t NRF24L::GetStatus_TXFIFO()	16	static
../Core/Src/NRF24L.cpp:475:9:uint8_t NRF24L::GetRXSource()	16	static
../Core/Src/NRF24L.cpp:483:9:uint8_t NRF24L::GetRetransmitCounters()	16	static
../Core/Src/NRF24L.cpp:488:6:void NRF24L::ResetPLOS()	24	static
../Core/Src/NRF24L.cpp:497:6:void NRF24L::FlushTX()	16	static
../Core/Src/NRF24L.cpp:502:6:void NRF24L::FlushRX()	16	static
../Core/Src/NRF24L.cpp:507:6:void NRF24L::ClearIRQFlags()	24	static
../Core/Src/NRF24L.cpp:520:6:void NRF24L::WritePayload(uint8_t*, uint8_t)	24	static
../Core/Src/NRF24L.cpp:524:9:uint8_t NRF24L::GetRxDplPayloadWidth()	24	static
../Core/Src/NRF24L.cpp:536:18:NRF24L::RXResult NRF24L::ReadPayloadGeneric(uint8_t*, uint8_t*, uint8_t)	32	static
../Core/Src/NRF24L.cpp:577:18:NRF24L::RXResult NRF24L::ReadPayload(uint8_t*, uint8_t*)	24	static
../Core/Src/NRF24L.cpp:581:18:NRF24L::RXResult NRF24L::ReadPayloadDpl(uint8_t*, uint8_t*)	24	static
../Core/Src/NRF24L.cpp:585:9:uint8_t NRF24L::GetFeatures()	16	static
../Core/Src/NRF24L.cpp:588:6:void NRF24L::ActivateFeatures()	16	static
../Core/Src/NRF24L.cpp:594:6:void NRF24L::WriteAckPayload(RXResult, char*, uint8_t)	24	static
../Core/Src/NRF24L.cpp:604:6:void NRF24L::InitTX()	16	static
../Core/Src/NRF24L.cpp:628:6:void NRF24L::InitRX(uint8_t*, uint8_t)	24	static
