Archive member included to satisfy reference by file (symbol)

C:/ST/STM32CubeIDE_1.15.1/STM32CubeIDE/plugins/com.st.stm32cube.ide.mcu.externaltools.gnu-tools-for-stm32.12.3.rel1.win32_1.0.100.202403111256/tools/bin/../lib/gcc/arm-none-eabi/12.3.1/../../../../arm-none-eabi/lib/thumb/v7e-m+fp/hard\libc_nano.a(libc_a-exit.o)
                              C:/ST/STM32CubeIDE_1.15.1/STM32CubeIDE/plugins/com.st.stm32cube.ide.mcu.externaltools.gnu-tools-for-stm32.12.3.rel1.win32_1.0.100.202403111256/tools/bin/../lib/gcc/arm-none-eabi/12.3.1/../../../../arm-none-eabi/lib/thumb/v7e-m+fp/hard/crt0.o (exit)
C:/ST/STM32CubeIDE_1.15.1/STM32CubeIDE/plugins/com.st.stm32cube.ide.mcu.externaltools.gnu-tools-for-stm32.12.3.rel1.win32_1.0.100.202403111256/tools/bin/../lib/gcc/arm-none-eabi/12.3.1/../../../../arm-none-eabi/lib/thumb/v7e-m+fp/hard\libc_nano.a(libc_a-findfp.o)
                              C:/ST/STM32CubeIDE_1.15.1/STM32CubeIDE/plugins/com.st.stm32cube.ide.mcu.externaltools.gnu-tools-for-stm32.12.3.rel1.win32_1.0.100.202403111256/tools/bin/../lib/gcc/arm-none-eabi/12.3.1/../../../../arm-none-eabi/lib/thumb/v7e-m+fp/hard\libc_nano.a(libc_a-exit.o) (__stdio_exit_handler)
C:/ST/STM32CubeIDE_1.15.1/STM32CubeIDE/plugins/com.st.stm32cube.ide.mcu.externaltools.gnu-tools-for-stm32.12.3.rel1.win32_1.0.100.202403111256/tools/bin/../lib/gcc/arm-none-eabi/12.3.1/../../../../arm-none-eabi/lib/thumb/v7e-m+fp/hard\libc_nano.a(libc_a-fwalk.o)
                              C:/ST/STM32CubeIDE_1.15.1/STM32CubeIDE/plugins/com.st.stm32cube.ide.mcu.externaltools.gnu-tools-for-stm32.12.3.rel1.win32_1.0.100.202403111256/tools/bin/../lib/gcc/arm-none-eabi/12.3.1/../../../../arm-none-eabi/lib/thumb/v7e-m+fp/hard\libc_nano.a(libc_a-findfp.o) (_fwalk_sglue)
C:/ST/STM32CubeIDE_1.15.1/STM32CubeIDE/plugins/com.st.stm32cube.ide.mcu.externaltools.gnu-tools-for-stm32.12.3.rel1.win32_1.0.100.202403111256/tools/bin/../lib/gcc/arm-none-eabi/12.3.1/../../../../arm-none-eabi/lib/thumb/v7e-m+fp/hard\libc_nano.a(libc_a-stdio.o)
                              C:/ST/STM32CubeIDE_1.15.1/STM32CubeIDE/plugins/com.st.stm32cube.ide.mcu.externaltools.gnu-tools-for-stm32.12.3.rel1.win32_1.0.100.202403111256/tools/bin/../lib/gcc/arm-none-eabi/12.3.1/../../../../arm-none-eabi/lib/thumb/v7e-m+fp/hard\libc_nano.a(libc_a-findfp.o) (__sread)
C:/ST/STM32CubeIDE_1.15.1/STM32CubeIDE/plugins/com.st.stm32cube.ide.mcu.externaltools.gnu-tools-for-stm32.12.3.rel1.win32_1.0.100.202403111256/tools/bin/../lib/gcc/arm-none-eabi/12.3.1/../../../../arm-none-eabi/lib/thumb/v7e-m+fp/hard\libc_nano.a(libc_a-memset.o)
                              C:/ST/STM32CubeIDE_1.15.1/STM32CubeIDE/plugins/com.st.stm32cube.ide.mcu.externaltools.gnu-tools-for-stm32.12.3.rel1.win32_1.0.100.202403111256/tools/bin/../lib/gcc/arm-none-eabi/12.3.1/../../../../arm-none-eabi/lib/thumb/v7e-m+fp/hard/crt0.o (memset)
C:/ST/STM32CubeIDE_1.15.1/STM32CubeIDE/plugins/com.st.stm32cube.ide.mcu.externaltools.gnu-tools-for-stm32.12.3.rel1.win32_1.0.100.202403111256/tools/bin/../lib/gcc/arm-none-eabi/12.3.1/../../../../arm-none-eabi/lib/thumb/v7e-m+fp/hard\libc_nano.a(libc_a-closer.o)
                              C:/ST/STM32CubeIDE_1.15.1/STM32CubeIDE/plugins/com.st.stm32cube.ide.mcu.externaltools.gnu-tools-for-stm32.12.3.rel1.win32_1.0.100.202403111256/tools/bin/../lib/gcc/arm-none-eabi/12.3.1/../../../../arm-none-eabi/lib/thumb/v7e-m+fp/hard\libc_nano.a(libc_a-stdio.o) (_close_r)
C:/ST/STM32CubeIDE_1.15.1/STM32CubeIDE/plugins/com.st.stm32cube.ide.mcu.externaltools.gnu-tools-for-stm32.12.3.rel1.win32_1.0.100.202403111256/tools/bin/../lib/gcc/arm-none-eabi/12.3.1/../../../../arm-none-eabi/lib/thumb/v7e-m+fp/hard\libc_nano.a(libc_a-reent.o)
                              C:/ST/STM32CubeIDE_1.15.1/STM32CubeIDE/plugins/com.st.stm32cube.ide.mcu.externaltools.gnu-tools-for-stm32.12.3.rel1.win32_1.0.100.202403111256/tools/bin/../lib/gcc/arm-none-eabi/12.3.1/../../../../arm-none-eabi/lib/thumb/v7e-m+fp/hard\libc_nano.a(libc_a-closer.o) (errno)
C:/ST/STM32CubeIDE_1.15.1/STM32CubeIDE/plugins/com.st.stm32cube.ide.mcu.externaltools.gnu-tools-for-stm32.12.3.rel1.win32_1.0.100.202403111256/tools/bin/../lib/gcc/arm-none-eabi/12.3.1/../../../../arm-none-eabi/lib/thumb/v7e-m+fp/hard\libc_nano.a(libc_a-impure.o)
                              C:/ST/STM32CubeIDE_1.15.1/STM32CubeIDE/plugins/com.st.stm32cube.ide.mcu.externaltools.gnu-tools-for-stm32.12.3.rel1.win32_1.0.100.202403111256/tools/bin/../lib/gcc/arm-none-eabi/12.3.1/../../../../arm-none-eabi/lib/thumb/v7e-m+fp/hard\libc_nano.a(libc_a-reent.o) (_impure_ptr)
C:/ST/STM32CubeIDE_1.15.1/STM32CubeIDE/plugins/com.st.stm32cube.ide.mcu.externaltools.gnu-tools-for-stm32.12.3.rel1.win32_1.0.100.202403111256/tools/bin/../lib/gcc/arm-none-eabi/12.3.1/../../../../arm-none-eabi/lib/thumb/v7e-m+fp/hard\libc_nano.a(libc_a-lseekr.o)
[...]
Memory Configuration

Name             Origin             Length             Attributes
RAM              0x20000000         0x00020000         xrw
FLASH            0x08000000         0x00080000         xr
*default*        0x00000000         0xffffffff

Linker script and memory map

LOAD C:/ST/STM32CubeIDE_1.15.1/STM32CubeIDE/plugins/com.st.stm32cube.ide.mcu.externaltools.gnu-tools-for-stm32.12.3.rel1.win32_1.0.100.202403111256/tools/bin/../lib/gcc/arm-none-eabi/12.3.1/thumb/v7e-m+fp/hard/crti.o
LOAD C:/ST/STM32CubeIDE_1.15.1/STM32CubeIDE/plugins/com.st.stm32cube.ide.mcu.externaltools.gnu-tools-for-stm32.12.3.rel1.win32_1.0.100.202403111256/tools/bin/../lib/gcc/arm-none-eabi/12.3.1/thumb/v7e-m+fp/hard/crtbegin.o
LOAD C:/ST/STM32CubeIDE_1.15.1/STM32CubeIDE/plugins/com.st.stm32cube.ide.mcu.externaltools.gnu-tools-for-stm32.12.3.rel1.win32_1.0.100.202403111256/tools/bin/../lib/gcc/arm-none-eabi/12.3.1/../../../../arm-none-eabi/lib/thumb/v7e-m+fp/hard/crt0.o
LOAD ./Core/Src/EventLoop.o
LOAD ./Core/Src/adc.o
LOAD ./Core/Src/dma.o
LOAD ./Core/Src/gpio.o
LOAD ./Core/Src/main.o
LOAD ./Core/Src/stm32f4xx_hal_msp.o
LOAD ./Core/Src/stm32f4xx_it.o
LOAD ./Core/Src/syscalls.o
LOAD ./Core/Src/sysmem.o
LOAD ./Core/Src/system_stm32f4xx.o
LOAD ./Core/Src/tim.o
LOAD ./Core/Startup/startup_stm32f411ceux.o
LOAD ./Drivers/STM32F4xx_HAL_Driver/Src/stm32f4xx_hal.o
LOAD ./Drivers/STM32F4xx_HAL_Driver/Src/stm32f4xx_hal_adc.o
LOAD ./Drivers/STM32F4xx_HAL_Driver/Src/stm32f4xx_hal_adc_ex.o
LOAD ./Drivers/STM32F4xx_HAL_Driver/Src/stm32f4xx_hal_cortex.o
LOAD ./Drivers/STM32F4xx_HAL_Driver/Src/stm32f4xx_hal_dma.o
LOAD ./Drivers/STM32F4xx_HAL_Driver/Src/stm32f4xx_hal_dma_ex.o
LOAD ./Drivers/STM32F4xx_HAL_Driver/Src/stm32f4xx_hal_exti.o
LOAD ./Drivers/STM32F4xx_HAL_Driver/Src/stm32f4xx_hal_flash.o
LOAD ./Drivers/STM32F4xx_HAL_Driver/Src/stm32f4xx_hal_flash_ex.o
LOAD ./Drivers/STM32F4xx_HAL_Driver/Src/stm32f4xx_hal_flash_ramfunc.o
LOAD ./Drivers/STM32F4xx_HAL_Driver/Src/stm32f4xx_hal_gpio.o
LOAD ./Drivers/STM32F4xx_HAL_Driver/Src/stm32f4xx_hal_pcd.o
LOAD ./Drivers/STM32F4xx_HAL_Driver/Src/stm32f4xx_hal_pcd_ex.o
LOAD ./Drivers/STM32F4xx_HAL_Driver/Src/stm32f4xx_hal_pwr.o
LOAD ./Drivers/STM32F4xx_HAL_Driver/Src/stm32f4xx_hal_pwr_ex.o
LOAD ./Drivers/STM32F4xx_HAL_Driver/Src/stm32f4xx_hal_rcc.o
LOAD ./Drivers/STM32F4xx_HAL_Driver/Src/stm32f4xx_hal_rcc_ex.o
LOAD ./Drivers/STM32F4xx_HAL_Driver/Src/stm32f4xx_hal_tim.o
LOAD ./Drivers/STM32F4xx_HAL_Driver/Src/stm32f4xx_hal_tim_ex.o
LOAD ./Drivers/STM32F4xx_HAL_Driver/Src/stm32f4xx_ll_adc.o
LOAD ./Drivers/STM32F4xx_HAL_Driver/Src/stm32f4xx_ll_usb.o
LOAD ./Middlewares/ST/STM32_USB_Device_Library/Class/CDC/Src/usbd_cdc.o
LOAD ./Middlewares/ST/STM32_USB_Device_Library/Core/Src/usbd_core.o
LOAD ./Middlewares/ST/STM32_USB_Device_Library/Core/Src/usbd_ctlreq.o
LOAD ./Middlewares/ST/STM32_USB_Device_Library/Core/Src/usbd_ioreq.o
LOAD ./USB_DEVICE/App/usb_device.o
LOAD ./USB_DEVICE/App/usbd_cdc_if.o
LOAD ./USB_DEVICE/App/usbd_desc.o
LOAD ./USB_DEVICE/Target/usbd_conf.o
START GROUP
LOAD C:/ST/STM32CubeIDE_1.15.1/STM32CubeIDE/plugins/com.st.stm32cube.ide.mcu.externaltools.gnu-tools-for-stm32.12.3.rel1.win32_1.0.100.202403111256/tools/bin/../lib/gcc/arm-none-eabi/12.3.1/../../../../arm-none-eabi/lib/thumb/v7e-m+fp/hard\libstdc++_nano.a
LOAD C:/ST/STM32CubeIDE_1.15.1/STM32CubeIDE/plugins/com.st.stm32cube.ide.mcu.externaltools.gnu-tools-for-stm32.12.3.rel1.win32_1.0.100.202403111256/tools/bin/../lib/gcc/arm-none-eabi/12.3.1/../../../../arm-none-eabi/lib/thumb/v7e-m+fp/hard\libsupc++_nano.a
END GROUP
LOAD C:/ST/STM32CubeIDE_1.15.1/STM32CubeIDE/plugins/com.st.stm32cube.ide.mcu.externaltools.gnu-tools-for-stm32.12.3.rel1.win32_1.0.100.202403111256/tools/bin/../lib/gcc/arm-none-eabi/12.3.1/../../../../arm-none-eabi/lib/thumb/v7e-m+fp/hard\libstdc++_nano.a
LOAD C:/ST/STM32CubeIDE_1.15.1/STM32CubeIDE/plugins/com.st.stm32cube.ide.mcu.externaltools.gnu-tools-for-stm32.12.3.rel1.win32_1.0.100.202403111256/tools/bin/../lib/gcc/arm-none-eabi/12.3.1/../../../../arm-none-eabi/lib/thumb/v7e-m+fp/hard\libm.a
LOAD C:/ST/STM32CubeIDE_1.15.1/STM32CubeIDE/plugins/com.st.stm32cube.ide.mcu.externaltools.gnu-tools-for-stm32.12.3.rel1.win32_1.0.100.202403111256/tools/bin/../lib/gcc/arm-none-eabi/12.3.1/../../../../arm-none-eabi/lib/thumb/v7e-m+fp/hard\libc_nano.a
START GROUP
LOAD C:/ST/STM32CubeIDE_1.15.1/STM32CubeIDE/plugins/com.st.stm32cube.ide.mcu.externaltools.gnu-tools-for-stm32.12.3.rel1.win32_1.0.100.202403111256/tools/bin/../lib/gcc/arm-none-eabi/12.3.1/thumb/v7e-m+fp/hard\libgcc.a
LOAD C:/ST/STM32CubeIDE_1.15.1/STM32CubeIDE/plugins/com.st.stm32cube.ide.mcu.externaltools.gnu-tools-for-stm32.12.3.rel1.win32_1.0.100.202403111256/tools/bin/../lib/gcc/arm-none-eabi/12.3.1/../../../../arm-none-eabi/lib/thumb/v7e-m+fp/hard\libc_nano.a
END GROUP
START GROUP
LOAD C:/ST/STM32CubeIDE_1.15.1/STM32CubeIDE/plugins/com.st.stm32cube.ide.mcu.externaltools.gnu-tools-for-stm32.12.3.rel1.win32_1.0.100.202403111256/tools/bin/../lib/gcc/arm-none-eabi/12.3.1/thumb/v7e-m+fp/hard\libgcc.a
LOAD C:/ST/STM32CubeIDE_1.15.1/STM32CubeIDE/plugins/com.st.stm32cube.ide.mcu.externaltools.gnu-tools-for-stm32.12.3.rel1.win32_1.0.100.202403111256/tools/bin/../lib/gcc/arm-none-eabi/12.3.1/../../../../arm-none-eabi/lib/thumb/v7e-m+fp/hard\libc_nano.a
LOAD C:/ST/STM32CubeIDE_1.15.1/STM32CubeIDE/plugins/com.st.stm32cube.ide.mcu.externaltools.gnu-tools-for-stm32.12.3.rel1.win32_1.0.100.202403111256/tools/bin/../lib/gcc/arm-none-eabi/12.3.1/../../../../arm-none-eabi/lib/thumb/v7e-m+fp/hard\libnosys.a
END GROUP
START GROUP
LOAD C:/ST/STM32CubeIDE_1.15.1/STM32CubeIDE/plugins/com.st.stm32cube.ide.mcu.externaltools.gnu-tools-for-stm32.12.3.rel1.win32_1.0.100.202403111256/tools/bin/../lib/gcc/arm-none-eabi/12.3.1/thumb/v7e-m+fp/hard\libgcc.a
LOAD C:/ST/STM32CubeIDE_1.15.1/STM32CubeIDE/plugins/com.st.stm32cube.ide.mcu.externaltools.gnu-tools-for-stm32.12.3.rel1.win32_1.0.100.202403111256/tools/bin/../lib/gcc/arm-none-eabi/12.3.1/../../../../arm-none-eabi/lib/thumb/v7e-m+fp/hard\libc_nano.a
LOAD C:/ST/STM32CubeIDE_1.15.1/STM32CubeIDE/plugins/com.st.stm32cube.ide.mcu.externaltools.gnu-tools-for-stm32.12.3.rel1.win32_1.0.100.202403111256/tools/bin/../lib/gcc/arm-none-eabi/12.3.1/../../../../arm-none-eabi/lib/thumb/v7e-m+fp/hard\libnosys.a
END GROUP
LOAD C:/ST/STM32CubeIDE_1.15.1/STM32CubeIDE/plugins/com.st.stm32cube.ide.mcu.externaltools.gnu-tools-for-stm32.12.3.rel1.win32_1.0.100.202403111256/tools/bin/../lib/gcc/arm-none-eabi/12.3.1/thumb/v7e-m+fp/hard/crtend.o
LOAD C:/ST/STM32CubeIDE_1.15.1/STM32CubeIDE/plugins/com.st.stm32cube.ide.mcu.externaltools.gnu-tools-for-stm32.12.3.rel1.win32_1.0.100.202403111256/tools/bin/../lib/gcc/arm-none-eabi/12.3.1/thumb/v7e-m+fp/hard/crtn.o
                0x20020000                        _estack = (ORIGIN (RAM) + LENGTH (RAM))
                0x00000200                        _Min_Heap_Size = 0x200
                0x00000400                        _Min_Stack_Size = 0x400

.isr_vector     0x08000000      0x198
                0x08000000                        . = ALIGN (0x4)
 *(.isr_vector)
 .isr_vector    0x08000000      0x198 ./Core/Startup/startup_stm32f411ceux.o
                0x08000000                g_pfnVectors
                0x08000198                        . = ALIGN (0x4)

.text           0x08000198     0x86a4
                0x08000198                        . = ALIGN (0x4)
 *(.text)
 .text          0x08000198       0x40 C:/ST/STM32CubeIDE_1.15.1/STM32CubeIDE/plugins/com.st.stm32cube.ide.mcu.externaltools.gnu-tools-for-stm32.12.3.rel1.win32_1.0.100.202403111256/tools/bin/../lib/gcc/arm-none-eabi/12.3.1/thumb/v7e-m+fp/hard/crtbegin.o
 .text          0x080001d8       0x30 C:/ST/STM32CubeIDE_1.15.1/STM32CubeIDE/plugins/com.st.stm32cube.ide.mcu.externaltools.gnu-tools-for-stm32.12.3.rel1.win32_1.0.100.202403111256/tools/bin/../lib/gcc/arm-none-eabi/12.3.1/thumb/v7e-m+fp/hard\libgcc.a(_aeabi_uldivmod.o)
                0x080001d8                __aeabi_uldivmod
 .text          0x08000208      0x2bc C:/ST/STM32CubeIDE_1.15.1/STM32CubeIDE/plugins/com.st.stm32cube.ide.mcu.externaltools.gnu-tools-for-stm32.12.3.rel1.win32_1.0.100.202403111256/tools/bin/../lib/gcc/arm-none-eabi/12.3.1/thumb/v7e-m+fp/hard\libgcc.a(_udivmoddi4.o)
                0x08000208                __udivmoddi4
 .text          0x080004c4        0x4 C:/ST/STM32CubeIDE_1.15.1/STM32CubeIDE/plugins/com.st.stm32cube.ide.mcu.externaltools.gnu-tools-for-stm32.12.3.rel1.win32_1.0.100.202403111256/tools/bin/../lib/gcc/arm-none-eabi/12.3.1/thumb/v7e-m+fp/hard\libgcc.a(_dvmd_tls.o)
                0x080004c4                __aeabi_idiv0
                0x080004c4                __aeabi_ldiv0
 *(.text*)
 .text.HAL_ADC_ConvCpltCallback
                0x080004c8       0x14 ./Core/Src/EventLoop.o
                0x080004c8                HAL_ADC_ConvCpltCallback
 .text.HAL_GPIO_EXTI_Callback
                0x080004dc       0x38 ./Core/Src/EventLoop.o
                0x080004dc                HAL_GPIO_EXTI_Callback
 .text._Z12EventLoopCppv
                0x08000514       0x24 ./Core/Src/EventLoop.o
                0x08000514                EventLoopCpp()
 .text.EventLoopC
                0x08000538        0xc ./Core/Src/EventLoop.o
                0x08000538                EventLoopC
 .text.MX_ADC1_Init
                0x08000544       0xc0 ./Core/Src/adc.o
                0x08000544                MX_ADC1_Init
 .text.HAL_ADC_MspInit
                0x08000604      0x100 ./Core/Src/adc.o
                0x08000604                HAL_ADC_MspInit
 .text.MX_DMA_Init
                0x08000704       0x40 ./Core/Src/dma.o
                0x08000704                MX_DMA_Init
 .text.MX_GPIO_Init
                0x08000744       0x88 ./Core/Src/gpio.o
                0x08000744                MX_GPIO_Init
 .text.main     0x080007cc       0x28 ./Core/Src/main.o
                0x080007cc                main
 .text.SystemClock_Config
                0x080007f4       0xd0 ./Core/Src/main.o
                0x080007f4                SystemClock_Config
 .text.Error_Handler
                0x080008c4        0xc ./Core/Src/main.o
                0x080008c4                Error_Handler
 .text.HAL_MspInit
                0x080008d0       0x50 ./Core/Src/stm32f4xx_hal_msp.o
                0x080008d0                HAL_MspInit
 .text.NMI_Handler
                0x08000920        0x8 ./Core/Src/stm32f4xx_it.o
                0x08000920                NMI_Handler
 .text.HardFault_Handler
                0x08000928        0x8 ./Core/Src/stm32f4xx_it.o
                0x08000928                HardFault_Handler
 .text.MemManage_Handler
                0x08000930        0x8 ./Core/Src/stm32f4xx_it.o
                0x08000930                MemManage_Handler
 .text.BusFault_Handler
                0x08000938        0x8 ./Core/Src/stm32f4xx_it.o
                0x08000938                BusFault_Handler
 .text.UsageFault_Handler
                0x08000940        0x8 ./Core/Src/stm32f4xx_it.o
                0x08000940                UsageFault_Handler
 .text.SVC_Handler
                0x08000948        0xe ./Core/Src/stm32f4xx_it.o
                0x08000948                SVC_Handler
 .text.DebugMon_Handler
                0x08000956        0xe ./Core/Src/stm32f4xx_it.o
                0x08000956                DebugMon_Handler
 .text.PendSV_Handler
                0x08000964        0xe ./Core/Src/stm32f4xx_it.o
                0x08000964                PendSV_Handler
 .text.SysTick_Handler
                0x08000972        0xc ./Core/Src/stm32f4xx_it.o
                0x08000972                SysTick_Handler
 .text.EXTI2_IRQHandler
                0x0800097e        0xe ./Core/Src/stm32f4xx_it.o
                0x0800097e                EXTI2_IRQHandler
 .text.ADC_IRQHandler
                0x0800098c       0x14 ./Core/Src/stm32f4xx_it.o
                0x0800098c                ADC_IRQHandler
 .text.DMA2_Stream0_IRQHandler
                0x080009a0       0x14 ./Core/Src/stm32f4xx_it.o
                0x080009a0                DMA2_Stream0_IRQHandler
 .text.OTG_FS_IRQHandler
                0x080009b4       0x14 ./Core/Src/stm32f4xx_it.o
                0x080009b4                OTG_FS_IRQHandler
 .text.SystemInit
                0x080009c8       0x24 ./Core/Src/system_stm32f4xx.o
                0x080009c8                SystemInit
 .text.MX_TIM2_Init
                0x080009ec       0xc8 ./Core/Src/tim.o
                0x080009ec                MX_TIM2_Init
 .text.HAL_TIM_Base_MspInit
                0x08000ab4       0x40 ./Core/Src/tim.o
                0x08000ab4                HAL_TIM_Base_MspInit
 .text.Reset_Handler
                0x08000af4       0x50 ./Core/Startup/startup_stm32f411ceux.o
                0x08000af4                Reset_Handler
 .text.Default_Handler
                0x08000b44        0x2 ./Core/Startup/startup_stm32f411ceux.o
                0x08000b44                RTC_Alarm_IRQHandler
                0x08000b44                SPI4_IRQHandler
                0x08000b44                TIM1_CC_IRQHandler
                0x08000b44                DMA2_Stream5_IRQHandler
                0x08000b44                DMA1_Stream5_IRQHandler
                0x08000b44                PVD_IRQHandler
                0x08000b44                SDIO_IRQHandler
                0x08000b44                TAMP_STAMP_IRQHandler
                0x08000b44                EXTI3_IRQHandler
                0x08000b44                TIM1_UP_TIM10_IRQHandler
                0x08000b44                I2C3_ER_IRQHandler
                0x08000b44                EXTI0_IRQHandler
                0x08000b44                I2C2_EV_IRQHandler
                0x08000b44                DMA1_Stream2_IRQHandler
                0x08000b44                FPU_IRQHandler
                0x08000b44                DMA2_Stream2_IRQHandler
                0x08000b44                SPI1_IRQHandler
                0x08000b44                TIM1_BRK_TIM9_IRQHandler
                0x08000b44                DMA2_Stream3_IRQHandler
                0x08000b44                USART6_IRQHandler
                0x08000b44                TIM4_IRQHandler
                0x08000b44                I2C1_EV_IRQHandler
                0x08000b44                DMA1_Stream6_IRQHandler
                0x08000b44                DMA1_Stream1_IRQHandler
                0x08000b44                TIM3_IRQHandler
                0x08000b44                RCC_IRQHandler
                0x08000b44                Default_Handler
                0x08000b44                EXTI15_10_IRQHandler
                0x08000b44                DMA1_Stream7_IRQHandler
                0x08000b44                SPI5_IRQHandler
                0x08000b44                TIM5_IRQHandler
                0x08000b44                DMA2_Stream7_IRQHandler
                0x08000b44                I2C3_EV_IRQHandler
                0x08000b44                EXTI9_5_IRQHandler
                0x08000b44                RTC_WKUP_IRQHandler
                0x08000b44                SPI2_IRQHandler
                0x08000b44                DMA1_Stream0_IRQHandler
                0x08000b44                EXTI4_IRQHandler
                0x08000b44                WWDG_IRQHandler
                0x08000b44                TIM2_IRQHandler
                0x08000b44                OTG_FS_WKUP_IRQHandler
                0x08000b44                TIM1_TRG_COM_TIM11_IRQHandler
                0x08000b44                EXTI1_IRQHandler
                0x08000b44                USART2_IRQHandler
                0x08000b44                I2C2_ER_IRQHandler
                0x08000b44                DMA2_Stream1_IRQHandler
                0x08000b44                FLASH_IRQHandler
                0x08000b44                DMA2_Stream4_IRQHandler
                0x08000b44                USART1_IRQHandler
                0x08000b44                SPI3_IRQHandler
                0x08000b44                DMA1_Stream4_IRQHandler
                0x08000b44                I2C1_ER_IRQHandler
                0x08000b44                DMA2_Stream6_IRQHandler
                0x08000b44                DMA1_Stream3_IRQHandler
 *fill*         0x08000b46        0x2 
 .text.HAL_Init
                0x08000b48       0x44 ./Drivers/STM32F4xx_HAL_Driver/Src/stm32f4xx_hal.o
                0x08000b48                HAL_Init
 .text.HAL_InitTick
                0x08000b8c       0x60 ./Drivers/STM32F4xx_HAL_Driver/Src/stm32f4xx_hal.o
                0x08000b8c                HAL_InitTick
 .text.HAL_IncTick
                0x08000bec       0x28 ./Drivers/STM32F4xx_HAL_Driver/Src/stm32f4xx_hal.o
                0x08000bec                HAL_IncTick
 .text.HAL_GetTick
                0x08000c14       0x18 ./Drivers/STM32F4xx_HAL_Driver/Src/stm32f4xx_hal.o
                0x08000c14                HAL_GetTick
 .text.HAL_Delay
                0x08000c2c       0x48 ./Drivers/STM32F4xx_HAL_Driver/Src/stm32f4xx_hal.o
                0x08000c2c                HAL_Delay
 .text.HAL_ADC_Init
                0x08000c74       0x86 ./Drivers/STM32F4xx_HAL_Driver/Src/stm32f4xx_hal_adc.o
                0x08000c74                HAL_ADC_Init
 .text.HAL_ADC_IRQHandler
                0x08000cfa      0x220 ./Drivers/STM32F4xx_HAL_Driver/Src/stm32f4xx_hal_adc.o
                0x08000cfa                HAL_ADC_IRQHandler
 *fill*         0x08000f1a        0x2 
 .text.HAL_ADC_Start_DMA
                0x08000f1c      0x1e0 ./Drivers/STM32F4xx_HAL_Driver/Src/stm32f4xx_hal_adc.o
                0x08000f1c                HAL_ADC_Start_DMA
 .text.HAL_ADC_ConvHalfCpltCallback
                0x080010fc       0x14 ./Drivers/STM32F4xx_HAL_Driver/Src/stm32f4xx_hal_adc.o
                0x080010fc                HAL_ADC_ConvHalfCpltCallback
 .text.HAL_ADC_LevelOutOfWindowCallback
                0x08001110       0x14 ./Drivers/STM32F4xx_HAL_Driver/Src/stm32f4xx_hal_adc.o
                0x08001110                HAL_ADC_LevelOutOfWindowCallback
 .text.HAL_ADC_ErrorCallback
                0x08001124       0x14 ./Drivers/STM32F4xx_HAL_Driver/Src/stm32f4xx_hal_adc.o
                0x08001124                HAL_ADC_ErrorCallback
 .text.HAL_ADC_ConfigChannel
                0x08001138      0x264 ./Drivers/STM32F4xx_HAL_Driver/Src/stm32f4xx_hal_adc.o
                0x08001138                HAL_ADC_ConfigChannel
 .text.ADC_Init
                0x0800139c      0x1f8 ./Drivers/STM32F4xx_HAL_Driver/Src/stm32f4xx_hal_adc.o
 .text.ADC_DMAConvCplt
                0x08001594       0xba ./Drivers/STM32F4xx_HAL_Driver/Src/stm32f4xx_hal_adc.o
 .text.ADC_DMAHalfConvCplt
                0x0800164e       0x1c ./Drivers/STM32F4xx_HAL_Driver/Src/stm32f4xx_hal_adc.o
 .text.ADC_DMAError
                0x0800166a       0x2e ./Drivers/STM32F4xx_HAL_Driver/Src/stm32f4xx_hal_adc.o
 .text.HAL_ADCEx_InjectedConvCpltCallback
                0x08001698       0x14 ./Drivers/STM32F4xx_HAL_Driver/Src/stm32f4xx_hal_adc_ex.o
                0x08001698                HAL_ADCEx_InjectedConvCpltCallback
 .text.__NVIC_SetPriorityGrouping
                0x080016ac       0x48 ./Drivers/STM32F4xx_HAL_Driver/Src/stm32f4xx_hal_cortex.o
 .text.__NVIC_GetPriorityGrouping
                0x080016f4       0x1c ./Drivers/STM32F4xx_HAL_Driver/Src/stm32f4xx_hal_cortex.o
 .text.__NVIC_EnableIRQ
                0x08001710       0x3c ./Drivers/STM32F4xx_HAL_Driver/Src/stm32f4xx_hal_cortex.o
 .text.__NVIC_SetPriority
                0x0800174c       0x54 ./Drivers/STM32F4xx_HAL_Driver/Src/stm32f4xx_hal_cortex.o
 .text.NVIC_EncodePriority
                0x080017a0       0x66 ./Drivers/STM32F4xx_HAL_Driver/Src/stm32f4xx_hal_cortex.o
 *fill*         0x08001806        0x2 
 .text.SysTick_Config
                0x08001808       0x44 ./Drivers/STM32F4xx_HAL_Driver/Src/stm32f4xx_hal_cortex.o
 .text.HAL_NVIC_SetPriorityGrouping
                0x0800184c       0x16 ./Drivers/STM32F4xx_HAL_Driver/Src/stm32f4xx_hal_cortex.o
                0x0800184c                HAL_NVIC_SetPriorityGrouping
 .text.HAL_NVIC_SetPriority
                0x08001862       0x38 ./Drivers/STM32F4xx_HAL_Driver/Src/stm32f4xx_hal_cortex.o
                0x08001862                HAL_NVIC_SetPriority
 .text.HAL_NVIC_EnableIRQ
                0x0800189a       0x1c ./Drivers/STM32F4xx_HAL_Driver/Src/stm32f4xx_hal_cortex.o
                0x0800189a                HAL_NVIC_EnableIRQ
 .text.HAL_SYSTICK_Config
                0x080018b6       0x18 ./Drivers/STM32F4xx_HAL_Driver/Src/stm32f4xx_hal_cortex.o
                0x080018b6                HAL_SYSTICK_Config
 *fill*         0x080018ce        0x2 
 .text.HAL_DMA_Init
                0x080018d0      0x15c ./Drivers/STM32F4xx_HAL_Driver/Src/stm32f4xx_hal_dma.o
                0x080018d0                HAL_DMA_Init
 .text.HAL_DMA_Start_IT
                0x08001a2c       0xb0 ./Drivers/STM32F4xx_HAL_Driver/Src/stm32f4xx_hal_dma.o
                0x08001a2c                HAL_DMA_Start_IT
 .text.HAL_DMA_IRQHandler
                0x08001adc      0x314 ./Drivers/STM32F4xx_HAL_Driver/Src/stm32f4xx_hal_dma.o
                0x08001adc                HAL_DMA_IRQHandler
 .text.DMA_SetConfig
                0x08001df0       0x5c ./Drivers/STM32F4xx_HAL_Driver/Src/stm32f4xx_hal_dma.o
 .text.DMA_CalcBaseAndBitshift
                0x08001e4c       0x6c ./Drivers/STM32F4xx_HAL_Driver/Src/stm32f4xx_hal_dma.o
 .text.DMA_CheckFifoParam
                0x08001eb8       0xf8 ./Drivers/STM32F4xx_HAL_Driver/Src/stm32f4xx_hal_dma.o
 .text.HAL_GPIO_Init
                0x08001fb0      0x308 ./Drivers/STM32F4xx_HAL_Driver/Src/stm32f4xx_hal_gpio.o
                0x08001fb0                HAL_GPIO_Init
 .text.HAL_GPIO_EXTI_IRQHandler
                0x080022b8       0x30 ./Drivers/STM32F4xx_HAL_Driver/Src/stm32f4xx_hal_gpio.o
                0x080022b8                HAL_GPIO_EXTI_IRQHandler
 .text.HAL_PCD_Init
                0x080022e8      0x21e ./Drivers/STM32F4xx_HAL_Driver/Src/stm32f4xx_hal_pcd.o
                0x080022e8                HAL_PCD_Init
 .text.HAL_PCD_Start
                0x08002506       0x6a ./Drivers/STM32F4xx_HAL_Driver/Src/stm32f4xx_hal_pcd.o
                0x08002506                HAL_PCD_Start
 .text.HAL_PCD_IRQHandler
                0x08002570      0x942 ./Drivers/STM32F4xx_HAL_Driver/Src/stm32f4xx_hal_pcd.o
                0x08002570                HAL_PCD_IRQHandler
 .text.HAL_PCD_SetAddress
                0x08002eb2       0x48 ./Drivers/STM32F4xx_HAL_Driver/Src/stm32f4xx_hal_pcd.o
                0x08002eb2                HAL_PCD_SetAddress
 .text.HAL_PCD_EP_Open
                0x08002efa       0xd0 ./Drivers/STM32F4xx_HAL_Driver/Src/stm32f4xx_hal_pcd.o
                0x08002efa                HAL_PCD_EP_Open
 .text.HAL_PCD_EP_Close
                0x08002fca       0x94 ./Drivers/STM32F4xx_HAL_Driver/Src/stm32f4xx_hal_pcd.o
                0x08002fca                HAL_PCD_EP_Close
 .text.HAL_PCD_EP_Receive
                0x0800305e       0x76 ./Drivers/STM32F4xx_HAL_Driver/Src/stm32f4xx_hal_pcd.o
                0x0800305e                HAL_PCD_EP_Receive
 .text.HAL_PCD_EP_GetRxCount
                0x080030d4       0x30 ./Drivers/STM32F4xx_HAL_Driver/Src/stm32f4xx_hal_pcd.o
                0x080030d4                HAL_PCD_EP_GetRxCount
 .text.HAL_PCD_EP_Transmit
                0x08003104       0x74 ./Drivers/STM32F4xx_HAL_Driver/Src/stm32f4xx_hal_pcd.o
                0x08003104                HAL_PCD_EP_Transmit
 .text.HAL_PCD_EP_SetStall
                0x08003178       0xc6 ./Drivers/STM32F4xx_HAL_Driver/Src/stm32f4xx_hal_pcd.o
                0x08003178                HAL_PCD_EP_SetStall
 .text.HAL_PCD_EP_ClrStall
                0x0800323e       0xac ./Drivers/STM32F4xx_HAL_Driver/Src/stm32f4xx_hal_pcd.o
                0x0800323e                HAL_PCD_EP_ClrStall
 .text.HAL_PCD_EP_Abort
                0x080032ea       0x62 ./Drivers/STM32F4xx_HAL_Driver/Src/stm32f4xx_hal_pcd.o
                0x080032ea                HAL_PCD_EP_Abort
 .text.PCD_WriteEmptyTxFifo
                0x0800334c      0x118 ./Drivers/STM32F4xx_HAL_Driver/Src/stm32f4xx_hal_pcd.o
 .text.PCD_EP_OutXfrComplete_int
                0x08003464      0x1d0 ./Drivers/STM32F4xx_HAL_Driver/Src/stm32f4xx_hal_pcd.o
 .text.PCD_EP_OutSetupPacket_int
                0x08003634       0x8c ./Drivers/STM32F4xx_HAL_Driver/Src/stm32f4xx_hal_pcd.o
 .text.HAL_PCDEx_SetTxFiFo
                0x080036c0       0x8e ./Drivers/STM32F4xx_HAL_Driver/Src/stm32f4xx_hal_pcd_ex.o
                0x080036c0                HAL_PCDEx_SetTxFiFo
 .text.HAL_PCDEx_SetRxFiFo
                0x0800374e       0x22 ./Drivers/STM32F4xx_HAL_Driver/Src/stm32f4xx_hal_pcd_ex.o
                0x0800374e                HAL_PCDEx_SetRxFiFo
 .text.HAL_PCDEx_LPM_Callback
                0x08003770       0x18 ./Drivers/STM32F4xx_HAL_Driver/Src/stm32f4xx_hal_pcd_ex.o
                0x08003770                HAL_PCDEx_LPM_Callback
 .text.HAL_RCC_OscConfig
                0x08003788      0x4f0 ./Drivers/STM32F4xx_HAL_Driver/Src/stm32f4xx_hal_rcc.o
                0x08003788                HAL_RCC_OscConfig
 .text.HAL_RCC_ClockConfig
                0x08003c78      0x1cc ./Drivers/STM32F4xx_HAL_Driver/Src/stm32f4xx_hal_rcc.o
                0x08003c78                HAL_RCC_ClockConfig
 .text.HAL_RCC_GetSysClockFreq
                0x08003e44      0x18c ./Drivers/STM32F4xx_HAL_Driver/Src/stm32f4xx_hal_rcc.o
                0x08003e44                HAL_RCC_GetSysClockFreq
 .text.HAL_RCC_GetHCLKFreq
                0x08003fd0       0x18 ./Drivers/STM32F4xx_HAL_Driver/Src/stm32f4xx_hal_rcc.o
                0x08003fd0                HAL_RCC_GetHCLKFreq
 .text.HAL_TIM_Base_Init
                0x08003fe8       0x9e ./Drivers/STM32F4xx_HAL_Driver/Src/stm32f4xx_hal_tim.o
                0x08003fe8                HAL_TIM_Base_Init
 *fill*         0x08004086        0x2 
 .text.HAL_TIM_Base_Start
                0x08004088       0xb4 ./Drivers/STM32F4xx_HAL_Driver/Src/stm32f4xx_hal_tim.o
                0x08004088                HAL_TIM_Base_Start
 .text.HAL_TIM_ConfigClockSource
                0x0800413c      0x18e ./Drivers/STM32F4xx_HAL_Driver/Src/stm32f4xx_hal_tim.o
                0x0800413c                HAL_TIM_ConfigClockSource
 .text.HAL_TIM_SlaveConfigSynchro
                0x080042ca       0x84 ./Drivers/STM32F4xx_HAL_Driver/Src/stm32f4xx_hal_tim.o
                0x080042ca                HAL_TIM_SlaveConfigSynchro
 *fill*         0x0800434e        0x2 
 .text.TIM_Base_SetConfig
                0x08004350      0x118 ./Drivers/STM32F4xx_HAL_Driver/Src/stm32f4xx_hal_tim.o
                0x08004350                TIM_Base_SetConfig
 .text.TIM_SlaveTimer_SetConfig
                0x08004468      0x122 ./Drivers/STM32F4xx_HAL_Driver/Src/stm32f4xx_hal_tim.o
 .text.TIM_TI1_ConfigInputStage
                0x0800458a       0x5e ./Drivers/STM32F4xx_HAL_Driver/Src/stm32f4xx_hal_tim.o
 .text.TIM_TI2_ConfigInputStage
                0x080045e8       0x60 ./Drivers/STM32F4xx_HAL_Driver/Src/stm32f4xx_hal_tim.o
 .text.TIM_ITRx_SetConfig
                0x08004648       0x36 ./Drivers/STM32F4xx_HAL_Driver/Src/stm32f4xx_hal_tim.o
 .text.TIM_ETR_SetConfig
                0x0800467e       0x40 ./Drivers/STM32F4xx_HAL_Driver/Src/stm32f4xx_hal_tim.o
                0x0800467e                TIM_ETR_SetConfig
 *fill*         0x080046be        0x2 
 .text.HAL_TIMEx_MasterConfigSynchronization
                0x080046c0       0xdc ./Drivers/STM32F4xx_HAL_Driver/Src/stm32f4xx_hal_tim_ex.o
                0x080046c0                HAL_TIMEx_MasterConfigSynchronization
 .text.USB_CoreInit
                0x0800479c       0xc8 ./Drivers/STM32F4xx_HAL_Driver/Src/stm32f4xx_ll_usb.o
                0x0800479c                USB_CoreInit
 .text.USB_SetTurnaroundTime
                0x08004864      0x144 ./Drivers/STM32F4xx_HAL_Driver/Src/stm32f4xx_ll_usb.o
                0x08004864                USB_SetTurnaroundTime
 .text.USB_EnableGlobalInt
                0x080049a8       0x22 ./Drivers/STM32F4xx_HAL_Driver/Src/stm32f4xx_ll_usb.o
                0x080049a8                USB_EnableGlobalInt
 .text.USB_DisableGlobalInt
                0x080049ca       0x22 ./Drivers/STM32F4xx_HAL_Driver/Src/stm32f4xx_ll_usb.o
                0x080049ca                USB_DisableGlobalInt
 .text.USB_SetCurrentMode
                0x080049ec       0x98 ./Drivers/STM32F4xx_HAL_Driver/Src/stm32f4xx_ll_usb.o
                0x080049ec                USB_SetCurrentMode
 .text.USB_DevInit
                0x08004a84      0x2c8 ./Drivers/STM32F4xx_HAL_Driver/Src/stm32f4xx_ll_usb.o
                0x08004a84                USB_DevInit
 .text.USB_FlushTxFifo
                0x08004d4c       0x64 ./Drivers/STM32F4xx_HAL_Driver/Src/stm32f4xx_ll_usb.o
                0x08004d4c                USB_FlushTxFifo
 .text.USB_FlushRxFifo
                0x08004db0       0x5c ./Drivers/STM32F4xx_HAL_Driver/Src/stm32f4xx_ll_usb.o
                0x08004db0                USB_FlushRxFifo
 .text.USB_SetDevSpeed
                0x08004e0c       0x32 ./Drivers/STM32F4xx_HAL_Driver/Src/stm32f4xx_ll_usb.o
                0x08004e0c                USB_SetDevSpeed
 .text.USB_GetDevSpeed
                0x08004e3e       0x4a ./Drivers/STM32F4xx_HAL_Driver/Src/stm32f4xx_ll_usb.o
                0x08004e3e                USB_GetDevSpeed
 .text.USB_ActivateEndpoint
                0x08004e88      0x10e ./Drivers/STM32F4xx_HAL_Driver/Src/stm32f4xx_ll_usb.o
                0x08004e88                USB_ActivateEndpoint
 *fill*         0x08004f96        0x2 
 .text.USB_DeactivateEndpoint
                0x08004f98      0x1b8 ./Drivers/STM32F4xx_HAL_Driver/Src/stm32f4xx_ll_usb.o
                0x08004f98                USB_DeactivateEndpoint
 .text.USB_EPStartXfer
                0x08005150      0x530 ./Drivers/STM32F4xx_HAL_Driver/Src/stm32f4xx_ll_usb.o
                0x08005150                USB_EPStartXfer
 .text.USB_EPStopXfer
                0x08005680      0x154 ./Drivers/STM32F4xx_HAL_Driver/Src/stm32f4xx_ll_usb.o
                0x08005680                USB_EPStopXfer
 .text.USB_WritePacket
                0x080057d4       0x7c ./Drivers/STM32F4xx_HAL_Driver/Src/stm32f4xx_ll_usb.o
                0x080057d4                USB_WritePacket
 .text.USB_ReadPacket
                0x08005850       0xb0 ./Drivers/STM32F4xx_HAL_Driver/Src/stm32f4xx_ll_usb.o
                0x08005850                USB_ReadPacket
 .text.USB_EPSetStall
                0x08005900       0xdc ./Drivers/STM32F4xx_HAL_Driver/Src/stm32f4xx_ll_usb.o
                0x08005900                USB_EPSetStall
 .text.USB_EPClearStall
                0x080059dc       0xcc ./Drivers/STM32F4xx_HAL_Driver/Src/stm32f4xx_ll_usb.o
                0x080059dc                USB_EPClearStall
 .text.USB_SetDevAddress
                0x08005aa8       0x4c ./Drivers/STM32F4xx_HAL_Driver/Src/stm32f4xx_ll_usb.o
                0x08005aa8                USB_SetDevAddress
 .text.USB_DevConnect
                0x08005af4       0x42 ./Drivers/STM32F4xx_HAL_Driver/Src/stm32f4xx_ll_usb.o
                0x08005af4                USB_DevConnect
 .text.USB_DevDisconnect
                0x08005b36       0x42 ./Drivers/STM32F4xx_HAL_Driver/Src/stm32f4xx_ll_usb.o
                0x08005b36                USB_DevDisconnect
 .text.USB_ReadInterrupts
                0x08005b78       0x26 ./Drivers/STM32F4xx_HAL_Driver/Src/stm32f4xx_ll_usb.o
                0x08005b78                USB_ReadInterrupts
 .text.USB_ReadDevAllOutEpInterrupt
                0x08005b9e       0x34 ./Drivers/STM32F4xx_HAL_Driver/Src/stm32f4xx_ll_usb.o
                0x08005b9e                USB_ReadDevAllOutEpInterrupt
 .text.USB_ReadDevAllInEpInterrupt
                0x08005bd2       0x34 ./Drivers/STM32F4xx_HAL_Driver/Src/stm32f4xx_ll_usb.o
                0x08005bd2                USB_ReadDevAllInEpInterrupt
 .text.USB_ReadDevOutEPInterrupt
                0x08005c06       0x3c ./Drivers/STM32F4xx_HAL_Driver/Src/stm32f4xx_ll_usb.o
                0x08005c06                USB_ReadDevOutEPInterrupt
 .text.USB_ReadDevInEPInterrupt
                0x08005c42       0x5c ./Drivers/STM32F4xx_HAL_Driver/Src/stm32f4xx_ll_usb.o
                0x08005c42                USB_ReadDevInEPInterrupt
 .text.USB_GetMode
                0x08005c9e       0x1c ./Drivers/STM32F4xx_HAL_Driver/Src/stm32f4xx_ll_usb.o
                0x08005c9e                USB_GetMode
 .text.USB_ActivateSetup
                0x08005cba       0x46 ./Drivers/STM32F4xx_HAL_Driver/Src/stm32f4xx_ll_usb.o
                0x08005cba                USB_ActivateSetup
 .text.USB_EP0_OutStart
                0x08005d00       0xbc ./Drivers/STM32F4xx_HAL_Driver/Src/stm32f4xx_ll_usb.o
                0x08005d00                USB_EP0_OutStart
 .text.USB_CoreReset
                0x08005dbc       0x62 ./Drivers/STM32F4xx_HAL_Driver/Src/stm32f4xx_ll_usb.o
 *fill*         0x08005e1e        0x2 
 .text.USBD_CDC_Init
                0x08005e20      0x1f0 ./Middlewares/ST/STM32_USB_Device_Library/Class/CDC/Src/usbd_cdc.o
 .text.USBD_CDC_DeInit
                0x08006010      0x104 ./Middlewares/ST/STM32_USB_Device_Library/Class/CDC/Src/usbd_cdc.o
 .text.USBD_CDC_Setup
                0x08006114      0x1b8 ./Middlewares/ST/STM32_USB_Device_Library/Class/CDC/Src/usbd_cdc.o
 .text.USBD_CDC_DataIn
                0x080062cc       0xfe ./Middlewares/ST/STM32_USB_Device_Library/Class/CDC/Src/usbd_cdc.o
 .text.USBD_CDC_DataOut
                0x080063ca       0x70 ./Middlewares/ST/STM32_USB_Device_Library/Class/CDC/Src/usbd_cdc.o
 .text.USBD_CDC_EP0_RxReady
                0x0800643a       0x74 ./Middlewares/ST/STM32_USB_Device_Library/Class/CDC/Src/usbd_cdc.o
 *fill*         0x080064ae        0x2 
 .text.USBD_CDC_GetFSCfgDesc
                0x080064b0       0x70 ./Middlewares/ST/STM32_USB_Device_Library/Class/CDC/Src/usbd_cdc.o
 .text.USBD_CDC_GetHSCfgDesc
                0x08006520       0x70 ./Middlewares/ST/STM32_USB_Device_Library/Class/CDC/Src/usbd_cdc.o
 .text.USBD_CDC_GetOtherSpeedCfgDesc
                0x08006590       0x70 ./Middlewares/ST/STM32_USB_Device_Library/Class/CDC/Src/usbd_cdc.o
 .text.USBD_CDC_GetDeviceQualifierDescriptor
                0x08006600       0x20 ./Middlewares/ST/STM32_USB_Device_Library/Class/CDC/Src/usbd_cdc.o
                0x08006600                USBD_CDC_GetDeviceQualifierDescriptor
 .text.USBD_CDC_RegisterInterface
                0x08006620       0x34 ./Middlewares/ST/STM32_USB_Device_Library/Class/CDC/Src/usbd_cdc.o
                0x08006620                USBD_CDC_RegisterInterface
 .text.USBD_CDC_SetTxBuffer
                0x08006654       0x44 ./Middlewares/ST/STM32_USB_Device_Library/Class/CDC/Src/usbd_cdc.o
                0x08006654                USBD_CDC_SetTxBuffer
 .text.USBD_CDC_SetRxBuffer
                0x08006698       0x3a ./Middlewares/ST/STM32_USB_Device_Library/Class/CDC/Src/usbd_cdc.o
                0x08006698                USBD_CDC_SetRxBuffer
 *fill*         0x080066d2        0x2 
 .text.USBD_CDC_TransmitPacket
                0x080066d4       0x80 ./Middlewares/ST/STM32_USB_Device_Library/Class/CDC/Src/usbd_cdc.o
                0x080066d4                USBD_CDC_TransmitPacket
 .text.USBD_CDC_ReceivePacket
                0x08006754       0x6c ./Middlewares/ST/STM32_USB_Device_Library/Class/CDC/Src/usbd_cdc.o
                0x08006754                USBD_CDC_ReceivePacket
 .text.USBD_Init
                0x080067c0       0x60 ./Middlewares/ST/STM32_USB_Device_Library/Core/Src/usbd_core.o
                0x080067c0                USBD_Init
 .text.USBD_RegisterClass
                0x08006820       0x6c ./Middlewares/ST/STM32_USB_Device_Library/Core/Src/usbd_core.o
                0x08006820                USBD_RegisterClass
 .text.USBD_Start
                0x0800688c       0x18 ./Middlewares/ST/STM32_USB_Device_Library/Core/Src/usbd_core.o
                0x0800688c                USBD_Start
 .text.USBD_RunTestMode
                0x080068a4       0x16 ./Middlewares/ST/STM32_USB_Device_Library/Core/Src/usbd_core.o
                0x080068a4                USBD_RunTestMode
 .text.USBD_SetClassConfig
                0x080068ba       0x38 ./Middlewares/ST/STM32_USB_Device_Library/Core/Src/usbd_core.o
                0x080068ba                USBD_SetClassConfig
 .text.USBD_ClrClassConfig
                0x080068f2       0x34 ./Middlewares/ST/STM32_USB_Device_Library/Core/Src/usbd_core.o
                0x080068f2                USBD_ClrClassConfig
 .text.USBD_LL_SetupStage
                0x08006926       0xaa ./Middlewares/ST/STM32_USB_Device_Library/Core/Src/usbd_core.o
                0x08006926                USBD_LL_SetupStage
 .text.USBD_LL_DataOutStage
                0x080069d0      0x166 ./Middlewares/ST/STM32_USB_Device_Library/Core/Src/usbd_core.o
                0x080069d0                USBD_LL_DataOutStage
 .text.USBD_LL_DataInStage
                0x08006b36      0x164 ./Middlewares/ST/STM32_USB_Device_Library/Core/Src/usbd_core.o
                0x08006b36                USBD_LL_DataInStage
 .text.USBD_LL_Reset
                0x08006c9a       0xa4 ./Middlewares/ST/STM32_USB_Device_Library/Core/Src/usbd_core.o
                0x08006c9a                USBD_LL_Reset
 .text.USBD_LL_SetSpeed
                0x08006d3e       0x20 ./Middlewares/ST/STM32_USB_Device_Library/Core/Src/usbd_core.o
                0x08006d3e                USBD_LL_SetSpeed
 .text.USBD_LL_Suspend
                0x08006d5e       0x38 ./Middlewares/ST/STM32_USB_Device_Library/Core/Src/usbd_core.o
                0x08006d5e                USBD_LL_Suspend
 .text.USBD_LL_Resume
                0x08006d96       0x30 ./Middlewares/ST/STM32_USB_Device_Library/Core/Src/usbd_core.o
                0x08006d96                USBD_LL_Resume
 .text.USBD_LL_SOF
                0x08006dc6       0x40 ./Middlewares/ST/STM32_USB_Device_Library/Core/Src/usbd_core.o
                0x08006dc6                USBD_LL_SOF
 .text.USBD_LL_IsoINIncomplete
                0x08006e06       0x64 ./Middlewares/ST/STM32_USB_Device_Library/Core/Src/usbd_core.o
                0x08006e06                USBD_LL_IsoINIncomplete
 .text.USBD_LL_IsoOUTIncomplete
                0x08006e6a       0x64 ./Middlewares/ST/STM32_USB_Device_Library/Core/Src/usbd_core.o
                0x08006e6a                USBD_LL_IsoOUTIncomplete
 .text.USBD_LL_DevConnected
                0x08006ece       0x16 ./Middlewares/ST/STM32_USB_Device_Library/Core/Src/usbd_core.o
                0x08006ece                USBD_LL_DevConnected
 .text.USBD_LL_DevDisconnected
                0x08006ee4       0x46 ./Middlewares/ST/STM32_USB_Device_Library/Core/Src/usbd_core.o
                0x08006ee4                USBD_LL_DevDisconnected
 .text.USBD_CoreFindIF
                0x08006f2a       0x1a ./Middlewares/ST/STM32_USB_Device_Library/Core/Src/usbd_core.o
                0x08006f2a                USBD_CoreFindIF
 .text.USBD_CoreFindEP
                0x08006f44       0x1a ./Middlewares/ST/STM32_USB_Device_Library/Core/Src/usbd_core.o
                0x08006f44                USBD_CoreFindEP
 .text.USBD_GetEpDesc
                0x08006f5e       0x70 ./Middlewares/ST/STM32_USB_Device_Library/Core/Src/usbd_core.o
                0x08006f5e                USBD_GetEpDesc
 .text.USBD_GetNextDesc
                0x08006fce       0x38 ./Middlewares/ST/STM32_USB_Device_Library/Core/Src/usbd_core.o
                0x08006fce                USBD_GetNextDesc
 .text.SWAPBYTE
                0x08007006       0x3c ./Middlewares/ST/STM32_USB_Device_Library/Core/Src/usbd_ctlreq.o
 *fill*         0x08007042        0x2 
 .text.USBD_StdDevReq
                0x08007044       0xe4 ./Middlewares/ST/STM32_USB_Device_Library/Core/Src/usbd_ctlreq.o
                0x08007044                USBD_StdDevReq
 .text.USBD_StdItfReq
                0x08007128       0xd8 ./Middlewares/ST/STM32_USB_Device_Library/Core/Src/usbd_ctlreq.o
                0x08007128                USBD_StdItfReq
 .text.USBD_StdEPReq
                0x08007200      0x33a ./Middlewares/ST/STM32_USB_Device_Library/Core/Src/usbd_ctlreq.o
                0x08007200                USBD_StdEPReq
 *fill*         0x0800753a        0x2 
 .text.USBD_GetDescriptor
                0x0800753c      0x2d4 ./Middlewares/ST/STM32_USB_Device_Library/Core/Src/usbd_ctlreq.o
 .text.USBD_SetAddress
                0x08007810       0x88 ./Middlewares/ST/STM32_USB_Device_Library/Core/Src/usbd_ctlreq.o
 .text.USBD_SetConfig
                0x08007898      0x154 ./Middlewares/ST/STM32_USB_Device_Library/Core/Src/usbd_ctlreq.o
 .text.USBD_GetConfig
                0x080079ec       0x6c ./Middlewares/ST/STM32_USB_Device_Library/Core/Src/usbd_ctlreq.o
 .text.USBD_GetStatus
                0x08007a58       0x68 ./Middlewares/ST/STM32_USB_Device_Library/Core/Src/usbd_ctlreq.o
 .text.USBD_SetFeature
                0x08007ac0       0x52 ./Middlewares/ST/STM32_USB_Device_Library/Core/Src/usbd_ctlreq.o
 .text.USBD_ClrFeature
                0x08007b12       0x44 ./Middlewares/ST/STM32_USB_Device_Library/Core/Src/usbd_ctlreq.o
 .text.USBD_ParseSetupRequest
                0x08007b56       0x74 ./Middlewares/ST/STM32_USB_Device_Library/Core/Src/usbd_ctlreq.o
                0x08007b56                USBD_ParseSetupRequest
 .text.USBD_CtlError
                0x08007bca       0x22 ./Middlewares/ST/STM32_USB_Device_Library/Core/Src/usbd_ctlreq.o
                0x08007bca                USBD_CtlError
 .text.USBD_GetString
                0x08007bec       0x8c ./Middlewares/ST/STM32_USB_Device_Library/Core/Src/usbd_ctlreq.o
                0x08007bec                USBD_GetString
 .text.USBD_GetLen
                0x08007c78       0x34 ./Middlewares/ST/STM32_USB_Device_Library/Core/Src/usbd_ctlreq.o
 .text.USBD_CtlSendData
                0x08007cac       0x36 ./Middlewares/ST/STM32_USB_Device_Library/Core/Src/usbd_ioreq.o
                0x08007cac                USBD_CtlSendData
 .text.USBD_CtlContinueSendData
                0x08007ce2       0x22 ./Middlewares/ST/STM32_USB_Device_Library/Core/Src/usbd_ioreq.o
                0x08007ce2                USBD_CtlContinueSendData
 .text.USBD_CtlPrepareRx
                0x08007d04       0x3a ./Middlewares/ST/STM32_USB_Device_Library/Core/Src/usbd_ioreq.o
                0x08007d04                USBD_CtlPrepareRx
 .text.USBD_CtlContinueRx
                0x08007d3e       0x22 ./Middlewares/ST/STM32_USB_Device_Library/Core/Src/usbd_ioreq.o
                0x08007d3e                USBD_CtlContinueRx
 .text.USBD_CtlSendStatus
                0x08007d60       0x26 ./Middlewares/ST/STM32_USB_Device_Library/Core/Src/usbd_ioreq.o
                0x08007d60                USBD_CtlSendStatus
 .text.USBD_CtlReceiveStatus
                0x08007d86       0x26 ./Middlewares/ST/STM32_USB_Device_Library/Core/Src/usbd_ioreq.o
                0x08007d86                USBD_CtlReceiveStatus
 .text.MX_USB_DEVICE_Init
                0x08007dac       0x60 ./USB_DEVICE/App/usb_device.o
                0x08007dac                MX_USB_DEVICE_Init
 .text.CDC_Init_FS
                0x08007e0c       0x28 ./USB_DEVICE/App/usbd_cdc_if.o
 .text.CDC_DeInit_FS
                0x08007e34       0x10 ./USB_DEVICE/App/usbd_cdc_if.o
 .text.CDC_Control_FS
                0x08007e44       0xbc ./USB_DEVICE/App/usbd_cdc_if.o
 .text.CDC_Receive_FS
                0x08007f00       0x28 ./USB_DEVICE/App/usbd_cdc_if.o
 .text.CDC_Transmit_FS
                0x08007f28       0x4c ./USB_DEVICE/App/usbd_cdc_if.o
                0x08007f28                CDC_Transmit_FS
 .text.CDC_TransmitCplt_FS
                0x08007f74       0x22 ./USB_DEVICE/App/usbd_cdc_if.o
 *fill*         0x08007f96        0x2 
 .text.USBD_FS_DeviceDescriptor
                0x08007f98       0x24 ./USB_DEVICE/App/usbd_desc.o
                0x08007f98                USBD_FS_DeviceDescriptor
 .text.USBD_FS_LangIDStrDescriptor
                0x08007fbc       0x24 ./USB_DEVICE/App/usbd_desc.o
                0x08007fbc                USBD_FS_LangIDStrDescriptor
 .text.USBD_FS_ProductStrDescriptor
                0x08007fe0       0x3c ./USB_DEVICE/App/usbd_desc.o
                0x08007fe0                USBD_FS_ProductStrDescriptor
 .text.USBD_FS_ManufacturerStrDescriptor
                0x0800801c       0x28 ./USB_DEVICE/App/usbd_desc.o
                0x0800801c                USBD_FS_ManufacturerStrDescriptor
 .text.USBD_FS_SerialStrDescriptor
                0x08008044       0x24 ./USB_DEVICE/App/usbd_desc.o
                0x08008044                USBD_FS_SerialStrDescriptor
 .text.USBD_FS_ConfigStrDescriptor
                0x08008068       0x3c ./USB_DEVICE/App/usbd_desc.o
                0x08008068                USBD_FS_ConfigStrDescriptor
 .text.USBD_FS_InterfaceStrDescriptor
                0x080080a4       0x3c ./USB_DEVICE/App/usbd_desc.o
                0x080080a4                USBD_FS_InterfaceStrDescriptor
 .text.Get_SerialNum
                0x080080e0       0x58 ./USB_DEVICE/App/usbd_desc.o
 .text.IntToUnicode
                0x08008138       0x7e ./USB_DEVICE/App/usbd_desc.o
 *fill*         0x080081b6        0x2 
 .text.HAL_PCD_MspInit
                0x080081b8       0xa8 ./USB_DEVICE/Target/usbd_conf.o
                0x080081b8                HAL_PCD_MspInit
 .text.HAL_PCD_SetupStageCallback
                0x08008260       0x24 ./USB_DEVICE/Target/usbd_conf.o
                0x08008260                HAL_PCD_SetupStageCallback
 .text.HAL_PCD_DataOutStageCallback
                0x08008284       0x36 ./USB_DEVICE/Target/usbd_conf.o
                0x08008284                HAL_PCD_DataOutStageCallback
 .text.HAL_PCD_DataInStageCallback
                0x080082ba       0x34 ./USB_DEVICE/Target/usbd_conf.o
                0x080082ba                HAL_PCD_DataInStageCallback
 .text.HAL_PCD_SOFCallback
                0x080082ee       0x1c ./USB_DEVICE/Target/usbd_conf.o
                0x080082ee                HAL_PCD_SOFCallback
 .text.HAL_PCD_ResetCallback
                0x0800830a       0x3c ./USB_DEVICE/Target/usbd_conf.o
                0x0800830a                HAL_PCD_ResetCallback
 *fill*         0x08008346        0x2 
 .text.HAL_PCD_SuspendCallback
                0x08008348       0x4c ./USB_DEVICE/Target/usbd_conf.o
                0x08008348                HAL_PCD_SuspendCallback
 .text.HAL_PCD_ResumeCallback
                0x08008394       0x1c ./USB_DEVICE/Target/usbd_conf.o
                0x08008394                HAL_PCD_ResumeCallback
 .text.HAL_PCD_ISOOUTIncompleteCallback
                0x080083b0       0x24 ./USB_DEVICE/Target/usbd_conf.o
                0x080083b0                HAL_PCD_ISOOUTIncompleteCallback
 .text.HAL_PCD_ISOINIncompleteCallback
                0x080083d4       0x24 ./USB_DEVICE/Target/usbd_conf.o
                0x080083d4                HAL_PCD_ISOINIncompleteCallback
 .text.HAL_PCD_ConnectCallback
                0x080083f8       0x1c ./USB_DEVICE/Target/usbd_conf.o
                0x080083f8                HAL_PCD_ConnectCallback
 .text.HAL_PCD_DisconnectCallback
                0x08008414       0x1c ./USB_DEVICE/Target/usbd_conf.o
                0x08008414                HAL_PCD_DisconnectCallback
 .text.USBD_LL_Init
                0x08008430       0x98 ./USB_DEVICE/Target/usbd_conf.o
                0x08008430                USBD_LL_Init
 .text.USBD_LL_Start
                0x080084c8       0x36 ./USB_DEVICE/Target/usbd_conf.o
                0x080084c8                USBD_LL_Start
 .text.USBD_LL_OpenEP
                0x080084fe       0x4c ./USB_DEVICE/Target/usbd_conf.o
                0x080084fe                USBD_LL_OpenEP
 .text.USBD_LL_CloseEP
                0x0800854a       0x3e ./USB_DEVICE/Target/usbd_conf.o
                0x0800854a                USBD_LL_CloseEP
 .text.USBD_LL_StallEP
                0x08008588       0x3e ./USB_DEVICE/Target/usbd_conf.o
                0x08008588                USBD_LL_StallEP
 .text.USBD_LL_ClearStallEP
                0x080085c6       0x3e ./USB_DEVICE/Target/usbd_conf.o
                0x080085c6                USBD_LL_ClearStallEP
 .text.USBD_LL_IsStallEP
                0x08008604       0x58 ./USB_DEVICE/Target/usbd_conf.o
                0x08008604                USBD_LL_IsStallEP
 .text.USBD_LL_SetUSBAddress
                0x0800865c       0x3e ./USB_DEVICE/Target/usbd_conf.o
                0x0800865c                USBD_LL_SetUSBAddress
 .text.USBD_LL_Transmit
                0x0800869a       0x42 ./USB_DEVICE/Target/usbd_conf.o
                0x0800869a                USBD_LL_Transmit
 .text.USBD_LL_PrepareReceive
                0x080086dc       0x42 ./USB_DEVICE/Target/usbd_conf.o
                0x080086dc                USBD_LL_PrepareReceive
 .text.USBD_LL_GetRxDataSize
                0x0800871e       0x26 ./USB_DEVICE/Target/usbd_conf.o
                0x0800871e                USBD_LL_GetRxDataSize
 .text.USBD_static_malloc
                0x08008744       0x1c ./USB_DEVICE/Target/usbd_conf.o
                0x08008744                USBD_static_malloc
 .text.USBD_static_free
                0x08008760       0x14 ./USB_DEVICE/Target/usbd_conf.o
                0x08008760                USBD_static_free
 .text.USBD_Get_USB_Status
                0x08008774       0x58 ./USB_DEVICE/Target/usbd_conf.o
                0x08008774                USBD_Get_USB_Status
 .text.memset   0x080087cc       0x10 C:/ST/STM32CubeIDE_1.15.1/STM32CubeIDE/plugins/com.st.stm32cube.ide.mcu.externaltools.gnu-tools-for-stm32.12.3.rel1.win32_1.0.100.202403111256/tools/bin/../lib/gcc/arm-none-eabi/12.3.1/../../../../arm-none-eabi/lib/thumb/v7e-m+fp/hard\libc_nano.a(libc_a-memset.o)
                0x080087cc                memset
 .text.__libc_init_array
                0x080087dc       0x48 C:/ST/STM32CubeIDE_1.15.1/STM32CubeIDE/plugins/com.st.stm32cube.ide.mcu.externaltools.gnu-tools-for-stm32.12.3.rel1.win32_1.0.100.202403111256/tools/bin/../lib/gcc/arm-none-eabi/12.3.1/../../../../arm-none-eabi/lib/thumb/v7e-m+fp/hard\libc_nano.a(libc_a-init.o)
                0x080087dc                __libc_init_array
 *(.glue_7)
 .glue_7        0x08008824        0x0 linker stubs
 *(.glue_7t)
 .glue_7t       0x08008824        0x0 linker stubs
 *(.eh_frame)
 .eh_frame      0x08008824        0x0 C:/ST/STM32CubeIDE_1.15.1/STM32CubeIDE/plugins/com.st.stm32cube.ide.mcu.externaltools.gnu-tools-for-stm32.12.3.rel1.win32_1.0.100.202403111256/tools/bin/../lib/gcc/arm-none-eabi/12.3.1/thumb/v7e-m+fp/hard/crtbegin.o
 *(.init)
 .init          0x08008824        0x4 C:/ST/STM32CubeIDE_1.15.1/STM32CubeIDE/plugins/com.st.stm32cube.ide.mcu.externaltools.gnu-tools-for-stm32.12.3.rel1.win32_1.0.100.202403111256/tools/bin/../lib/gcc/arm-none-eabi/12.3.1/thumb/v7e-m+fp/hard/crti.o
                0x08008824                _init
 .init          0x08008828        0x8 C:/ST/STM32CubeIDE_1.15.1/STM32CubeIDE/plugins/com.st.stm32cube.ide.mcu.externaltools.gnu-tools-for-stm32.12.3.rel1.win32_1.0.100.202403111256/tools/bin/../lib/gcc/arm-none-eabi/12.3.1/thumb/v7e-m+fp/hard/crtn.o
 *(.fini)
 .fini          0x08008830        0x4 C:/ST/STM32CubeIDE_1.15.1/STM32CubeIDE/plugins/com.st.stm32cube.ide.mcu.externaltools.gnu-tools-for-stm32.12.3.rel1.win32_1.0.100.202403111256/tools/bin/../lib/gcc/arm-none-eabi/12.3.1/thumb/v7e-m+fp/hard/crti.o
                0x08008830                _fini
 .fini          0x08008834        0x8 C:/ST/STM32CubeIDE_1.15.1/STM32CubeIDE/plugins/com.st.stm32cube.ide.mcu.externaltools.gnu-tools-for-stm32.12.3.rel1.win32_1.0.100.202403111256/tools/bin/../lib/gcc/arm-none-eabi/12.3.1/thumb/v7e-m+fp/hard/crtn.o
                0x0800883c                        . = ALIGN (0x4)
                0x0800883c                        _etext = .

.vfp11_veneer   0x0800883c        0x0
 .vfp11_veneer  0x0800883c        0x0 linker stubs

.v4_bx          0x0800883c        0x0
 .v4_bx         0x0800883c        0x0 linker stubs

.iplt           0x0800883c        0x0
 .iplt          0x0800883c        0x0 C:/ST/STM32CubeIDE_1.15.1/STM32CubeIDE/plugins/com.st.stm32cube.ide.mcu.externaltools.gnu-tools-for-stm32.12.3.rel1.win32_1.0.100.202403111256/tools/bin/../lib/gcc/arm-none-eabi/12.3.1/thumb/v7e-m+fp/hard/crtbegin.o

.rodata         0x0800883c       0x60
                0x0800883c                        . = ALIGN (0x4)
 *(.rodata)
 .rodata        0x0800883c       0x46 ./USB_DEVICE/App/usbd_desc.o
 *(.rodata*)
 *fill*         0x08008882        0x2 
 .rodata.AHBPrescTable
                0x08008884       0x10 ./Core/Src/system_stm32f4xx.o
                0x08008884                AHBPrescTable
 .rodata.flagBitshiftOffset.0
                0x08008894        0x8 ./Drivers/STM32F4xx_HAL_Driver/Src/stm32f4xx_hal_dma.o
                0x0800889c                        . = ALIGN (0x4)

.ARM.extab      0x0800889c        0x0
                0x0800889c                        . = ALIGN (0x4)
 *(.ARM.extab* .gnu.linkonce.armextab.*)
                0x0800889c                        . = ALIGN (0x4)

.ARM            0x0800889c        0x8
                0x0800889c                        . = ALIGN (0x4)
                0x0800889c                        __exidx_start = .
 *(.ARM.exidx*)
 .ARM.exidx     0x0800889c        0x8 C:/ST/STM32CubeIDE_1.15.1/STM32CubeIDE/plugins/com.st.stm32cube.ide.mcu.externaltools.gnu-tools-for-stm32.12.3.rel1.win32_1.0.100.202403111256/tools/bin/../lib/gcc/arm-none-eabi/12.3.1/thumb/v7e-m+fp/hard\libgcc.a(_udivmoddi4.o)
                0x080088a4                        __exidx_end = .
                0x080088a4                        . = ALIGN (0x4)

.preinit_array  0x080088a4        0x0
                0x080088a4                        . = ALIGN (0x4)
                0x080088a4                        PROVIDE (__preinit_array_start = .)
 *(.preinit_array*)
                0x080088a4                        PROVIDE (__preinit_array_end = .)
                0x080088a4                        . = ALIGN (0x4)

.init_array     0x080088a4        0x4
                0x080088a4                        . = ALIGN (0x4)
                0x080088a4                        PROVIDE (__init_array_start = .)
 *(SORT_BY_NAME(.init_array.*))
 *(.init_array*)
 .init_array    0x080088a4        0x4 C:/ST/STM32CubeIDE_1.15.1/STM32CubeIDE/plugins/com.st.stm32cube.ide.mcu.externaltools.gnu-tools-for-stm32.12.3.rel1.win32_1.0.100.202403111256/tools/bin/../lib/gcc/arm-none-eabi/12.3.1/thumb/v7e-m+fp/hard/crtbegin.o
                0x080088a8                        PROVIDE (__init_array_end = .)
                0x080088a8                        . = ALIGN (0x4)

.fini_array     0x080088a8        0x4
                0x080088a8                        . = ALIGN (0x4)
                [!provide]                        PROVIDE (__fini_array_start = .)
 *(SORT_BY_NAME(.fini_array.*))
 *(.fini_array*)
 .fini_array    0x080088a8        0x4 C:/ST/STM32CubeIDE_1.15.1/STM32CubeIDE/plugins/com.st.stm32cube.ide.mcu.externaltools.gnu-tools-for-stm32.12.3.rel1.win32_1.0.100.202403111256/tools/bin/../lib/gcc/arm-none-eabi/12.3.1/thumb/v7e-m+fp/hard/crtbegin.o
                [!provide]                        PROVIDE (__fini_array_end = .)
                0x080088ac                        . = ALIGN (0x4)
                0x080088ac                        _sidata = LOADADDR (.data)

.rel.dyn        0x080088ac        0x0
 .rel.iplt      0x080088ac        0x0 C:/ST/STM32CubeIDE_1.15.1/STM32CubeIDE/plugins/com.st.stm32cube.ide.mcu.externaltools.gnu-tools-for-stm32.12.3.rel1.win32_1.0.100.202403111256/tools/bin/../lib/gcc/arm-none-eabi/12.3.1/thumb/v7e-m+fp/hard/crtbegin.o

.data           0x20000000      0x108 load address 0x080088ac
                0x20000000                        . = ALIGN (0x4)
                0x20000000                        _sdata = .
 *(.data)
 *(.data*)
 .data.bufferBtn
                0x20000000        0x9 ./Core/Src/EventLoop.o
                0x20000000                bufferBtn
 .data._btnState
                0x20000009        0x1 ./Core/Src/EventLoop.o
                0x20000009                _btnState
 *fill*         0x2000000a        0x2 
 .data.SystemCoreClock
                0x2000000c        0x4 ./Core/Src/system_stm32f4xx.o
                0x2000000c                SystemCoreClock
 .data.uwTickPrio
                0x20000010        0x4 ./Drivers/STM32F4xx_HAL_Driver/Src/stm32f4xx_hal.o
                0x20000010                uwTickPrio
 .data.uwTickFreq
                0x20000014        0x1 ./Drivers/STM32F4xx_HAL_Driver/Src/stm32f4xx_hal.o
                0x20000014                uwTickFreq
 *fill*         0x20000015        0x3 
 .data.USBD_CDC_DeviceQualifierDesc
                0x20000018        0xa ./Middlewares/ST/STM32_USB_Device_Library/Class/CDC/Src/usbd_cdc.o
 *fill*         0x20000022        0x2 
 .data.USBD_CDC
                0x20000024       0x38 ./Middlewares/ST/STM32_USB_Device_Library/Class/CDC/Src/usbd_cdc.o
                0x20000024                USBD_CDC
 .data.USBD_CDC_CfgDesc
                0x2000005c       0x43 ./Middlewares/ST/STM32_USB_Device_Library/Class/CDC/Src/usbd_cdc.o
 .data.CDCInEpAdd
                0x2000009f        0x1 ./Middlewares/ST/STM32_USB_Device_Library/Class/CDC/Src/usbd_cdc.o
 .data.CDCOutEpAdd
                0x200000a0        0x1 ./Middlewares/ST/STM32_USB_Device_Library/Class/CDC/Src/usbd_cdc.o
 .data.CDCCmdEpAdd
                0x200000a1        0x1 ./Middlewares/ST/STM32_USB_Device_Library/Class/CDC/Src/usbd_cdc.o
 *fill*         0x200000a2        0x2 
 .data.USBD_Interface_fops_FS
                0x200000a4       0x14 ./USB_DEVICE/App/usbd_cdc_if.o
                0x200000a4                USBD_Interface_fops_FS
 .data.FS_Desc  0x200000b8       0x1c ./USB_DEVICE/App/usbd_desc.o
                0x200000b8                FS_Desc
 .data.USBD_FS_DeviceDesc
                0x200000d4       0x12 ./USB_DEVICE/App/usbd_desc.o
                0x200000d4                USBD_FS_DeviceDesc
 *fill*         0x200000e6        0x2 
 .data.USBD_LangIDDesc
                0x200000e8        0x4 ./USB_DEVICE/App/usbd_desc.o
                0x200000e8                USBD_LangIDDesc
 .data.USBD_StringSerial
                0x200000ec       0x1a ./USB_DEVICE/App/usbd_desc.o
                0x200000ec                USBD_StringSerial
 *(.RamFunc)
 *(.RamFunc*)
                0x20000108                        . = ALIGN (0x4)
 *fill*         0x20000106        0x2 
                0x20000108                        _edata = .

.igot.plt       0x20000108        0x0 load address 0x080089b4
 .igot.plt      0x20000108        0x0 C:/ST/STM32CubeIDE_1.15.1/STM32CubeIDE/plugins/com.st.stm32cube.ide.mcu.externaltools.gnu-tools-for-stm32.12.3.rel1.win32_1.0.100.202403111256/tools/bin/../lib/gcc/arm-none-eabi/12.3.1/thumb/v7e-m+fp/hard/crtbegin.o
                0x20000108                        . = ALIGN (0x4)

.bss            0x20000108     0x1cf8 load address 0x080089b4
                0x20000108                        _sbss = .
                0x20000108                        __bss_start__ = _sbss
 *(.bss)
 .bss           0x20000108       0x1c C:/ST/STM32CubeIDE_1.15.1/STM32CubeIDE/plugins/com.st.stm32cube.ide.mcu.externaltools.gnu-tools-for-stm32.12.3.rel1.win32_1.0.100.202403111256/tools/bin/../lib/gcc/arm-none-eabi/12.3.1/thumb/v7e-m+fp/hard/crtbegin.o
 *(.bss*)
 .bss.joyBuf    0x20000124        0x4 ./Core/Src/EventLoop.o
                0x20000124                joyBuf
 .bss.hadc1     0x20000128       0x48 ./Core/Src/adc.o
                0x20000128                hadc1
 .bss.hdma_adc1
                0x20000170       0x60 ./Core/Src/adc.o
                0x20000170                hdma_adc1
 .bss.htim2     0x200001d0       0x48 ./Core/Src/tim.o
                0x200001d0                htim2
 .bss.uwTick    0x20000218        0x4 ./Drivers/STM32F4xx_HAL_Driver/Src/stm32f4xx_hal.o
                0x20000218                uwTick
 .bss.cfgidx.0  0x2000021c        0x1 ./Middlewares/ST/STM32_USB_Device_Library/Core/Src/usbd_ctlreq.o
 *fill*         0x2000021d        0x3 
 .bss.hUsbDeviceFS
                0x20000220      0x2dc ./USB_DEVICE/App/usb_device.o
                0x20000220                hUsbDeviceFS
 .bss.UserRxBufferFS
                0x200004fc      0x800 ./USB_DEVICE/App/usbd_cdc_if.o
                0x200004fc                UserRxBufferFS
 .bss.UserTxBufferFS
                0x20000cfc      0x800 ./USB_DEVICE/App/usbd_cdc_if.o
                0x20000cfc                UserTxBufferFS
 .bss.USBD_StrDesc
                0x200014fc      0x200 ./USB_DEVICE/App/usbd_desc.o
                0x200014fc                USBD_StrDesc
 .bss.hpcd_USB_OTG_FS
                0x200016fc      0x4e4 ./USB_DEVICE/Target/usbd_conf.o
                0x200016fc                hpcd_USB_OTG_FS
 .bss.mem.0     0x20001be0      0x220 ./USB_DEVICE/Target/usbd_conf.o
 *(COMMON)
                0x20001e00                        . = ALIGN (0x4)
                0x20001e00                        _ebss = .
                0x20001e00                        __bss_end__ = _ebss

._user_heap_stack
                0x20001e00      0x600 load address 0x080089b4
                0x20001e00                        . = ALIGN (0x8)
                [!provide]                        PROVIDE (end = .)
                0x20001e00                        PROVIDE (_end = .)
                0x20002000                        . = (. + _Min_Heap_Size)
 *fill*         0x20001e00      0x200 
                0x20002400                        . = (. + _Min_Stack_Size)
 *fill*         0x20002000      0x400 
                0x20002400                        . = ALIGN (0x8)

/DISCARD/
 libc.a(*)
 libm.a(*)
 libgcc.a(*)

.ARM.attributes
                0x00000000       0x30
 *(.ARM.attributes)
 .ARM.attributes
                0x00000000       0x22 C:/ST/STM32CubeIDE_1.15.1/STM32CubeIDE/plugins/com.st.stm32cube.ide.mcu.externaltools.gnu-tools-for-stm32.12.3.rel1.win32_1.0.100.202403111256/tools/bin/../lib/gcc/arm-none-eabi/12.3.1/thumb/v7e-m+fp/hard/crti.o
 .ARM.attributes
                0x00000022       0x34 C:/ST/STM32CubeIDE_1.15.1/STM32CubeIDE/plugins/com.st.stm32cube.ide.mcu.externaltools.gnu-tools-for-stm32.12.3.rel1.win32_1.0.100.202403111256/tools/bin/../lib/gcc/arm-none-eabi/12.3.1/thumb/v7e-m+fp/hard/crtbegin.o
 .ARM.attributes
                0x00000056       0x34 ./Core/Src/EventLoop.o
 .ARM.attributes
                0x0000008a       0x34 ./Core/Src/adc.o
 .ARM.attributes
                0x000000be       0x34 ./Core/Src/dma.o
 .ARM.attributes
                0x000000f2       0x34 ./Core/Src/gpio.o
 .ARM.attributes
                0x00000126       0x34 ./Core/Src/main.o
 .ARM.attributes
                0x0000015a       0x34 ./Core/Src/stm32f4xx_hal_msp.o
 .ARM.attributes
                0x0000018e       0x34 ./Core/Src/stm32f4xx_it.o
 .ARM.attributes
                0x000001c2       0x34 ./Core/Src/system_stm32f4xx.o
 .ARM.attributes
                0x000001f6       0x34 ./Core/Src/tim.o
 .ARM.attributes
                0x0000022a       0x21 ./Core/Startup/startup_stm32f411ceux.o
 .ARM.attributes
                0x0000024b       0x34 ./Drivers/STM32F4xx_HAL_Driver/Src/stm32f4xx_hal.o
 .ARM.attributes
                0x0000027f       0x34 ./Drivers/STM32F4xx_HAL_Driver/Src/stm32f4xx_hal_adc.o
 .ARM.attributes
                0x000002b3       0x34 ./Drivers/STM32F4xx_HAL_Driver/Src/stm32f4xx_hal_adc_ex.o
 .ARM.attributes
                0x000002e7       0x34 ./Drivers/STM32F4xx_HAL_Driver/Src/stm32f4xx_hal_cortex.o
 .ARM.attributes
                0x0000031b       0x34 ./Drivers/STM32F4xx_HAL_Driver/Src/stm32f4xx_hal_dma.o
 .ARM.attributes
                0x0000034f       0x34 ./Drivers/STM32F4xx_HAL_Driver/Src/stm32f4xx_hal_gpio.o
 .ARM.attributes
                0x00000383       0x34 ./Drivers/STM32F4xx_HAL_Driver/Src/stm32f4xx_hal_pcd.o
 .ARM.attributes
                0x000003b7       0x34 ./Drivers/STM32F4xx_HAL_Driver/Src/stm32f4xx_hal_pcd_ex.o
 .ARM.attributes
                0x000003eb       0x34 ./Drivers/STM32F4xx_HAL_Driver/Src/stm32f4xx_hal_rcc.o
 .ARM.attributes
                0x0000041f       0x34 ./Drivers/STM32F4xx_HAL_Driver/Src/stm32f4xx_hal_tim.o
 .ARM.attributes
                0x00000453       0x34 ./Drivers/STM32F4xx_HAL_Driver/Src/stm32f4xx_hal_tim_ex.o
 .ARM.attributes
                0x00000487       0x34 ./Drivers/STM32F4xx_HAL_Driver/Src/stm32f4xx_ll_usb.o
 .ARM.attributes
                0x000004bb       0x34 ./Middlewares/ST/STM32_USB_Device_Library/Class/CDC/Src/usbd_cdc.o
 .ARM.attributes
                0x000004ef       0x34 ./Middlewares/ST/STM32_USB_Device_Library/Core/Src/usbd_core.o
 .ARM.attributes
                0x00000523       0x34 ./Middlewares/ST/STM32_USB_Device_Library/Core/Src/usbd_ctlreq.o
 .ARM.attributes
                0x00000557       0x34 ./Middlewares/ST/STM32_USB_Device_Library/Core/Src/usbd_ioreq.o
 .ARM.attributes
                0x0000058b       0x34 ./USB_DEVICE/App/usb_device.o
 .ARM.attributes
                0x000005bf       0x34 ./USB_DEVICE/App/usbd_cdc_if.o
 .ARM.attributes
                0x000005f3       0x34 ./USB_DEVICE/App/usbd_desc.o
 .ARM.attributes
                0x00000627       0x34 ./USB_DEVICE/Target/usbd_conf.o
 .ARM.attributes
                0x0000065b       0x34 C:/ST/STM32CubeIDE_1.15.1/STM32CubeIDE/plugins/com.st.stm32cube.ide.mcu.externaltools.gnu-tools-for-stm32.12.3.rel1.win32_1.0.100.202403111256/tools/bin/../lib/gcc/arm-none-eabi/12.3.1/../../../../arm-none-eabi/lib/thumb/v7e-m+fp/hard\libc_nano.a(libc_a-memset.o)
 .ARM.attributes
                0x0000068f       0x34 C:/ST/STM32CubeIDE_1.15.1/STM32CubeIDE/plugins/com.st.stm32cube.ide.mcu.externaltools.gnu-tools-for-stm32.12.3.rel1.win32_1.0.100.202403111256/tools/bin/../lib/gcc/arm-none-eabi/12.3.1/../../../../arm-none-eabi/lib/thumb/v7e-m+fp/hard\libc_nano.a(libc_a-init.o)
 .ARM.attributes
                0x000006c3       0x22 C:/ST/STM32CubeIDE_1.15.1/STM32CubeIDE/plugins/com.st.stm32cube.ide.mcu.externaltools.gnu-tools-for-stm32.12.3.rel1.win32_1.0.100.202403111256/tools/bin/../lib/gcc/arm-none-eabi/12.3.1/thumb/v7e-m+fp/hard\libgcc.a(_aeabi_uldivmod.o)
 .ARM.attributes
                0x000006e5       0x34 C:/ST/STM32CubeIDE_1.15.1/STM32CubeIDE/plugins/com.st.stm32cube.ide.mcu.externaltools.gnu-tools-for-stm32.12.3.rel1.win32_1.0.100.202403111256/tools/bin/../lib/gcc/arm-none-eabi/12.3.1/thumb/v7e-m+fp/hard\libgcc.a(_udivmoddi4.o)
 .ARM.attributes
                0x00000719       0x22 C:/ST/STM32CubeIDE_1.15.1/STM32CubeIDE/plugins/com.st.stm32cube.ide.mcu.externaltools.gnu-tools-for-stm32.12.3.rel1.win32_1.0.100.202403111256/tools/bin/../lib/gcc/arm-none-eabi/12.3.1/thumb/v7e-m+fp/hard\libgcc.a(_dvmd_tls.o)
 .ARM.attributes
                0x0000073b       0x22 C:/ST/STM32CubeIDE_1.15.1/STM32CubeIDE/plugins/com.st.stm32cube.ide.mcu.externaltools.gnu-tools-for-stm32.12.3.rel1.win32_1.0.100.202403111256/tools/bin/../lib/gcc/arm-none-eabi/12.3.1/thumb/v7e-m+fp/hard/crtn.o
OUTPUT(Joy.elf elf32-littlearm)
LOAD linker stubs
LOAD C:/ST/STM32CubeIDE_1.15.1/STM32CubeIDE/plugins/com.st.stm32cube.ide.mcu.externaltools.gnu-tools-for-stm32.12.3.rel1.win32_1.0.100.202403111256/tools/bin/../lib/gcc/arm-none-eabi/12.3.1/../../../../arm-none-eabi/lib/thumb/v7e-m+fp/hard\libc.a
LOAD C:/ST/STM32CubeIDE_1.15.1/STM32CubeIDE/plugins/com.st.stm32cube.ide.mcu.externaltools.gnu-tools-for-stm32.12.3.rel1.win32_1.0.100.202403111256/tools/bin/../lib/gcc/arm-none-eabi/12.3.1/../../../../arm-none-eabi/lib/thumb/v7e-m+fp/hard\libm.a
LOAD C:/ST/STM32CubeIDE_1.15.1/STM32CubeIDE/plugins/com.st.stm32cube.ide.mcu.externaltools.gnu-tools-for-stm32.12.3.rel1.win32_1.0.100.202403111256/tools/bin/../lib/gcc/arm-none-eabi/12.3.1/thumb/v7e-m+fp/hard\libgcc.a

.debug_info     0x00000000    0x16818
 .debug_info    0x00000000     0x11a9 ./Core/Src/EventLoop.o
 .debug_info    0x000011a9      0xbe6 ./Core/Src/adc.o
 .debug_info    0x00001d8f      0x445 ./Core/Src/dma.o
 .debug_info    0x000021d4      0x587 ./Core/Src/gpio.o
 .debug_info    0x0000275b      0x51b ./Core/Src/main.o
 .debug_info    0x00002c76      0x291 ./Core/Src/stm32f4xx_hal_msp.o
 .debug_info    0x00002f07      0xb4c ./Core/Src/stm32f4xx_it.o
 .debug_info    0x00003a53      0x53e ./Core/Src/system_stm32f4xx.o
 .debug_info    0x00003f91      0xa43 ./Core/Src/tim.o
 .debug_info    0x000049d4       0x30 ./Core/Startup/startup_stm32f411ceux.o
 .debug_info    0x00004a04      0x8c4 ./Drivers/STM32F4xx_HAL_Driver/Src/stm32f4xx_hal.o
 .debug_info    0x000052c8      0xcd1 ./Drivers/STM32F4xx_HAL_Driver/Src/stm32f4xx_hal_adc.o
 .debug_info    0x00005f99      0xb56 ./Drivers/STM32F4xx_HAL_Driver/Src/stm32f4xx_hal_adc_ex.o
 .debug_info    0x00006aef      0xcc7 ./Drivers/STM32F4xx_HAL_Driver/Src/stm32f4xx_hal_cortex.o
 .debug_info    0x000077b6      0x8e6 ./Drivers/STM32F4xx_HAL_Driver/Src/stm32f4xx_hal_dma.o
 .debug_info    0x0000809c      0x6f9 ./Drivers/STM32F4xx_HAL_Driver/Src/stm32f4xx_hal_gpio.o
 .debug_info    0x00008795     0x1577 ./Drivers/STM32F4xx_HAL_Driver/Src/stm32f4xx_hal_pcd.o
 .debug_info    0x00009d0c      0x6ea ./Drivers/STM32F4xx_HAL_Driver/Src/stm32f4xx_hal_pcd_ex.o
 .debug_info    0x0000a3f6      0x8f2 ./Drivers/STM32F4xx_HAL_Driver/Src/stm32f4xx_hal_rcc.o
 .debug_info    0x0000ace8     0x2996 ./Drivers/STM32F4xx_HAL_Driver/Src/stm32f4xx_hal_tim.o
 .debug_info    0x0000d67e     0x14d4 ./Drivers/STM32F4xx_HAL_Driver/Src/stm32f4xx_hal_tim_ex.o
 .debug_info    0x0000eb52     0x1993 ./Drivers/STM32F4xx_HAL_Driver/Src/stm32f4xx_ll_usb.o
 .debug_info    0x000104e5     0x12a3 ./Middlewares/ST/STM32_USB_Device_Library/Class/CDC/Src/usbd_cdc.o
 .debug_info    0x00011788      0xe05 ./Middlewares/ST/STM32_USB_Device_Library/Core/Src/usbd_core.o
 .debug_info    0x0001258d      0xade ./Middlewares/ST/STM32_USB_Device_Library/Core/Src/usbd_ctlreq.o
 .debug_info    0x0001306b      0x755 ./Middlewares/ST/STM32_USB_Device_Library/Core/Src/usbd_ioreq.o
 .debug_info    0x000137c0      0x701 ./USB_DEVICE/App/usb_device.o
 .debug_info    0x00013ec1      0x8fa ./USB_DEVICE/App/usbd_cdc_if.o
 .debug_info    0x000147bb      0x458 ./USB_DEVICE/App/usbd_desc.o
 .debug_info    0x00014c13     0x1c05 ./USB_DEVICE/Target/usbd_conf.o

.debug_abbrev   0x00000000     0x3e9e
 .debug_abbrev  0x00000000      0x2bf ./Core/Src/EventLoop.o
 .debug_abbrev  0x000002bf      0x223 ./Core/Src/adc.o
 .debug_abbrev  0x000004e2      0x10e ./Core/Src/dma.o
 .debug_abbrev  0x000005f0      0x170 ./Core/Src/gpio.o
 .debug_abbrev  0x00000760      0x206 ./Core/Src/main.o
 .debug_abbrev  0x00000966       0xd8 ./Core/Src/stm32f4xx_hal_msp.o
 .debug_abbrev  0x00000a3e      0x1d4 ./Core/Src/stm32f4xx_it.o
 .debug_abbrev  0x00000c12      0x11a ./Core/Src/system_stm32f4xx.o
 .debug_abbrev  0x00000d2c      0x1eb ./Core/Src/tim.o
 .debug_abbrev  0x00000f17       0x24 ./Core/Startup/startup_stm32f411ceux.o
 .debug_abbrev  0x00000f3b      0x24b ./Drivers/STM32F4xx_HAL_Driver/Src/stm32f4xx_hal.o
 .debug_abbrev  0x00001186      0x20e ./Drivers/STM32F4xx_HAL_Driver/Src/stm32f4xx_hal_adc.o
 .debug_abbrev  0x00001394      0x22c ./Drivers/STM32F4xx_HAL_Driver/Src/stm32f4xx_hal_adc_ex.o
 .debug_abbrev  0x000015c0      0x328 ./Drivers/STM32F4xx_HAL_Driver/Src/stm32f4xx_hal_cortex.o
 .debug_abbrev  0x000018e8      0x221 ./Drivers/STM32F4xx_HAL_Driver/Src/stm32f4xx_hal_dma.o
 .debug_abbrev  0x00001b09      0x1d3 ./Drivers/STM32F4xx_HAL_Driver/Src/stm32f4xx_hal_gpio.o
 .debug_abbrev  0x00001cdc      0x2b6 ./Drivers/STM32F4xx_HAL_Driver/Src/stm32f4xx_hal_pcd.o
 .debug_abbrev  0x00001f92      0x1da ./Drivers/STM32F4xx_HAL_Driver/Src/stm32f4xx_hal_pcd_ex.o
 .debug_abbrev  0x0000216c      0x2b5 ./Drivers/STM32F4xx_HAL_Driver/Src/stm32f4xx_hal_rcc.o
 .debug_abbrev  0x00002421      0x28b ./Drivers/STM32F4xx_HAL_Driver/Src/stm32f4xx_hal_tim.o
 .debug_abbrev  0x000026ac      0x296 ./Drivers/STM32F4xx_HAL_Driver/Src/stm32f4xx_hal_tim_ex.o
 .debug_abbrev  0x00002942      0x2b3 ./Drivers/STM32F4xx_HAL_Driver/Src/stm32f4xx_ll_usb.o
 .debug_abbrev  0x00002bf5      0x2d2 ./Middlewares/ST/STM32_USB_Device_Library/Class/CDC/Src/usbd_cdc.o
 .debug_abbrev  0x00002ec7      0x27c ./Middlewares/ST/STM32_USB_Device_Library/Core/Src/usbd_core.o
 .debug_abbrev  0x00003143      0x26f ./Middlewares/ST/STM32_USB_Device_Library/Core/Src/usbd_ctlreq.o
 .debug_abbrev  0x000033b2      0x19a ./Middlewares/ST/STM32_USB_Device_Library/Core/Src/usbd_ioreq.o
 .debug_abbrev  0x0000354c      0x195 ./USB_DEVICE/App/usb_device.o
 .debug_abbrev  0x000036e1      0x29d ./USB_DEVICE/App/usbd_cdc_if.o
 .debug_abbrev  0x0000397e      0x1e1 ./USB_DEVICE/App/usbd_desc.o
 .debug_abbrev  0x00003b5f      0x33f ./USB_DEVICE/Target/usbd_conf.o

.debug_aranges  0x00000000     0x1368
 .debug_aranges
                0x00000000       0x38 ./Core/Src/EventLoop.o
 .debug_aranges
                0x00000038       0x30 ./Core/Src/adc.o
 .debug_aranges
                0x00000068       0x20 ./Core/Src/dma.o
 .debug_aranges
                0x00000088       0x20 ./Core/Src/gpio.o
 .debug_aranges
                0x000000a8       0x30 ./Core/Src/main.o
 .debug_aranges
                0x000000d8       0x20 ./Core/Src/stm32f4xx_hal_msp.o
 .debug_aranges
                0x000000f8       0x80 ./Core/Src/stm32f4xx_it.o
 .debug_aranges
                0x00000178       0x28 ./Core/Src/system_stm32f4xx.o
 .debug_aranges
                0x000001a0       0x30 ./Core/Src/tim.o
 .debug_aranges
                0x000001d0       0x28 ./Core/Startup/startup_stm32f411ceux.o
 .debug_aranges
                0x000001f8       0xf0 ./Drivers/STM32F4xx_HAL_Driver/Src/stm32f4xx_hal.o
 .debug_aranges
                0x000002e8       0xe8 ./Drivers/STM32F4xx_HAL_Driver/Src/stm32f4xx_hal_adc.o
 .debug_aranges
                0x000003d0       0x90 ./Drivers/STM32F4xx_HAL_Driver/Src/stm32f4xx_hal_adc_ex.o
 .debug_aranges
                0x00000460      0x120 ./Drivers/STM32F4xx_HAL_Driver/Src/stm32f4xx_hal_cortex.o
 .debug_aranges
                0x00000580       0x90 ./Drivers/STM32F4xx_HAL_Driver/Src/stm32f4xx_hal_dma.o
 .debug_aranges
                0x00000610       0x58 ./Drivers/STM32F4xx_HAL_Driver/Src/stm32f4xx_hal_gpio.o
 .debug_aranges
                0x00000668      0x148 ./Drivers/STM32F4xx_HAL_Driver/Src/stm32f4xx_hal_pcd.o
 .debug_aranges
                0x000007b0       0x38 ./Drivers/STM32F4xx_HAL_Driver/Src/stm32f4xx_hal_pcd_ex.o
 .debug_aranges
                0x000007e8       0x88 ./Drivers/STM32F4xx_HAL_Driver/Src/stm32f4xx_hal_rcc.o
 .debug_aranges
                0x00000870      0x3d0 ./Drivers/STM32F4xx_HAL_Driver/Src/stm32f4xx_hal_tim.o
 .debug_aranges
                0x00000c40      0x168 ./Drivers/STM32F4xx_HAL_Driver/Src/stm32f4xx_hal_tim_ex.o
 .debug_aranges
                0x00000da8      0x1a0 ./Drivers/STM32F4xx_HAL_Driver/Src/stm32f4xx_ll_usb.o
 .debug_aranges
                0x00000f48       0x90 ./Middlewares/ST/STM32_USB_Device_Library/Class/CDC/Src/usbd_cdc.o
 .debug_aranges
                0x00000fd8       0xd8 ./Middlewares/ST/STM32_USB_Device_Library/Core/Src/usbd_core.o
 .debug_aranges
                0x000010b0       0x90 ./Middlewares/ST/STM32_USB_Device_Library/Core/Src/usbd_ctlreq.o
 .debug_aranges
                0x00001140       0x50 ./Middlewares/ST/STM32_USB_Device_Library/Core/Src/usbd_ioreq.o
 .debug_aranges
                0x00001190       0x20 ./USB_DEVICE/App/usb_device.o
 .debug_aranges
                0x000011b0       0x48 ./USB_DEVICE/App/usbd_cdc_if.o
 .debug_aranges
                0x000011f8       0x60 ./USB_DEVICE/App/usbd_desc.o
 .debug_aranges
                0x00001258      0x110 ./USB_DEVICE/Target/usbd_conf.o

.debug_rnglists
                0x00000000      0xeb5
 .debug_rnglists
                0x00000000       0x25 ./Core/Src/EventLoop.o
 .debug_rnglists
                0x00000025       0x21 ./Core/Src/adc.o
 .debug_rnglists
                0x00000046       0x13 ./Core/Src/dma.o
 .debug_rnglists
                0x00000059       0x14 ./Core/Src/gpio.o
 .debug_rnglists
                0x0000006d       0x20 ./Core/Src/main.o
 .debug_rnglists
                0x0000008d       0x13 ./Core/Src/stm32f4xx_hal_msp.o
 .debug_rnglists
                0x000000a0       0x5b ./Core/Src/stm32f4xx_it.o
 .debug_rnglists
                0x000000fb       0x1a ./Core/Src/system_stm32f4xx.o
 .debug_rnglists
                0x00000115       0x20 ./Core/Src/tim.o
 .debug_rnglists
                0x00000135       0x19 ./Core/Startup/startup_stm32f411ceux.o
 .debug_rnglists
                0x0000014e       0xaf ./Drivers/STM32F4xx_HAL_Driver/Src/stm32f4xx_hal.o
 .debug_rnglists
                0x000001fd       0xb5 ./Drivers/STM32F4xx_HAL_Driver/Src/stm32f4xx_hal_adc.o
 .debug_rnglists
                0x000002b2       0x71 ./Drivers/STM32F4xx_HAL_Driver/Src/stm32f4xx_hal_adc_ex.o
 .debug_rnglists
                0x00000323       0xd4 ./Drivers/STM32F4xx_HAL_Driver/Src/stm32f4xx_hal_cortex.o
 .debug_rnglists
                0x000003f7       0x70 ./Drivers/STM32F4xx_HAL_Driver/Src/stm32f4xx_hal_dma.o
 .debug_rnglists
                0x00000467       0x3f ./Drivers/STM32F4xx_HAL_Driver/Src/stm32f4xx_hal_gpio.o
 .debug_rnglists
                0x000004a6       0xfa ./Drivers/STM32F4xx_HAL_Driver/Src/stm32f4xx_hal_pcd.o
 .debug_rnglists
                0x000005a0       0x26 ./Drivers/STM32F4xx_HAL_Driver/Src/stm32f4xx_hal_pcd_ex.o
 .debug_rnglists
                0x000005c6       0x66 ./Drivers/STM32F4xx_HAL_Driver/Src/stm32f4xx_hal_rcc.o
 .debug_rnglists
                0x0000062c      0x31a ./Drivers/STM32F4xx_HAL_Driver/Src/stm32f4xx_hal_tim.o
 .debug_rnglists
                0x00000946      0x125 ./Drivers/STM32F4xx_HAL_Driver/Src/stm32f4xx_hal_tim_ex.o
 .debug_rnglists
                0x00000a6b      0x147 ./Drivers/STM32F4xx_HAL_Driver/Src/stm32f4xx_ll_usb.o
 .debug_rnglists
                0x00000bb2       0x6c ./Middlewares/ST/STM32_USB_Device_Library/Class/CDC/Src/usbd_cdc.o
 .debug_rnglists
                0x00000c1e       0xa1 ./Middlewares/ST/STM32_USB_Device_Library/Core/Src/usbd_core.o
 .debug_rnglists
                0x00000cbf       0x6e ./Middlewares/ST/STM32_USB_Device_Library/Core/Src/usbd_ctlreq.o
 .debug_rnglists
                0x00000d2d       0x37 ./Middlewares/ST/STM32_USB_Device_Library/Core/Src/usbd_ioreq.o
 .debug_rnglists
                0x00000d64       0x13 ./USB_DEVICE/App/usb_device.o
 .debug_rnglists
                0x00000d77       0x32 ./USB_DEVICE/App/usbd_cdc_if.o
 .debug_rnglists
                0x00000da9       0x43 ./USB_DEVICE/App/usbd_desc.o
 .debug_rnglists
                0x00000dec       0xc9 ./USB_DEVICE/Target/usbd_conf.o

.debug_macro    0x00000000    0x1db28
 .debug_macro   0x00000000      0x436 ./Core/Src/EventLoop.o
 .debug_macro   0x00000436      0xb8c ./Core/Src/EventLoop.o
 .debug_macro   0x00000fc2       0x1c ./Core/Src/EventLoop.o
 .debug_macro   0x00000fde       0x22 ./Core/Src/EventLoop.o
 .debug_macro   0x00001000       0x8e ./Core/Src/EventLoop.o
 .debug_macro   0x0000108e       0x51 ./Core/Src/EventLoop.o
 .debug_macro   0x000010df      0x103 ./Core/Src/EventLoop.o
 .debug_macro   0x000011e2       0x6a ./Core/Src/EventLoop.o
 .debug_macro   0x0000124c      0x1df ./Core/Src/EventLoop.o
 .debug_macro   0x0000142b       0x61 ./Core/Src/EventLoop.o
 .debug_macro   0x0000148c       0x2a ./Core/Src/EventLoop.o
 .debug_macro   0x000014b6       0x43 ./Core/Src/EventLoop.o
 .debug_macro   0x000014f9       0x34 ./Core/Src/EventLoop.o
 .debug_macro   0x0000152d       0x16 ./Core/Src/EventLoop.o
 .debug_macro   0x00001543       0x9e ./Core/Src/EventLoop.o
 .debug_macro   0x000015e1      0x38c ./Core/Src/EventLoop.o
 .debug_macro   0x0000196d      0x112 ./Core/Src/EventLoop.o
 .debug_macro   0x00001a7f       0x10 ./Core/Src/EventLoop.o
 .debug_macro   0x00001a8f       0x16 ./Core/Src/EventLoop.o
 .debug_macro   0x00001aa5       0x43 ./Core/Src/EventLoop.o
 .debug_macro   0x00001ae8       0x34 ./Core/Src/EventLoop.o
 .debug_macro   0x00001b1c       0x10 ./Core/Src/EventLoop.o
 .debug_macro   0x00001b2c       0x58 ./Core/Src/EventLoop.o
 .debug_macro   0x00001b84       0x8e ./Core/Src/EventLoop.o
 .debug_macro   0x00001c12       0x16 ./Core/Src/EventLoop.o
 .debug_macro   0x00001c28      0x177 ./Core/Src/EventLoop.o
 .debug_macro   0x00001d9f       0x16 ./Core/Src/EventLoop.o
 .debug_macro   0x00001db5       0x16 ./Core/Src/EventLoop.o
 .debug_macro   0x00001dcb      0x138 ./Core/Src/EventLoop.o
 .debug_macro   0x00001f03      0x2a1 ./Core/Src/EventLoop.o
 .debug_macro   0x000021a4       0x2e ./Core/Src/EventLoop.o
 .debug_macro   0x000021d2       0x28 ./Core/Src/EventLoop.o
 .debug_macro   0x000021fa       0x1c ./Core/Src/EventLoop.o
 .debug_macro   0x00002216       0x22 ./Core/Src/EventLoop.o
 .debug_macro   0x00002238       0xfb ./Core/Src/EventLoop.o
 .debug_macro   0x00002333     0x1011 ./Core/Src/EventLoop.o
 .debug_macro   0x00003344      0x11f ./Core/Src/EventLoop.o
 .debug_macro   0x00003463     0xb953 ./Core/Src/EventLoop.o
 .debug_macro   0x0000edb6       0x6d ./Core/Src/EventLoop.o
 .debug_macro   0x0000ee23     0x368c ./Core/Src/EventLoop.o
 .debug_macro   0x000124af       0x56 ./Core/Src/EventLoop.o
 .debug_macro   0x00012505      0x45c ./Core/Src/EventLoop.o
 .debug_macro   0x00012961      0x9e9 ./Core/Src/EventLoop.o
 .debug_macro   0x0001334a      0x115 ./Core/Src/EventLoop.o
 .debug_macro   0x0001345f      0x11b ./Core/Src/EventLoop.o
 .debug_macro   0x0001357a       0xa5 ./Core/Src/EventLoop.o
 .debug_macro   0x0001361f      0x15f ./Core/Src/EventLoop.o
 .debug_macro   0x0001377e      0x287 ./Core/Src/EventLoop.o
 .debug_macro   0x00013a05       0x5f ./Core/Src/EventLoop.o
 .debug_macro   0x00013a64      0x236 ./Core/Src/EventLoop.o
 .debug_macro   0x00013c9a      0x9e1 ./Core/Src/EventLoop.o
 .debug_macro   0x0001467b      0x38b ./Core/Src/EventLoop.o
 .debug_macro   0x00014a06      0x17d ./Core/Src/EventLoop.o
 .debug_macro   0x00014b83       0xf9 ./Core/Src/EventLoop.o
 .debug_macro   0x00014c7c      0x132 ./Core/Src/EventLoop.o
 .debug_macro   0x00014dae      0x264 ./Core/Src/EventLoop.o
 .debug_macro   0x00015012       0x2e ./Core/Src/EventLoop.o
 .debug_macro   0x00015040      0x127 ./Core/Src/EventLoop.o
 .debug_macro   0x00015167       0x85 ./Core/Src/EventLoop.o
 .debug_macro   0x000151ec       0x89 ./Core/Src/EventLoop.o
 .debug_macro   0x00015275      0x8ed ./Core/Src/EventLoop.o
 .debug_macro   0x00015b62       0x47 ./Core/Src/EventLoop.o
 .debug_macro   0x00015ba9      0x293 ./Core/Src/EventLoop.o
 .debug_macro   0x00015e3c       0xba ./Core/Src/EventLoop.o
 .debug_macro   0x00015ef6      0x126 ./Core/Src/EventLoop.o
 .debug_macro   0x0001601c       0x2e ./Core/Src/EventLoop.o
 .debug_macro   0x0001604a      0x1d6 ./Core/Src/EventLoop.o
 .debug_macro   0x00016220       0x10 ./Core/Src/EventLoop.o
 .debug_macro   0x00016230      0x417 ./Core/Src/EventLoop.o
 .debug_macro   0x00016647       0x10 ./Core/Src/EventLoop.o
 .debug_macro   0x00016657       0x16 ./Core/Src/EventLoop.o
 .debug_macro   0x0001666d       0x35 ./Core/Src/EventLoop.o
 .debug_macro   0x000166a2       0x16 ./Core/Src/EventLoop.o
 .debug_macro   0x000166b8       0x29 ./Core/Src/EventLoop.o
 .debug_macro   0x000166e1       0x1c ./Core/Src/EventLoop.o
 .debug_macro   0x000166fd       0xde ./Core/Src/EventLoop.o
 .debug_macro   0x000167db       0x16 ./Core/Src/EventLoop.o
 .debug_macro   0x000167f1       0x20 ./Core/Src/EventLoop.o
 .debug_macro   0x00016811       0x65 ./Core/Src/EventLoop.o
 .debug_macro   0x00016876      0x20f ./Core/Src/EventLoop.o
 .debug_macro   0x00016a85       0x95 ./Core/Src/EventLoop.o
 .debug_macro   0x00016b1a       0x10 ./Core/Src/EventLoop.o
 .debug_macro   0x00016b2a      0x229 ./Core/Src/adc.o
 .debug_macro   0x00016d53      0xab4 ./Core/Src/adc.o
 .debug_macro   0x00017807     0x1011 ./Core/Src/adc.o
 .debug_macro   0x00018818      0x189 ./Core/Src/adc.o
 .debug_macro   0x000189a1       0x5c ./Core/Src/adc.o
 .debug_macro   0x000189fd      0x229 ./Core/Src/dma.o
 .debug_macro   0x00018c26      0x229 ./Core/Src/gpio.o
 .debug_macro   0x00018e4f      0x3af ./Core/Src/main.o
 .debug_macro   0x000191fe       0x34 ./Core/Src/main.o
 .debug_macro   0x00019232       0x35 ./Core/Src/main.o
 .debug_macro   0x00019267      0x369 ./Core/Src/main.o
 .debug_macro   0x000195d0       0x43 ./Core/Src/main.o
 .debug_macro   0x00019613       0x1c ./Core/Src/main.o
 .debug_macro   0x0001962f      0x146 ./Core/Src/main.o
 .debug_macro   0x00019775      0x21f ./Core/Src/stm32f4xx_hal_msp.o
 .debug_macro   0x00019994      0x229 ./Core/Src/stm32f4xx_it.o
 .debug_macro   0x00019bbd      0x210 ./Core/Src/system_stm32f4xx.o
 .debug_macro   0x00019dcd      0x229 ./Core/Src/tim.o
 .debug_macro   0x00019ff6      0x270 ./Drivers/STM32F4xx_HAL_Driver/Src/stm32f4xx_hal.o
 .debug_macro   0x0001a266      0x211 ./Drivers/STM32F4xx_HAL_Driver/Src/stm32f4xx_hal_adc.o
 .debug_macro   0x0001a477      0x210 ./Drivers/STM32F4xx_HAL_Driver/Src/stm32f4xx_hal_adc_ex.o
 .debug_macro   0x0001a687      0x210 ./Drivers/STM32F4xx_HAL_Driver/Src/stm32f4xx_hal_cortex.o
 .debug_macro   0x0001a897      0x216 ./Drivers/STM32F4xx_HAL_Driver/Src/stm32f4xx_hal_dma.o
 .debug_macro   0x0001aaad      0x216 ./Drivers/STM32F4xx_HAL_Driver/Src/stm32f4xx_hal_gpio.o
 .debug_macro   0x0001acc3      0x21c ./Drivers/STM32F4xx_HAL_Driver/Src/stm32f4xx_hal_pcd.o
 .debug_macro   0x0001aedf      0x210 ./Drivers/STM32F4xx_HAL_Driver/Src/stm32f4xx_hal_pcd_ex.o
 .debug_macro   0x0001b0ef      0x234 ./Drivers/STM32F4xx_HAL_Driver/Src/stm32f4xx_hal_rcc.o
 .debug_macro   0x0001b323      0x211 ./Drivers/STM32F4xx_HAL_Driver/Src/stm32f4xx_hal_tim.o
 .debug_macro   0x0001b534      0x210 ./Drivers/STM32F4xx_HAL_Driver/Src/stm32f4xx_hal_tim_ex.o
 .debug_macro   0x0001b744      0x210 ./Drivers/STM32F4xx_HAL_Driver/Src/stm32f4xx_ll_usb.o
 .debug_macro   0x0001b954      0x3ae ./Middlewares/ST/STM32_USB_Device_Library/Class/CDC/Src/usbd_cdc.o
 .debug_macro   0x0001bd02       0x9e ./Middlewares/ST/STM32_USB_Device_Library/Class/CDC/Src/usbd_cdc.o
 .debug_macro   0x0001bda0      0x10b ./Middlewares/ST/STM32_USB_Device_Library/Class/CDC/Src/usbd_cdc.o
 .debug_macro   0x0001beab      0x395 ./Middlewares/ST/STM32_USB_Device_Library/Core/Src/usbd_core.o
 .debug_macro   0x0001c240      0x215 ./Middlewares/ST/STM32_USB_Device_Library/Core/Src/usbd_core.o
 .debug_macro   0x0001c455      0x39f ./Middlewares/ST/STM32_USB_Device_Library/Core/Src/usbd_ctlreq.o
 .debug_macro   0x0001c7f4      0x39b ./Middlewares/ST/STM32_USB_Device_Library/Core/Src/usbd_ioreq.o
 .debug_macro   0x0001cb8f      0x3ce ./USB_DEVICE/App/usb_device.o
 .debug_macro   0x0001cf5d       0x34 ./USB_DEVICE/App/usb_device.o
 .debug_macro   0x0001cf91       0x22 ./USB_DEVICE/App/usb_device.o
 .debug_macro   0x0001cfb3       0x16 ./USB_DEVICE/App/usb_device.o
 .debug_macro   0x0001cfc9      0x3b9 ./USB_DEVICE/App/usbd_cdc_if.o
 .debug_macro   0x0001d382      0x3d8 ./USB_DEVICE/App/usbd_desc.o
 .debug_macro   0x0001d75a       0x1c ./USB_DEVICE/App/usbd_desc.o
 .debug_macro   0x0001d776      0x3b2 ./USB_DEVICE/Target/usbd_conf.o

.debug_line     0x00000000    0x1ae7a
 .debug_line    0x00000000      0xdd9 ./Core/Src/EventLoop.o
 .debug_line    0x00000dd9      0x87d ./Core/Src/adc.o
 .debug_line    0x00001656      0x7c0 ./Core/Src/dma.o
 .debug_line    0x00001e16      0x7d0 ./Core/Src/gpio.o
 .debug_line    0x000025e6      0xa91 ./Core/Src/main.o
 .debug_line    0x00003077      0x7c4 ./Core/Src/stm32f4xx_hal_msp.o
 .debug_line    0x0000383b      0x8e7 ./Core/Src/stm32f4xx_it.o
 .debug_line    0x00004122      0x849 ./Core/Src/system_stm32f4xx.o
 .debug_line    0x0000496b      0x83f ./Core/Src/tim.o
 .debug_line    0x000051aa       0x7a ./Core/Startup/startup_stm32f411ceux.o
 .debug_line    0x00005224      0xab2 ./Drivers/STM32F4xx_HAL_Driver/Src/stm32f4xx_hal.o
 .debug_line    0x00005cd6     0x127a ./Drivers/STM32F4xx_HAL_Driver/Src/stm32f4xx_hal_adc.o
 .debug_line    0x00006f50      0xfae ./Drivers/STM32F4xx_HAL_Driver/Src/stm32f4xx_hal_adc_ex.o
 .debug_line    0x00007efe      0xd7a ./Drivers/STM32F4xx_HAL_Driver/Src/stm32f4xx_hal_cortex.o
 .debug_line    0x00008c78     0x1022 ./Drivers/STM32F4xx_HAL_Driver/Src/stm32f4xx_hal_dma.o
 .debug_line    0x00009c9a      0xc02 ./Drivers/STM32F4xx_HAL_Driver/Src/stm32f4xx_hal_gpio.o
 .debug_line    0x0000a89c     0x1598 ./Drivers/STM32F4xx_HAL_Driver/Src/stm32f4xx_hal_pcd.o
 .debug_line    0x0000be34      0x88f ./Drivers/STM32F4xx_HAL_Driver/Src/stm32f4xx_hal_pcd_ex.o
 .debug_line    0x0000c6c3      0xe23 ./Drivers/STM32F4xx_HAL_Driver/Src/stm32f4xx_hal_rcc.o
 .debug_line    0x0000d4e6     0x3630 ./Drivers/STM32F4xx_HAL_Driver/Src/stm32f4xx_hal_tim.o
 .debug_line    0x00010b16     0x1a43 ./Drivers/STM32F4xx_HAL_Driver/Src/stm32f4xx_hal_tim_ex.o
 .debug_line    0x00012559     0x1e25 ./Drivers/STM32F4xx_HAL_Driver/Src/stm32f4xx_ll_usb.o
 .debug_line    0x0001437e      0xf4a ./Middlewares/ST/STM32_USB_Device_Library/Class/CDC/Src/usbd_cdc.o
 .debug_line    0x000152c8      0xfc4 ./Middlewares/ST/STM32_USB_Device_Library/Core/Src/usbd_core.o
 .debug_line    0x0001628c     0x119d ./Middlewares/ST/STM32_USB_Device_Library/Core/Src/usbd_ctlreq.o
 .debug_line    0x00017429      0xade ./Middlewares/ST/STM32_USB_Device_Library/Core/Src/usbd_ioreq.o
 .debug_line    0x00017f07      0xa9a ./USB_DEVICE/App/usb_device.o
 .debug_line    0x000189a1      0xafd ./USB_DEVICE/App/usbd_cdc_if.o
 .debug_line    0x0001949e      0xb63 ./USB_DEVICE/App/usbd_desc.o
 .debug_line    0x0001a001      0xe79 ./USB_DEVICE/Target/usbd_conf.o

.debug_str      0x00000000    0x9df7f
 .debug_str     0x00000000    0x9882e ./Core/Src/EventLoop.o
                              0x98de0 (size before relaxing)
 .debug_str     0x0009882e      0x80a ./Core/Src/adc.o
                              0x92747 (size before relaxing)
 .debug_str     0x00099038       0x29 ./Core/Src/dma.o
                              0x921cd (size before relaxing)
 .debug_str     0x00099061       0x2c ./Core/Src/gpio.o
                              0x9225f (size before relaxing)
 .debug_str     0x0009908d      0x2e0 ./Core/Src/main.o
                              0x962c5 (size before relaxing)
 .debug_str     0x0009936d       0x2c ./Core/Src/stm32f4xx_hal_msp.o
                              0x91e08 (size before relaxing)
 .debug_str     0x00099399      0x4c8 ./Core/Src/stm32f4xx_it.o
                              0x925bd (size before relaxing)
 .debug_str     0x00099861       0xdb ./Core/Src/system_stm32f4xx.o
                              0x91e16 (size before relaxing)
 .debug_str     0x0009993c      0x18d ./Core/Src/tim.o
                              0x9252e (size before relaxing)
 .debug_str     0x00099ac9       0x44 ./Core/Startup/startup_stm32f411ceux.o
                                 0x67 (size before relaxing)
 .debug_str     0x00099b0d      0x5a9 ./Drivers/STM32F4xx_HAL_Driver/Src/stm32f4xx_hal.o
                              0x92842 (size before relaxing)
 .debug_str     0x0009a0b6      0x28f ./Drivers/STM32F4xx_HAL_Driver/Src/stm32f4xx_hal_adc.o
                              0x923f1 (size before relaxing)
 .debug_str     0x0009a345      0x2df ./Drivers/STM32F4xx_HAL_Driver/Src/stm32f4xx_hal_adc_ex.o
                              0x92445 (size before relaxing)
 .debug_str     0x0009a624      0x333 ./Drivers/STM32F4xx_HAL_Driver/Src/stm32f4xx_hal_cortex.o
                              0x9257a (size before relaxing)
 .debug_str     0x0009a957      0x2cf ./Drivers/STM32F4xx_HAL_Driver/Src/stm32f4xx_hal_dma.o
                              0x9221e (size before relaxing)
 .debug_str     0x0009ac26      0x124 ./Drivers/STM32F4xx_HAL_Driver/Src/stm32f4xx_hal_gpio.o
                              0x91f91 (size before relaxing)
 .debug_str     0x0009ad4a      0x831 ./Drivers/STM32F4xx_HAL_Driver/Src/stm32f4xx_hal_pcd.o
                              0x928e2 (size before relaxing)
 .debug_str     0x0009b57b      0x115 ./Drivers/STM32F4xx_HAL_Driver/Src/stm32f4xx_hal_pcd_ex.o
                              0x921d2 (size before relaxing)
 .debug_str     0x0009b690      0x214 ./Drivers/STM32F4xx_HAL_Driver/Src/stm32f4xx_hal_rcc.o
                              0x9224a (size before relaxing)
 .debug_str     0x0009b8a4      0xd7e ./Drivers/STM32F4xx_HAL_Driver/Src/stm32f4xx_hal_tim.o
                              0x9318e (size before relaxing)
 .debug_str     0x0009c622      0x493 ./Drivers/STM32F4xx_HAL_Driver/Src/stm32f4xx_hal_tim_ex.o
                              0x9299a (size before relaxing)
 .debug_str     0x0009cab5      0x4b9 ./Drivers/STM32F4xx_HAL_Driver/Src/stm32f4xx_ll_usb.o
                              0x927bd (size before relaxing)
 .debug_str     0x0009cf6e      0x6fe ./Middlewares/ST/STM32_USB_Device_Library/Class/CDC/Src/usbd_cdc.o
                              0x96e77 (size before relaxing)
 .debug_str     0x0009d66c      0x35c ./Middlewares/ST/STM32_USB_Device_Library/Core/Src/usbd_core.o
                              0x967d0 (size before relaxing)
 .debug_str     0x0009d9c8      0x139 ./Middlewares/ST/STM32_USB_Device_Library/Core/Src/usbd_ctlreq.o
                              0x965fb (size before relaxing)
 .debug_str     0x0009db01       0x51 ./Middlewares/ST/STM32_USB_Device_Library/Core/Src/usbd_ioreq.o
                              0x964d0 (size before relaxing)
 .debug_str     0x0009db52       0xc6 ./USB_DEVICE/App/usb_device.o
                              0x96883 (size before relaxing)
 .debug_str     0x0009dc18       0x91 ./USB_DEVICE/App/usbd_cdc_if.o
                              0x968c3 (size before relaxing)
 .debug_str     0x0009dca9      0x26e ./USB_DEVICE/App/usbd_desc.o
                              0x963d0 (size before relaxing)
 .debug_str     0x0009df17       0x68 ./USB_DEVICE/Target/usbd_conf.o
                              0x9757f (size before relaxing)

.comment        0x00000000       0x43
 .comment       0x00000000       0x43 ./Core/Src/EventLoop.o
                                 0x44 (size before relaxing)
 .comment       0x00000043       0x44 ./Core/Src/adc.o
 .comment       0x00000043       0x44 ./Core/Src/dma.o
 .comment       0x00000043       0x44 ./Core/Src/gpio.o
 .comment       0x00000043       0x44 ./Core/Src/main.o
 .comment       0x00000043       0x44 ./Core/Src/stm32f4xx_hal_msp.o
 .comment       0x00000043       0x44 ./Core/Src/stm32f4xx_it.o
 .comment       0x00000043       0x44 ./Core/Src/system_stm32f4xx.o
 .comment       0x00000043       0x44 ./Core/Src/tim.o
 .comment       0x00000043       0x44 ./Drivers/STM32F4xx_HAL_Driver/Src/stm32f4xx_hal.o
 .comment       0x00000043       0x44 ./Drivers/STM32F4xx_HAL_Driver/Src/stm32f4xx_hal_adc.o
 .comment       0x00000043       0x44 ./Drivers/STM32F4xx_HAL_Driver/Src/stm32f4xx_hal_adc_ex.o
 .comment       0x00000043       0x44 ./Drivers/STM32F4xx_HAL_Driver/Src/stm32f4xx_hal_cortex.o